-3A/-3ATFlrwaOk.xml
-34/-34cR7Rcc9s.xml
-3-/-3-splinter.xml
-3N/-3NwuQhUYHk.xml
-0K/-0KV316OaF0.xml
-0w/-0wIjI53Ews.xml
-2w/-2wxbs3LV7M.xml
-20/-203WBDtyK8.xml
-1z/-1zHuEbeOVE.xml
-1m/-1mm4rykqio.xml
--v/--vueWNrR8o.xml
--o/--o34Y5sNkY.xml
-4V/-4VFeYZTTYs.xml
-5n/-5nkk4mlND0.xml
-7T/-7TNY5u8XrY.xml
-7P/-7PFoE_0bwM.xml
-7y/-7yMDnXmcPk.xml
-7Q/-7QCC55beyE.xml
-Dv/-Dv-3QEJu7c.xml
-Dg/-Dgmy7fc6aY.xml
-Dq/-DqWNt7EoUc.xml
-Aj/-AjUV7aQ9Hw.xml
-AC/-AClcB4yRHo.xml
-Af/-AfeZAeak3A.xml
-Cl/-ClHvfHxC8s.xml
-EF/-EFe-RJ_vSI.xml
-Iw/-IwtBLeJ_TM.xml
-IZ/-IZ4InkaSPQ.xml
-Iv/-IvZTZCF5qc.xml
-Ib/-Ib86ZmUBOY.xml
-H0/-H01Ekvaejg.xml
-GW/-GWibdxurLY.xml
-GH/-GHwwAru5EA.xml
-Gu/-GufBEnV2AU.xml
-KG/-KGXSAYR9BQ.xml
-Mj/-MjIXok6ukA.xml
-Mv/-Mv0GpVkCRE.xml
-Ly/-Ly5GmjQb8g.xml
-Ov/-OvvUp2-NTE.xml
-OV/-OVFMLVSmOs.xml
-Pk/-PktJfr79tc.xml
-PH/-PHHCLh3fFg.xml
-YC/-YCeIgt7hMs.xml
-YA/-YAAQrbPekY.xml
-Yv/-YvHYt7kBuI.xml
-Y6/-Y6Em6YRYKc.xml
-Zt/-ZtZAxWFTAQ.xml
-ZR/-ZRUi_6gAH4.xml
-_Z/-_ZgNHRCvyM.xml
-_O/-_OHRe6pYhE.xml
-bl/-bl5ZrCjNuw.xml
-aM/-aMes2AzNO4.xml
-cp/-cpJEHAufwg.xml
-di/-dibu6yOfLQ.xml
-d4/-d46MYWYIDs.xml
-di/-did5vYLnUc.xml
-ew/-ewP2HwKst8.xml
-gf/-gfrOEPcKhI.xml
-iB/-iBHELAh6UY.xml
-i9/-i9DxihNmV8.xml
-hn/-hn81NqWeAc.xml
-lD/-lDooI3mzgo.xml
-mK/-mK_Lj4Fnfg.xml
-nO/-nOyUStGuwQ.xml
-nx/-nx7ZMtf-pU.xml
-pX/-pX8PbGQis8.xml
-rI/-rIqRU3QKak.xml
-sK/-sKq1MI2HfQ.xml
-sH/-sHYzZtyE7Q.xml
-tC/-tCSEyWCQoo.xml
-tj/-tjvCldqsSI.xml
-tD/-tDrnzuKrE8.xml
-xr/-xruoATMSO0.xml
-xu/-xu3JLXfuwQ.xml
-xN/-xNd36JKoVo.xml
-xJ/-xJicfGjmB4.xml
-yS/-yShl9jsjmg.xml
-yV/-yVq5P5VKwg.xml
01w/01w4mtM44d0.xml
02e/02exQVSmD24.xml
02w/02wX3pqgQo8.xml
02x/02xv_NVXBA0.xml
05O/05O1JMQ74Ao.xml
05j/05jC7XauHgo.xml
05m/05mGDjIanuE.xml
08Q/08Q1FtMDC5M.xml
09Y/09YtvkVo9kQ.xml
0Ao/0AouX-nWvv4.xml
0Ci/0CiyUOH-vuQ.xml
0Fr/0FrDDnBQsp0.xml
0G2/0G2DMes6AJ0.xml
0IN/0INcE_9ZGgw.xml
0JT/0JT5r16nDvw.xml
0Jb/0JbE4VAo6bQ.xml
0JC/0JCga56ZehQ.xml
0L_/0L_g_N520Xo.xml
0LX/0LXZLxKn79o.xml
0L8/0L8IDX8DM_g.xml
0LU/0LUrj_XyVjE.xml
0NJ/0NJ257V0axU.xml
0PK/0PKCnZ5aPGI.xml
0Pm/0Pmg3ebbQWk.xml
0So/0So9-yxSlzg.xml
0S2/0S20rFXCMR4.xml
0SE/0SELV_d21hA.xml
0UB/0UB4LRz5kLY.xml
0Tl/0TllYjOdkfU.xml
0TO/0TOKY_vqAzk.xml
0Tx/0TxQk-WsJCM.xml
0WQ/0WQWkRBW49s.xml
0WC/0WCc3TYj6T8.xml
0XF/0XFE0pvCKZw.xml
0XF/0XFx86PbAbM.xml
0XP/0XP24BaEm8Q.xml
0_3/0_3M1iz67Jc.xml
0aM/0aMCuC73g6s.xml
0bE/0bEpSwN6560.xml
0dG/0dG6k4eQcRo.xml
0dx/0dxzH63Z1xU.xml
0cT/0cTHICG2qfc.xml
0c9/0c9Az-it4FY.xml
0fN/0fNUQQBE8iE.xml
0f3/0f31tPGwZcY.xml
0fP/0fPNPDTFHsA.xml
0gx/0gxQ6RJFRBk.xml
0gs/0gsa16kHlbQ.xml
0gq/0gqRjnNBHXA.xml
0gy/0gyz-LIaNBI.xml
0h7/0h7ViinGkM0.xml
0iu/0iu0fbpEDOE.xml
0iu/0iuWMvQCkks.xml
0jf/0jfc7mUw0qw.xml
0kS/0kS8RTRi7HA.xml
0ke/0keQlcvI4Tc.xml
0kk/0kkTg6F3R1w.xml
0nz/0nzTvOD0mmI.xml
0nC/0nCeUBMissU.xml
0oz/0ozrkQtziio.xml
0pr/0prXkrS5pBg.xml
0pb/0pbQUz49bhU.xml
0p6/0p621ZvbBJ4.xml
0sD/0sDZwfEp6yY.xml
0t5/0t5oVFqn_Zg.xml
0x6/0x6mpDTlrhg.xml
0y2/0y2DPtgRsB8.xml
0yx/0yxfosMWLhM.xml
10z/10zGC_ZCCSI.xml
10P/10PrVC5jnsg.xml
11c/11c3uJGgtiw.xml
14f/14fjvxWFGqk.xml
14_/14_VFAseCAU.xml
14o/14obPihCPXM.xml
16b/16bHxQ_q5lw.xml
16P/16PzWi7BTEc.xml
17C/17CDwLnjLLg.xml
1Af/1AfshwtHU6U.xml
1B3/1B3e6yX0SoE.xml
1DR/1DRrKiPVy5s.xml
1Du/1DutBkqEYPQ.xml
1E9/1E9LSB5Dgtg.xml
1EW/1EWJEDqTPsE.xml
1EG/1EGyH9RS0vM.xml
1Gg/1Gg2ms1gsmc.xml
1Gg/1Gg9YMt3Jhw.xml
1G_/1G_d04Kx_zo.xml
1Hg/1HgiPr-wfkE.xml
1H1/1H1Pz8v5qiQ.xml
1In/1InpeBYub1o.xml
1Lt/1LtNoc0Krcw.xml
1JF/1JFrcZwdtxA.xml
1Mq/1Mq_jeDHEHs.xml
1MF/1MFBlGlkg40.xml
1Ny/1Ny5rrS3JP8.xml
1Nw/1Nw9mv2HNLY.xml
1NN/1NN9F1KxR10.xml
1ON/1ONS7Attmps.xml
1Od/1OdB3uBWvjM.xml
1OT/1OTcxLc5Pt4.xml
1Rv/1RvRrKDraXM.xml
1UK/1UKp2CVzJIE.xml
1Uz/1Uz2LIs20MA.xml
1Uo/1Uobl6-fONQ.xml
1WP/1WPOOCtQiaU.xml
1XY/1XYehzWQauI.xml
1Yn/1YnPnzlvaDw.xml
1_p/1_pF64ggMJk.xml
1_e/1_eqLoVt60U.xml
1aB/1aBaX9GPSaQ.xml
1bf/1bfyPNZn6F4.xml
1b0/1b0GThWaaZ4.xml
1b5/1b5wNYu-DmM.xml
1bs/1bsDdKOHTYU.xml
1cc/1cctliRuMw4.xml
1fo/1fokCVnnZU4.xml
1f6/1f6LVaJEpQs.xml
1gH/1gHfUeSlKcc.xml
1ig/1igunh7sB0M.xml
1hu/1huzu0QX4Uc.xml
1kR/1kRetQmVVdc.xml
1ln/1lnxF8-YXqA.xml
1mb/1mbTlojqho8.xml
1oP/1oPNqHj7Y3g.xml
1oT/1oTERnAU4w8.xml
1o4/1o4GGredwYM.xml
1om/1omPNEVOIaM.xml
1so/1soCYDrCqRs.xml
1tq/1tq7pc8Mvqk.xml
1ti/1ti9VaXEjlA.xml
1tX/1tX15b21KC0.xml
1uK/1uKKHHhU_Hk.xml
1ve/1veritasium.xml
1vD/1vDlwAGRKlY.xml
1ys/1ysFyKE9F90.xml
1y7/1y7kodTPaJU.xml
1xi/1xiMBh9cAPU.xml
1zm/1zmWAn-2pWI.xml
1zC/1zC_IRnfNZE.xml
21a/21aZ6eUUGMM.xml
23F/23F01R0Gk9M.xml
25P/25P5TLyDh1I.xml
25M/25MZ7LhOF2M.xml
26-/26-lWj9AUzU.xml
26r/26rVl8umVSs.xml
269/26965PlWNqU.xml
27O/27OrwjS9WLU.xml
28d/28dtmaY7QX4.xml
2EQ/2EQzISA701M.xml
2Ea/2EaxLNQi6cA.xml
2Fv/2FvC8TYGUxQ.xml
2G8/2G8IWstDT24.xml
2IL/2ILFJ28sQoU.xml
2IC/2ICM0dWVP9k.xml
2JX/2JXMtK-akJo.xml
2Kc/2KcEURh1CRQ.xml
2Kg/2KgJDvvQpz4.xml
2Lt/2Lt0Ad1916I.xml
2Nr/2NrOBCp1iso.xml
2OX/2OXpiYNVDy4.xml
2RZ/2RZu0XnlGTo.xml
2Rz/2RziDYxpSg8.xml
2Q4/2Q4HsB0UcjI.xml
2S7/2S7-Ex5WqsI.xml
2V-/2V-eQ1J8LQM.xml
2VK/2VKYYbwyWtQ.xml
2Vy/2VyB1C9jO-4.xml
2VY/2VY2Gsgka6M.xml
2Xv/2Xv9efBhDfg.xml
2XI/2XIruDGrXr8.xml
2Xg/2XgB11hPCjI.xml
2XV/2XVtO4eZOoE.xml
2YX/2YXFv53r2Jg.xml
2Ze/2ZeQkZiIaHY.xml
2ZF/2ZF23GFEji4.xml
2as/2asGZ-FNOu8.xml
2_I/2_IXD2jDbwM.xml
2bg/2bgJk0Dtj6c.xml
2b3/2b3mYhLCuUA.xml
2bP/2bPmCo4AJAQ.xml
2e2/2e2Y4CelgLo.xml
2eW/2eWwcZ_ZcoU.xml
2eP/2eP0EDHbvCU.xml
2iL/2iLEQQz02mk.xml
2iR/2iR64_bEBzk.xml
2i4/2i4_CKDBJc0.xml
2jR/2jRnJG9oguI.xml
2jJ/2jJzdE4DcPg.xml
2lK/2lKD8jhH_M4.xml
2lD/2lDrQKvkw7s.xml
2l_/2l_VZMRHw-g.xml
2mC/2mCQA4lLsBM.xml
2m_/2m_nXxNt6iQ.xml
2mO/2mO-tf0NRac.xml
2m-/2m-u2nI6wTY.xml
2qq/2qqojuj1zoU.xml
2qN/2qNt0i-PDjU.xml
2p7/2p7AHIhfyRM.xml
2p9/2p9UUVoQRrs.xml
2oZ/2oZpJYW-A0M.xml
2tv/2tv6aFNPfII.xml
2tJ/2tJjNVVwRCY.xml
2vn/2vnAu2xLOC8.xml
2xZ/2xZo9lMtvxg.xml
30U/30UiFesw8UM.xml
34G/34G3N2DSRg0.xml
36a/36a7UHJNCRs.xml
36w/36wXwquQ2hY.xml
36s/36sHoA2TVcI.xml
3BR/3BRcUHqqCfQ.xml
3DD/3DDFdp6R3Hs.xml
3D_/3D_w7Y2KpL4.xml
3GZ/3GZyEFqq-eY.xml
3I3/3I38s0lzJSU.xml
3IG/3IGh-p58Azk.xml
3P8/3P8M9j1ebMU.xml
3QP/3QPab73fEkk.xml
3RR/3RRWNkcAIyE.xml
3RS/3RS8hEkayJQ.xml
3Ux/3UxcoL2Fi94.xml
3UR/3URDrD1_gmw.xml
3Wn/3WnFxyQe62I.xml
3Wp/3Wpvem4WLqU.xml
3Zx/3ZxE16WCpbE.xml
3ZO/3ZODmocCUG0.xml
3ap/3apW7ztylBY.xml
3aT/3aTOmlYArSo.xml
3b8/3b8xrFS_k9g.xml
3cb/3cbRdjGSIlo.xml
3cM/3cMI8j_Mq0w.xml
3dD/3dDca7w79TA.xml
3fS/3fSkz2boMy8.xml
3hs/3hs_Hxdacsw.xml
3h_/3h_KGSCIYWs.xml
3h6/3h6uDmaAEbM.xml
3kt/3kttNEKO57Y.xml
3j7/3j7ZtHo0xRQ.xml
3lC/3lCG58Cfos4.xml
3lC/3lC7r9e-btg.xml
3od/3odAzxHqCnQ.xml
3rP/3rPxILUz7nk.xml
3rl/3rlTj6PkabI.xml
3sb/3sbjsOulrqA.xml
3sR/3sRytU7ufbA.xml
3sL/3sLCdv9jUJI.xml
3sa/3saSW3r1FD4.xml
3tD/3tD1lztmOBE.xml
3tC/3tCRUhSxTfQ.xml
3t2/3t2mshGEfnU.xml
3wB/3wBgH2KOz5U.xml
3wg/3wg5h6bXMFw.xml
3zy/3zyKff8VIYw.xml
3ys/3ysrrtj4Fmk.xml
3yp/3ypk6RGevKc.xml
40x/40xWgHWN1pA.xml
40R/40R86_YRCiE.xml
43l/43lShj-v0Pc.xml
43n/43nhUmzADFU.xml
42L/42LxB6EJKBY.xml
44A/44AJAlclfsA.xml
44q/44qBYMzRsWg.xml
46Z/46ZBQ6hoWyU.xml
47q/47qIjLu52GU.xml
47B/47BEIwo8I9c.xml
471/4715BbyIEtQ.xml
4AZ/4AZUqFPkAok.xml
4Aa/4AanjwAeGts.xml
4D5/4D5bpkRWnwA.xml
4DP/4DPPocQuLwg.xml
4DD/4DDgJ2Xadb4.xml
4DL/4DLCztmogAU.xml
4Cy/4Cys01eHGWI.xml
4EI/4EIl1qh9lqU.xml
4HF/4HF7KZtXyD8.xml
4HH/4HH4PJ24fDo.xml
4J9/4J9HNAY7-bQ.xml
4Mm/4MmSVnreV-s.xml
4MA/4MAGX7auEl0.xml
4Oe/4OekVNTlXJ8.xml
4On/4OnaeLyhxog.xml
4P3/4P3FdoGOPrY.xml
4P2/4P26vkL1OwI.xml
4RD/4RDYubmfgOg.xml
4RA/4RAlEkJozuY.xml
4Uc/4UcXfxYUKtQ.xml
4XG/4XG9M5Osy2o.xml
4X9/4X9MHVEk5GY.xml
4XP/4XP1VEhBIXo.xml
4XB/4XB49Hp3FzU.xml
4ZC/4ZCpZXwLCqo.xml
4Zh/4ZhNp2ii3Qk.xml
4Y3/4Y3oEIm2-Xw.xml
4Yo/4YoFPcr0sKc.xml
4ds/4dsFTEMVWeo.xml
4dm/4dmJYZFhPAM.xml
4dg/4dgTXR3TOmI.xml
4ej/4ejx3NzCKNM.xml
4hQ/4hQhWXBxdOM.xml
4hG/4hG465tatFU.xml
4lJ/4lJifOkMyHU.xml
4lp/4lpVc0kAfAM.xml
4mY/4mYvhJti748.xml
4pe/4peo-W7t-CM.xml
4pE/4pEz06mj2GQ.xml
4qG/4qGxFo40BWc.xml
4qt/4qt9yBsspdA.xml
4qu/4quWJD6gmRE.xml
4tn/4tn6oIVc-5o.xml
4vT/4vT-1frEFSs.xml
4ug/4ugRrnG9Wa0.xml
4u8/4u8Yi7z2F9M.xml
4yR/4yR8AZ8iXWE.xml
4z1/4z1iLHU6lxs.xml
4z0/4z0ih4mX-Jg.xml
5-w/5-wmXjUR0EM.xml
5-l/5-lZSh-qn9k.xml
50M/50ModATC3dw.xml
52M/52MxBjd3Jlc.xml
54m/54mYmmFer30.xml
54d/54d1ZcmZz4A.xml
56M/56MgqsHgVmc.xml
562/562AXc7sz3E.xml
56U/56UVnGDtu3s.xml
58O/58OeM5YAmE8.xml
58R/58R0r7LvKSs.xml
58s/58s_bp93trE.xml
5Aq/5Aq9u0S5q34.xml
5AO/5AOuPLiYtgU.xml
5AY/5AYcNt2Tzzg.xml
5Cw/5Cw3fNKIeag.xml
5Cd/5Cde88kn_Sc.xml
5Ds/5DsQjTY-eTw.xml
5HR/5HRUe4dfHB8.xml
5Hv/5Hv9FADp3rY.xml
5Im/5ImlOCSUBBY.xml
5MG/5MGjd4bdwYg.xml
5Mo/5Mo_iTkc0yc.xml
5N4/5N4bDzw0mhg.xml
5N_/5N_dcyV_ekg.xml
5OI/5OIl8gzLnlQ.xml
5Sk/5Skf1XESivQ.xml
5Si/5SiA-LfKdSU.xml
5Th/5ThN2UVK_sE.xml
5VN/5VNlL3R2dXs.xml
5Xy/5XyAXuI10c0.xml
5XR/5XRasGHzTZA.xml
5a9/5a9tw0tCD0g.xml
5as/5asb-nsUBKo.xml
5dA/5dAvctrKdWY.xml
5dw/5dwdjF2j9E4.xml
5dS/5dSEvaFhejE.xml
5eZ/5eZZTZPYoMQ.xml
5en/5enhf8eE8yk.xml
5gP/5gPGZ0zqJFk.xml
5hZ/5hZyrpBwz4w.xml
5hL/5hLz6LQJ7W8.xml
5iN/5iNqMpGTlhY.xml
5ki/5kicNfTEfiM.xml
5ld/5ld8hJTZ3Ww.xml
5lo/5lo4i49NlyM.xml
5mi/5miSPrsmNLs.xml
5mI/5mINwwp0dL8.xml
5qT/5qT7mMKdLdg.xml
5tF/5tFTAtGiNfo.xml
5uE/5uE-Jrwj1t0.xml
5uy/5uykxzk9rMM.xml
5ug/5ugDZJ_xt6E.xml
6-p/6-pQ1zx90aw.xml
6-p/6-peVAWcDpg.xml
60x/60xJiQCWqCs.xml
62H/62HBpf3Zonc.xml
62s/62s1S9bdbl8.xml
63Y/63YLk70DTEA.xml
63z/63zi14isUkY.xml
63E/63EX7a2anCU.xml
64c/64cjbf95MIQ.xml
64b/64bZTCXRrYU.xml
64b/64bLlBIx2BE.xml
67b/67bmmYGY304.xml
68J/68JUcjiJX4g.xml
68X/68XP29hivmY.xml
68L/68Lve169iiQ.xml
68D/68D3MDnjdHo.xml
6Ah/6AhOrArxmLM.xml
6A9/6A9rZyjx6sQ.xml
6BE/6BEsEVj7xKQ.xml
6Bw/6Bw2ZHDbAoY.xml
6E3/6E3tkNlW6gs.xml
6Eb/6EbqoQxJ0b4.xml
6E_/6E_zD_sIoFc.xml
6FT/6FT6lz3uroE.xml
6Hi/6HiAtXU1yjA.xml
6Hu/6Hul5MLrO3c.xml
6NO/6NOneS8pPjY.xml
6QW/6QWPVnJMQjg.xml
6Q3/6Q38FobdXzA.xml
6U8/6U87vmEyntQ.xml
6W1/6W1lMPNJjZw.xml
6W5/6W50Dih_gvs.xml
6Yq/6Yq6v3eF7bE.xml
6_c/6_ctBpJDipQ.xml
6bB/6bB1XyNqcbU.xml
6d5/6d5IRfhE3NQ.xml
6eQ/6eQI-UgKkv0.xml
6e1/6e1_9ak1koo.xml
6fo/6fowUS24J08.xml
6gJ/6gJTbEFc9lI.xml
6g6/6g6u518u4ls.xml
6iI/6iIhSp-kPmM.xml
6jy/6jy2kHRrb6s.xml
6jm/6jm6VUxmOMQ.xml
6or/6or-VQuC08I.xml
6oO/6oO1tyq39Jo.xml
6rS/6rSTOALvE6Q.xml
6rT/6rT0frXskQI.xml
6t6/6t6NyG2rFRM.xml
6tT/6tTrxzpS6xY.xml
6uz/6uzBHhPEWpE.xml
6ud/6udxqdd82ks.xml
6vU/6vUVWsobTWA.xml
6vY/6vYa1ncvJIY.xml
6wC/6wCrdINidls.xml
6yw/6yw_l3Ci_Q0.xml
6yC/6yCHfBoBMR8.xml
7-3/7-3HDT1O7k0.xml
7-K/7-KU2EDJ2Lk.xml
7-e/7-egkE_yYXw.xml
717/717DSa2lIDs.xml
72C/72Cdg1CD8VE.xml
73f/73fNfa6Ni58.xml
732/732-DQXKuoo.xml
76-/76-8KsxHM2M.xml
78U/78UvM9_XWBk.xml
7BF/7BFomA0Y9fc.xml
7Cx/7Cx3zg8nzZ0.xml
7Ck/7CkOwmj0CCo.xml
7D4/7D4yQPQfFQM.xml
7GH/7GHxnk6YV5w.xml
7Gb/7GbQ9-MHp_U.xml
7G7/7G7gRdDDWgk.xml
7Hd/7HdQUGd9ZOQ.xml
7HZ/7HZjyymLDA4.xml
7JV/7JVuIEc0gy0.xml
7Je/7JejCGOtkjI.xml
7J3/7J3brPkQrks.xml
7JA/7JAIzoCBx8M.xml
7JK/7JK5wGTaKcU.xml
7ND/7NDdVvK5EHI.xml
7NG/7NGIjWn2lcU.xml
7N5/7N5OhNplEd4.xml
7Pr/7PrHgOQXZ4A.xml
7PQ/7PQ4YAL2g3I.xml
7S3/7S3Aj0VI8mg.xml
7Tw/7TwpfEd_uzA.xml
7T5/7T5FbO-MDSI.xml
7VQ/7VQfjDmTK4o.xml
7Wr/7Wrp1qOgFP8.xml
7Wu/7WuJ9r0Q7jo.xml
7YZ/7YZ69HWcGnc.xml
7YP/7YPbZ4VMssw.xml
7Ye/7YeyAcT6d2w.xml
7_u/7_uwECFoFGg.xml
7_x/7_x4D6GotUo.xml
7_P/7_P91Y19K4w.xml
7ar/7arMtue4-iA.xml
7a2/7a2ziAIlydA.xml
7ew/7ewCxmul6SU.xml
7ew/7eweRD0KsbI.xml
7gv/7gv4OW69aJo.xml
7gM/7gMe9eKwqew.xml
7h7/7h7pQOdNMyw.xml
7hE/7hE7FE71kLw.xml
7hH/7hHhELPERm4.xml
7kx/7kxHkQo9sdM.xml
7kP/7kPoqwj6UT8.xml
7m9/7m9-piWRDSk.xml
7nD/7nDeySrF1V8.xml
7og/7ogOnUIP4t0.xml
7pp/7ppyPl1m8aA.xml
7ps/7psDbm0u74c.xml
7ri/7riEbMSfscc.xml
7sc/7sc30LUGuHc.xml
7sI/7sIsZ4wimO4.xml
7sF/7sFn0LYaBDQ.xml
7tR/7tRh3GYpW2g.xml
7u9/7u9ZC2hHFqY.xml
7uu/7uuUAPGntyU.xml
7wO/7wO7KcZ287g.xml
7yS/7ySmXruUfz0.xml
7ye/7yeSGScSN28.xml
7zF/7zFtZpCP7oQ.xml
80A/80AyRkVCoVA.xml
80R/80RoqG5vtzs.xml
83z/83zjxxVzje0.xml
83x/83x4UaM4jOY.xml
83q/83qDTS-95uU.xml
86_/86_3Hu5OXq4.xml
86b/86bdv_MEBD4.xml
87T/87TNmFk-KeE.xml
88p/88p62C7JAJU.xml
89_/89_7zrhme8w.xml
8Bl/8BlvKzdAAP8.xml
8Co/8CoEKlPG-eQ.xml
8FA/8FALySCGqMU.xml
8Hr/8Hr5XvyH8QM.xml
8H-/8H-LESI53H8.xml
8IE/8IEh0BP5jGY.xml
8Nu/8NuJ-Dfr3SQ.xml
8N_/8N_z0rLvDz0.xml
8QN/8QNT06S2KdE.xml
8Rn/8RnIgr4mTLo.xml
8XX/8XX_vxE3Q-k.xml
8_w/8_wLKuqwsG0.xml
8_T/8_TaIcWS3Bk.xml
8eK/8eKD2uWTAa0.xml
8ek/8eknDBxKV7k.xml
8eg/8egYr9vMzGk.xml
8gB/8gB9pTwuSmw.xml
8gx/8gxfKK-D7Co.xml
8g5/8g5-IC7QrNI.xml
8ht/8htc1CTx7K0.xml
8hI/8hIXWvxn3W0.xml
8jT/8jTeQAiQXGc.xml
8jn/8jnXtF-sKiU.xml
8lh/8lh_zFYQ2QY.xml
8lr/8lrdnBcerqM.xml
8nb/8nbvoQCmDY0.xml
8rI/8rICCV8gUDk.xml
8r5/8r5dZUZP-Kc.xml
8rs/8rsl1ACCY8E.xml
8rf/8rfe35AkjVQ.xml
8uz/8uzKx0J5t-4.xml
8wQ/8wQDq_Dnw7s.xml
8yI/8yInzxAWzDg.xml
8zB/8zB_2xgJL3g.xml
8zP/8zPzQZpu6fc.xml
9-8/9-8DQDxgmcc.xml
9-L/9-LgalAfJq0.xml
90Q/90QItZ0H5AY.xml
92E/92Eb7byFd90.xml
92l/92l6DFlQVcA.xml
92w/92wJ38Ht2VA.xml
92G/92GGrZgW-KQ.xml
95I/95IODJMqfG0.xml
98d/98dG2dGqs6E.xml
9A9/9A9P21lv9so.xml
9AJ/9AJL93DRSl4.xml
9Aw/9Aw5qFQzvW0.xml
9BU/9BUJT50pA1s.xml
9DK/9DKIyt5kSfc.xml
9DU/9DUAoVog_CU.xml
9DK/9DKXJu4U7nc.xml
9DO/9DOyg2mjDaY.xml
9FL/9FLsgMQ44PI.xml
9Fb/9FbPYuUOq0k.xml
9FN/9FNPDNPIVs4.xml
9HA/9HACvPOSfLg.xml
9HY/9HYefA6RRlA.xml
9HO/9HOM8Nv_X_Q.xml
9IK/9IKVWLqNcrY.xml
9II/9IILDqKgtfM.xml
9Jt/9JtWBV9sCoA.xml
9Jl/9Jl7UQGWc9s.xml
9JD/9JDBG0bs2Vo.xml
9J9/9J9X9VvYQXU.xml
9LQ/9LQgaxuoDI4.xml
9M_/9M_flXGr1dw.xml
9MZ/9MZbu2jAlos.xml
9PM/9PMJMoCtYlo.xml
9Pb/9PbcPuVbccs.xml
9PC/9PCg_mJvve4.xml
9Qj/9QjtFXGxf34.xml
9Tz/9Tz7JkkSzzg.xml
9V1/9V1OUK-zBwU.xml
9VT/9VTv7r4-4EI.xml
9Xk/9XktMvaQbT8.xml
9_X/9_XIxUSJJVM.xml
9bC/9bCeCcwSimY.xml
9eZ/9eZCZsCsp0Q.xml
9et/9etTh1jONqY.xml
9h9/9h9bfPsdZWE.xml
9iw/9iwLoawibAc.xml
9jL/9jLSsAuibuQ.xml
9oX/9oX7-TGFkik.xml
9oF/9oFmbr06b5Q.xml
9qX/9qXew1CP-bw.xml
9qa/9qasRBxjegk.xml
9s6/9s6eXiCT3Y8.xml
9tv/9tvniu5Rmlw.xml
9vD/9vDCGWCMeBA.xml
9vi/9viWK7l51AA.xml
9xa/9xalPUKLZ74.xml
9x8/9x8C5Bb1Ohw.xml
9yJ/9yJzNQI3IIc.xml
9yA/9yA-V0FlLlQ.xml
9zu/9zunu8EztnE.xml
A-M/A-MyXz6KnYA.xml
A-N/A-NAxqlo6sQ.xml
A22/A22mdNW4Kwo.xml
A2E/A2Eh0N_7VU4.xml
A2K/A2KMRKi_kdM.xml
A3O/A3Od2RnAy-0.xml
A3d/A3d6i2oa6NE.xml
A3B/A3B1FDIYkLk.xml
A7d/A7dzk_vv6xU.xml
A7Y/A7YEfHxPsew.xml
AAH/AAHrDXatc_o.xml
AAx/AAxvDYJZxKw.xml
ABm/ABm_rMU7RyY.xml
ABz/ABzfKzB3WMg.xml
AB2/AB2yKdlDJLk.xml
ABo/ABoV9-BeC2E.xml
AEE/AEEyIIa2Kdg.xml
AGv/AGvK8mTnnEI.xml
AG-/AG-4Tv--PaQ.xml
AGk/AGkzr7Tyfs8.xml
AJE/AJELVtvrobA.xml
AJi/AJirNW2Y2Jg.xml
AMj/AMj4RHIPThY.xml
AOL/AOLOm7pGM7s.xml
AQZ/AQZp9G9eVhE.xml
AQW/AQWceE9tlxg.xml
AQJ/AQJVkL3AO1A.xml
ASS/ASS9zfp-jkg.xml
ASx/ASxxXzwsc5s.xml
AVQ/AVQtFRxAr-w.xml
AWV/AWVHmWuSsCc.xml
AZy/AZyBlqCphNo.xml
AZD/AZD5TgW0Rbw.xml
A_b/A_btoU4RSCs.xml
Aau/AauK4XmCyH4.xml
AbG/AbGo3EwMv2g.xml
AbI/AbIT2Wb14c8.xml
AbG/AbGb0DiQbQc.xml
AdM/AdMhP_KC8WE.xml
Adx/Adx2UQnFVYc.xml
Adr/AdrgnD7rScc.xml
Add/Add7M0Exfuw.xml
AeI/AeIIpvcxvvI.xml
Ae8/Ae8Y4-i8r0Q.xml
AeC/AeCeHlmK1cQ.xml
Ahx/AhxDo8B546Q.xml
AiC/AiCE36hUUBs.xml
Ajr/AjrO0UBq4U8.xml
Anl/Anl8JJ0bydo.xml
Any/AnycbMWfMXw.xml
Amr/Amr8Fytxdl4.xml
App/ApprenticeF.xml
AtV/AtVB-LDQYpo.xml
AtE/AtEzwtMrOLk.xml
Avx/Avx0AmiMf7c.xml
AvH/AvH3g6MFXIM.xml
Avh/AvhssVIRYtU.xml
Aw-/Aw-zWZwkWBI.xml
Awj/AwjrHmqY9Y0.xml
Awb/AwbmTZB47kU.xml
B1M/B1Mua41rpnw.xml
B16/B16Bo47KS2g.xml
B2l/B2lJ0ArQWbI.xml
B2K/B2KxeXjHKh4.xml
B2B/B2BKJUV6O2c.xml
B4a/B4a__tcfFug.xml
B6v/B6vFMKnUmAQ.xml
B6C/B6C-4mnLd6I.xml
B7y/B7y6ChqCPAU.xml
B9Y/B9YLQKumMKI.xml
BAR/BAR-5Y9VF-Y.xml
BAM/BAMACHICK11.xml
BAP/BAPYsIXp5xA.xml
BAX/BAXgrZj3kdA.xml
BDq/BDqR43ga3dY.xml
BDi/BDiIQqwSPXA.xml
BDh/BDhtqIMh7Jc.xml
BEy/BEyq0PZT7vU.xml
BER/BERsBPdOYTk.xml
BHq/BHqxPF9lGhs.xml
BHY/BHYixwmNF20.xml
BIO/BIOwWfPLYlw.xml
BIa/BIaIH9wqzs0.xml
BIX/BIXoKtadaGA.xml
BIH/BIHWQbxECXk.xml
BJ3/BJ31n6v4qpk.xml
BJN/BJNpzrboMNE.xml
BK2/BK2Np3hSpb0.xml
BM4/BM4K7if4DyI.xml
BNJ/BNJqF9MdT5E.xml
BNu/BNu_bDmHwp4.xml
BQZ/BQZv4GtrM_I.xml
BUO/BUO5ri22yxI.xml
BUv/BUvVVQzDFAQ.xml
BUX/BUXkaVZ4qPs.xml
BXi/BXibia2DqHc.xml
Ba6/Ba6gmwRcapo.xml
BbQ/BbQ8hNno8sU.xml
Bbg/BbgQlIw3ocg.xml
Bb0/Bb05ad9X2Q8.xml
Bba/Bbap5F-Y4pQ.xml
BbX/BbXeX2GlvfE.xml
BhI/BhIYEATlNdQ.xml
BkM/BkMZhCnI7FU.xml
Bnk/BnkemO_chgc.xml
Bqk/BqkO_sIzJlI.xml
Bro/BrooklynAnd.xml
Brx/BrxtkQzPuFQ.xml
BrC/BrCsaIso-do.xml
Byz/ByzQR1y2G58.xml
Byc/Bycq36wjwE4.xml
Byn/BynJlhxOKbI.xml
BzQ/BzQSN3WtoMk.xml
Bzj/BzjpiqOtylE.xml
C0c/C0cp2XxxU9c.xml
C4O/C4OwxI8QVTU.xml
C7z/C7zVpDA_93k.xml
C9O/C9OWGcz9xJs.xml
C9C/C9CSYIWH37s.xml
CD2/CD2LRROpph0.xml
CDF/CDFFsCPNdbA.xml
CG9/CG9kwtD3bGs.xml
CLD/CLDvv7S5qMA.xml
CLs/CLs2OR62m00.xml
CPU/CPUdizdvyxM.xml
CPf/CPfzmNh_RyM.xml
CQy/CQyOhb2QdhE.xml
CRa/CRaS1DWx_2E.xml
CRz/CRz-Pr3SnQY.xml
Cei/CeiMCWSTpN4.xml
CeL/CeLthDyDm_o.xml
Cgh/CghscqnkKiQ.xml
Cg7/Cg7oCgN3J0Q.xml
Cg_/Cg_j-e003cA.xml
Ch6/Ch6Bb9lhHbw.xml
Cnv/CnvnI-GFM0A.xml
Cnh/CnhIBWTjtEw.xml
Cnn/CnnBuzzFeed.xml
Crq/Crqlo2LVyxU.xml
Ct2/Ct2_wHE8DV0.xml
Ctb/Ctb6v-HKhKQ.xml
CyR/CyRsXwaVk9I.xml
Cyz/CyzpR09CsIU.xml
Czj/CzjeOSr70QA.xml
D-x/D-xd9cuUVtQ.xml
D-5/D-59Gqn291k.xml
D2z/D2zHA7lzMd0.xml
D4e/D4eeVuapHmU.xml
D8d/D8diTaa1lfE.xml
D8Y/D8YbqA2BSbw.xml
DBD/DBDAbdtt8xY.xml
DCB/DCB93iTzJgU.xml
DGC/DGC4XXzCqY0.xml
DGt/DGtlYeo_z80.xml
DE1/DE1Bj_dPiW0.xml
DEx/DExEKJE5WC8.xml
DHp/DHpDS-9GGy4.xml
DLE/DLEE2UL_N7Q.xml
DLi/DLiFGFVcaHk.xml
DQ6/DQ6fhZuD9Xg.xml
DPK/DPKxo9CMaf0.xml
DPs/DPsIOP6k-f4.xml
DRY/DRYkUgE0ddg.xml
DRH/DRH5UP-rNuE.xml
DXX/DXXgqWjQ4LY.xml
DYU/DYUOpfdVlvs.xml
DZW/DZW7jQkMjKU.xml
DZL/DZLNTmoYpC8.xml
DZ2/DZ2HXcOtgNM.xml
DWf/DWfbnPhm1GA.xml
Dat/DatmSIDKMnY.xml
DcR/DcRG4WvSis0.xml
De6/De6RT-N0C90.xml
Deb/DebjB6gKHv4.xml
DfK/DfKPulx0RkI.xml
DfY/DfYHzQ0S2zE.xml
Ddv/Ddv3Z0tJlxE.xml
Dhc/DhcvSkJ_Ev8.xml
DhU/DhUjHSKB8Ug.xml
Dh_/Dh_0p6Q_ors.xml
Dhw/DhwQYGWLYSI.xml
Dh2/Dh27k6fi56U.xml
DgS/DgSpSkO8Png.xml
Dir/Dir-Mx4vtzA.xml
Dj3/Dj3vOrAw9jc.xml
Dnh/DnhGrvq7FSY.xml
Dpk/DpkAbRgWD4Y.xml
Dpv/Dpvp8hpMfeE.xml
Dqk/Dqksf1eLQtg.xml
DqX/DqXjVUZD9cY.xml
Dqv/Dqv4QNIffFM.xml
Dor/Dor96YnM_qo.xml
Dos/Dos78RpJOGo.xml
Drh/DrhYIiRs6O0.xml
Drq/DrqA0whcGos.xml
Dt9/Dt9jLqNdDgo.xml
DtJ/DtJDaelgjvc.xml
DuM/DuMa6VZyyHo.xml
DxD/DxDaebg45Ig.xml
Dx5/Dx5jBjuKX_A.xml
Dzx/DzxM4E5l_sc.xml
DzO/DzOqxB__sUw.xml
E26/E26OERKbtlU.xml
E33/E33ZmFMRMv0.xml
E7W/E7WNZn7czoA.xml
E79/E79GlRjcrmo.xml
E7s/E7skoOMpa18.xml
E7P/E7P2WKMWx3c.xml
E7U/E7ULGCGxKoE.xml
EBd/EBdQ6Jb5C7s.xml
EC6/EC6yAsPQo-g.xml
EAs/EAsowyQC7nQ.xml
EDK/EDKay0ZX-4E.xml
EDu/EDu3Z7eFNVU.xml
EH4/EH4ki959afY.xml
EHu/EHuBFPfsaHc.xml
EJP/EJPf4-Oz4Z0.xml
EJd/EJdhFtwb-x8.xml
EKM/EKMzbj9waVk.xml
ELM/ELMfJUUoIy8.xml
EMN/EMNJ9gF9oyY.xml
EMW/EMWmD5gMrxo.xml
ENu/ENumG6FwHcc.xml
ENu/ENumG6FwHcc.xml
EOO/EOOE1EqyORU.xml
EQW/EQWorSQdBUo.xml
EUl/EUlQ-V0pj6Q.xml
EWp/EWpdFWyOsqw.xml
EVf/EVf_H9W5aAc.xml
E_o/E_olu0fc-jo.xml
E_U/E_U_GvOM5z4.xml
E_m/E_mId1IojKQ.xml
E_m/E_mpErg9HXs.xml
EZI/EZI5yjXhxok.xml
EaQ/EaQC4nNUwwc.xml
Eaj/EajDTcYYqSo.xml
Ear/EarOUsMIQZ8.xml
Ea4/Ea4RLgvU_Fs.xml
EdY/EdYj8h_iz9M.xml
EdP/EdPLptonAfk.xml
EdF/EdFfmR8kdlU.xml
EfD/EfDd9k3naOc.xml
Efh/Efh0mk-IVkY.xml
Ecw/EcwmjksEfX4.xml
Ehm/EhmPKbLOrmI.xml
Eem/EemyNFW-AxA.xml
Eny/EnyjejpTe-M.xml
Eqp/Eqp1rki7FWc.xml
Epi/EpicMealTim.xml
EoI/EoILLjWkIFk.xml
EtE/EtEGIUFyWTc.xml
Et6/Et6OFFd5tiY.xml
Eqp/Eqp1rki7FWc.xml
Eri/EriDjqaAIn4.xml
Erz/ErzAzcuHJW8.xml
ErU/ErU5hKT2KMs.xml
Er9/Er9qtKQU66k.xml
Esi/Esi2QKCHmvU.xml
Ew-/Ew-Ms7MRHLs.xml
Eua/Euas5wlMCko.xml
Evr/EvrZ9m0waJY.xml
EvT/EvTZmX8So0M.xml
F10/F10E8BRruOU.xml
F3n/F3nL0M6vJbU.xml
F33/F33EfGy_wWU.xml
F4g/F4gYSMhIhjE.xml
F4Z/F4ZxEViEnuA.xml
F7P/F7PKLhTwwgw.xml
F72/F72aZbzCdDQ.xml
F6B/F6Bsqu8dT2k.xml
F97/F97USgVjERA.xml
FAl/FAlZyajmcIM.xml
FCw/FCwQ2qTUqKQ.xml
FGq/FGqKahtvDtE.xml
FO4/FO4oFL7pXzE.xml
FO0/FO0kwKD7ZEk.xml
FL2/FL2iZwfRk_Y.xml
FNC/FNCWn5qRuyc.xml
FNW/FNW8YgA1fe8.xml
FNu/FNuB-QzIDFU.xml
FPk/FPkLZfD-SeM.xml
FSK/FSKA5hP9cC0.xml
FSm/FSmT2Wtj8MU.xml
FR9/FR91p97Mj9Y.xml
FRz/FRzO4HlPUUw.xml
FT1/FT1wwA-bmWc.xml
FTN/FTNBdgv6VBs.xml
FTo/FToIWFj4mS0.xml
FXr/FXrnuAOoM6A.xml
FX2/FX2qSSiF7Ro.xml
FVc/FVcecQOWYSo.xml
FVA/FVAKg6mdTkk.xml
FYR/FYRUvljIfcA.xml
Fbl/Fblz-plHNfM.xml
FbB/FbBegwdNm9o.xml
FZL/FZLwVu1lgaM.xml
FZ6/FZ6TZsbmlfM.xml
FdW/FdWXMD4rOGQ.xml
FdR/FdRdhK3venY.xml
Fcx/Fcxgv1dA57o.xml
FeG/FeGcMAtW7_s.xml
Ffg/FfgPftBVlBo.xml
FgQ/FgQZLMG7MEM.xml
Fg1/Fg1nwVRpgDc.xml
Fgf/FgfHYbO2Z3c.xml
Fih/FihMYwoRzcM.xml
Fiw/FiwqzE_sS4w.xml
Fiw/FiwAbOzOjPY.xml
FlZ/FlZcuVtAKYg.xml
Fmj/FmjkFKwVYXk.xml
FmX/FmXKBZWewzo.xml
Fn9/Fn9MJB5GYCQ.xml
Fn0/Fn0wloX-SoY.xml
FoR/FoRrLnyuUWs.xml
Foq/Foq5JtK0RgM.xml
Fo7/Fo7qYi_p4R8.xml
Fp8/Fp8bZ6UutXg.xml
FW_/FW_qQ1-pS1A.xml
FrT/FrTu3ZHOfuc.xml
Fr4/Fr41siNsh20.xml
Ft1/Ft1o-mvIMXs.xml
Fvu/FvuS724SQSE.xml
Fw-/Fw-SU2yrgRc.xml
Fus/FusZALvwGzE.xml
FuW/FuWENXcR0QQ.xml
FyS/FySeRxADI0U.xml
Fz1/Fz1AFKtaFls.xml
G1Q/G1QNzgROgw4.xml
G07/G07gloR2YMs.xml
G0x/G0xSqOoyufo.xml
G4f/G4f7s0dOSTg.xml
G4e/G4eiNCtH4-Y.xml
G6-/G6-xZj1m7AI.xml
G6f/G6fscRMb3pQ.xml
G5c/G5ccHM_8QPQ.xml
G7c/G7cf9OTpf1M.xml
G95/G95VWuj7B1w.xml
G9c/G9c4zjGH0IE.xml
GBT/GBTZHv3sJHM.xml
GAv/GAv_zjpVKsA.xml
GEw/GEwt2gZGl9E.xml
GGU/GGU26s2RXeY.xml
GGk/GGkk1qFCP-E.xml
GIb/GIbF65PuXsc.xml
GIw/GIw7ZG9Jrs8.xml
GJy/GJy67eJopn8.xml
GKz/GKzdDXsRVrw.xml
GKJ/GKJsBoLIXvM.xml
GHp/GHpv2TuwGdQ.xml
GLn/GLnS9_U0A64.xml
GMH/GMHSzfwxQoc.xml
GO4/GO4gUShaGU4.xml
GOa/GOahV_8pBhs.xml
GOb/GOb0jTrW_4E.xml
GO1/GO169Wu1DlU.xml
GRk/GRkfouu8iEw.xml
GT1/GT1oCrqfmC8.xml
GTq/GTq64mw-Wb4.xml
GUS/GUSH4eHgWKs.xml
GUS/GUSdIpTqels.xml
GSp/GSp6SiF1-Z4.xml
GYD/GYDRTQaqm3Q.xml
GYp/GYp9QZtdhqQ.xml
GWV/GWVKkw_pGD4.xml
GVa/GVaB7S2pDaM.xml
GaL/GaLJD7MK5gw.xml
Ga4/Ga4Fl8JxCbs.xml
Gac/GacuMPzrSOU.xml
GbU/GbUA06jdb7g.xml
G_S/G_SIEBpUEAo.xml
G_V/G_V3OUTzslY.xml
Gfg/Gfg8NmhKcXA.xml
Gg7/Gg7mbZ3pAqk.xml
Gi3/Gi3J9bTVDwE.xml
GmH/GmHiwN9pPek.xml
Gli/GliTdlQAmV0.xml
GlX/GlXxoG98urc.xml
GlV/GlV2j58rPMQ.xml
Gnu/GnuIHgGx40o.xml
Gn2/Gn2DRny9w4g.xml
GnQ/GnQkwYScQMA.xml
GnJ/GnJWPhTmrAI.xml
GlV/GlV2j58rPMQ.xml
Gli/GliTdlQAmV0.xml
GlX/GlXxoG98urc.xml
Gp4/Gp4pUxuTlkg.xml
Gre/GregoryGorg.xml
GrW/GrW1r6PArNY.xml
GsS/GsSXMT0NrB4.xml
Gst/GstRaXpO90M.xml
Gtk/Gtk5Ur7oKkA.xml
GvX/GvXsRmQC_z8.xml
Guq/GuqIeowb9To.xml
Gu8/Gu8KcLiqruc.xml
Gwu/Gwuvdi-ODZ8.xml
Gwn/GwnJoHlLZ1Q.xml
Gzz/Gzz_e04o4eA.xml
Gz4/Gz4tWPUl_Cg.xml
Gxr/Gxrj5_ZlxdQ.xml
Gxz/GxzSgIPm_bs.xml
H4p/H4p_97mW5nk.xml
H4k/H4kCYFkTJw0.xml
H2F/H2FHFAnqwGA.xml
H2M/H2MRcaZz8j4.xml
H2f/H2ftVPk-WZw.xml
H20/H20AJjj2G9s.xml
H8s/H8s6PBt3U70.xml
H8m/H8mMKkxCqkQ.xml
H5A/H5A23H7H4AA.xml
H98/H98IscgjVHo.xml
HAB/HABqOl0747k.xml
HAJ/HAJjh0nmuM0.xml
HCT/HCThKrfm9QU.xml
HHF/HHFQm2hZrhs.xml
HBv/HBvfsbgn6vE.xml
HBH/HBHQrct8BVc.xml
HBf/HBfzF9wubls.xml
HB0/HB0qwmzL4UM.xml
HBt/HBtfDwyiBHA.xml
HDE/HDExTD84XPI.xml
HDg/HDg-DoHXDds.xml
HD6/HD6wjERs25Q.xml
HII/HIIy8TO8q4A.xml
HIJ/HIJx0mp8ohQ.xml
HJi/HJi9od6kt14.xml
HJw/HJwsosLrhVI.xml
HLw/HLwaV0bRsYo.xml
HLU/HLUgwhVah-U.xml
HKS/HKSnJvDURCs.xml
HK-/HK-bWVmAmaM.xml
HK3/HK3HRRhFqew.xml
HN0/HN0PrTIUTJc.xml
HMy/HMyvaJnbKCY.xml
HQL/HQLeVhivQ-w.xml
HP2/HP2AlxnJNLs.xml
HPm/HPms6JLcLbc.xml
HRO/HRO8RETQgs4.xml
HR_/HR_ZKPwHEes.xml
HRC/HRCucEvOSEM.xml
HXZ/HXZsD_QkGe4.xml
HUg/HUg2HFhJZbY.xml
HWC/HWC8C2SdccY.xml
HWD/HWDpawaiv0Q.xml
HWc/HWcffWjAQrw.xml
HWK/HWKNzRum-34.xml
HW4/HW4CHwzZyy0.xml
HYw/HYweRuYIhjQ.xml
HYx/HYxt5GBLigw.xml
HaV/HaV8eWjqJ2o.xml
HaJ/HaJvtLCutxk.xml
HaO/HaOIOh-1S8g.xml
Ha-/Ha-n4jHlQZ4.xml
Haa/HaawofTkj_M.xml
Hdz/HdzC7unPisw.xml
Hdi/HdiuSYQWcXk.xml
HeZ/HeZqPs3mgPs.xml
Hes/HesAktiHlJM.xml
Hea/HealthNutNu.xml
HhA/HhArJv2Jk48.xml
Hhx/HhxIGt1W9yQ.xml
Hh_/Hh_Lv3G7Ddo.xml
Hh0/Hh0d3FZvcmM.xml
HfZ/HfZIPWDqhVw.xml
Hkr/HkrGAc5RbZ0.xml
HjS/HjStan1DpXU.xml
HjV/HjVpBvuIScs.xml
Hj5/Hj50suYuJqI.xml
Hjn/Hjnphhr6gis.xml
Hoi/Hoi6qQB0OQA.xml
Ho5/Ho5FW1pu_3s.xml
HoU/HoU7574OdfY.xml
Hqe/HqenrtGh4Q4.xml
Hnm/Hnm0wa9JNK8.xml
Hra/Hraw89asbGQ.xml
Hu6/Hu6B4sLLOSY.xml
Huj/HujMVQ7vRGk.xml
Hwm/HwmH0T5Ti5I.xml
Hzg/HzgTKXoKVKA.xml
I11/I11FzjxS-Eo.xml
I1g/I1gSqwM6FO0.xml
I1j/I1jd5hfNjZ4.xml
I1Y/I1YW2GySYYU.xml
Hyb/HybridLibra.xml
Hyn/Hyn9ba6kdU0.xml
HyD/HyDsZ-OtaOI.xml
HvR/HvRypx1lbR4.xml
Hv4/Hv4LSJiDtfc.xml
Hv0/Hv0cjmRt7BE.xml
I2z/I2z_ltcHfzw.xml
I2S/I2SlZebdYYo.xml
I2C/I2CpBhaf5Vw.xml
I2N/I2NHytzzhU8.xml
I5g/I5g20BBVjEg.xml
I5L/I5LRnDsQBTs.xml
I5P/I5PUgn-6ylM.xml
I4h/I4hsVgykjg0.xml
I4U/I4UDDIPQrxk.xml
I8h/I8hJ9_yd4rU.xml
I3Q/I3QqGbQCjcI.xml
I3j/I3jXcD04RNs.xml
I7T/I7T0lqRE6IU.xml
I7E/I7EF7gmIM9o.xml
I9M/I9Mq7NdaAyQ.xml
I9s/I9s0eyQRvhw.xml
I9k/I9kAQO3bM2Y.xml
IBB/IBBIK2Oof3Q.xml
IBB/IBBIK2Oof3Q.xml
IDN/IDNEcwoNPRA.xml
IHu/IHuqfHziPDg.xml
IHA/IHAGueFC0Iw.xml
IHt/IHtIw_fSy64.xml
IH8/IH8z_XIYL-I.xml
IHm/IHmyEoWairs.xml
ILQ/ILQN_0j7rTY.xml
ILy/ILy2ri4VgGs.xml
IJc/IJcnpHL-x8k.xml
IJS/IJSTaMxBUIk.xml
IMu/IMu1GvlzT3A.xml
IM-/IM-OdETJBsk.xml
IMU/IMU3AjXasws.xml
IKC/IKCjrdgyNKQ.xml
IKN/IKNrD_5j7-4.xml
IKR/IKRacQUXul4.xml
IKN/IKNIk6lhzP0.xml
INp/INpt6cd16Pk.xml
INE/INEfSNDpF94.xml
IOL/IOLRKpdyLnU.xml
IOd/IOdPavFcZB8.xml
IOd/IOdlkNhmwRY.xml
ISG/ISG02HQwE0k.xml
ISG/ISGy1XDdd_w.xml
IR7/IR7StSaaDKM.xml
IRo/IRopb55FSaM.xml
IRz/IRztTll9T1g.xml
IRi/IRiVoQcmntI.xml
IR5/IR5NHSM70tI.xml
ITM/ITM-qtjxq_Q.xml
IXk/IXkFHq1SIQk.xml
IXV/IXVeXLFMAjU.xml
IV9/IV9vnjNnn2k.xml
IVh/IVhzo6tr0WI.xml
IVT/IVTsTv1tcfg.xml
IW-/IW-jjqKPY_U.xml
IWl/IWl9LkwcnXQ.xml
IW-/IW-QQhWETiQ.xml
IYc/IYcg8oXlyR4.xml
I_y/I_yJO4288r8.xml
I_L/I_LcXMarb7g.xml
Ic4/Ic4YpZ9RmgQ.xml
Ic9/Ic92ZI-AdlE.xml
IdM/IdMN2UhUZYw.xml
IeR/IeRXSRXKdNU.xml
IeE/IeEosuBSh4k.xml
Ifl/IflXLmmhjIA.xml
IfB/IfBe0NwQWTw.xml
Ifj/Ifjvz2hJnYs.xml
Ign/IgnqK8hrCj4.xml
Ikk/IkkuD8ukX0Q.xml
IkQ/IkQOECruO2Q.xml
IhO/IhOFJsycoI4.xml
Ih6/Ih6lq3TCN5Q.xml
Ihm/IhmRiZLRMYQ.xml
IiL/IiLDjgQgjEE.xml
Ii3/Ii3QZtNbayw.xml
Ilv/IlvjeR4B-1Y.xml
Imn/ImnL3QopFa0.xml
In_/In_rgoDBufw.xml
Ipt/Iptwrk5cp4o.xml
Ip2/Ip2ZGND1I9Q.xml
Iol/Iol4X_Q_164.xml
IoC/IoCD59L8-KE.xml
IoE/IoEOk8CCRTE.xml
Iqy/Iqy_zWGRyy8.xml
Iqp/IqptAFsRJ4A.xml
Iq8/Iq882OiKugs.xml
IsM/IsMOwDFVhgc.xml
Ium/IumRuzyOOUc.xml
Itl/ItltX2Q80fU.xml
Ivu/IvuHbi5l3vs.xml
IwA/IwAwDJlZxWA.xml
Iw5/Iw5SXNzepgU.xml
IyS/IySgAvgAyfw.xml
Iys/IysQYJQgZZw.xml
IzY/IzYzRmhPYmc.xml
Iz5/Iz5DCALGisI.xml
J-7/J-7KDExmcWM.xml
J1m/J1mnFgcXcmA.xml
J2J/J2JTbdb4gM4.xml
J4r/J4rLhXReVW4.xml
J5V/J5Vr4mxcQJY.xml
J5s/J5sb3uQgJdg.xml
J5c/J5c8h385B5I.xml
J3A/J3A7PtOVdxc.xml
J3S/J3SBfLK25u0.xml
J3g/J3g-KARECUM.xml
J72/J72f5JX3Tf0.xml
J7i/J7ikH8Mya9M.xml
J61/J61waV2h_dA.xml
J8m/J8mFwASloJ0.xml
J8s/J8sJNj7Ii7k.xml
J89/J897gfW-6ro.xml
J9k/J9ki-PM5QgM.xml
JA2/JA2sgV4JUmo.xml
JAT/JATxEvHO_L4.xml
JCQ/JCQsI3arcYA.xml
JEa/JEamHbB0n58.xml
JEA/JEAN9nWD6ac.xml
JDB/JDB8CovZKhg.xml
JFY/JFY8hl3S3QI.xml
JHv/JHvlInHBc5I.xml
JJ4/JJ48fTbyMEI.xml
JMQ/JMQXHKkP-Ng.xml
JMo/JMoRP9RQeko.xml
JMo/JMoaRax2Cqg.xml
JMQ/JMQP_fOL0Yc.xml
JKZ/JKZ-iKIwgms.xml
JKF/JKF-ae_Zo-A.xml
JNX/JNXua2BzH5A.xml
JO4/JO46BH9JTjw.xml
JP2/JP2JX4bdGjg.xml
JV_/JV_2wvXy4b0.xml
JVh/JVhAmtyNW6o.xml
JVT/JVTQ5gOd2Zc.xml
JXD/JXDRCWLrgYU.xml
JYy/JYyGv1fIods.xml
J_6/J_6ZwVtdJCg.xml
Jaf/Jafn9OraMfM.xml
Jbk/Jbk71LlFkwU.xml
JbJ/JbJKX9TYTSQ.xml
JZ5/JZ5JywSgkus.xml
JZW/JZWgtHLjEhQ.xml
Jcs/JcsTGqi0UWk.xml
Jcw/JcwGfHPzA8o.xml
Jfy/Jfycuj-5-2w.xml
JgP/JgPXLYMEMvU.xml
Jgd/JgdItKnenL4.xml
Jgl/Jgl3O_SB4bI.xml
Jho/JhokXGpruVc.xml
JiF/JiFNZV0sFaI.xml
Ji7/Ji7WlM7P7DE.xml
Jlm/Jlm7FAR6iQ0.xml
Jlu/JluqRt7pU8c.xml
Jl4/Jl4JjzQBCh0.xml
JlD/JlDYaEGd4PI.xml
JlT/JlTQwDnhq64.xml
JmD/JmDnvumeetU.xml
Jmf/JmfpBNW4ypE.xml
JmV/JmVgRXz5poI.xml
Jjt/JjtRgZBdgEk.xml
JnV/JnV0z6jTshM.xml
JqS/JqSD76BJVjM.xml
Jsk/JskJt_1r16I.xml
JwB/JwB0KIEOtIE.xml
Jus/Jus7pImyZF8.xml
Jyj/Jyj_7U2FgpI.xml
JyA/JyACHKehVik.xml
Jyj/Jyj_7U2FgpI.xml
JyA/JyACHKehVik.xml
JzG/JzGfjfVLHIY.xml
Jz4/Jz4H9BCUzuE.xml
K1z/K1zzK7ShNUI.xml
K1G/K1GqU3uXHWI.xml
K1k/K1kTadcbwc8.xml
K2R/K2RSYYUokog.xml
K4g/K4g7T0yONXM.xml
K4-/K4-rAwqOfdc.xml
K3M/K3MxPUxa-KI.xml
K3P/K3PzkZ4WtDE.xml
K8b/K8bfNEAXeos.xml
K85/K85eE8vrEt4.xml
K7v/K7vZlieoA8A.xml
K7B/K7ByQ0R-RCU.xml
K9C/K9Cd2p87z7o.xml
KCl/KClJgcHnUWU.xml
KC5/KC5GEQmkH0s.xml
KCi/KCijN2q-0Oc.xml
KBk/KBk4zgtDBaw.xml
KBf/KBfRcV6YaJ8.xml
KDj/KDjaCojtIgQ.xml
KEq/KEqZ4apfEcw.xml
KH-/KH-bZi82Z_4.xml
KID/KIDInlJJFb0.xml
KJZ/KJZ7_mrFBlY.xml
KJO/KJO4sUlheac.xml
KJV/KJVhgGnwGv8.xml
KJb/KJb4HcBJxT0.xml
KMx/KMxIrbSDOwY.xml
KMf/KMfFFPAIOU8.xml
KRm/KRmFaDz6Weg.xml
KRj/KRjtZCAwObY.xml
KRy/KRyFOZX73xs.xml
KOT/KOTc2v9s4S4.xml
KTG/KTGf6fA_UrU.xml
KV1/KV1iuLZP234.xml
KVA/KVAb4HL0ZMs.xml
KUB/KUB1DL7J3AA.xml
KWQ/KWQddH_05Gg.xml
KWY/KWYZhDu5REI.xml
KSk/KSkHdvPVAeE.xml
KSn/KSn1xzUgjuA.xml
KZS/KZSc2WtdQVw.xml
K_C/K_C0VBMy6KY.xml
K_G/K_GEZoBo5vk.xml
K_m/K_mCgGycj0g.xml
Kb7/Kb7vqSSWkCM.xml
KbG/KbGncLHTUnY.xml
KdO/KdOvNDQ0YdE.xml
Kct/KcteTN32_Pw.xml
KeE/KeETsFXwJH8.xml
Kh8/Kh8EU6Og0Vo.xml
Khx/KhxBrjnpqPQ.xml
Kj8/Kj8SAf5kFL4.xml
KjJ/KjJrclophR8.xml
Kle/KleFKFLVIqQ.xml
Koh/KohdiJuQ0Uk.xml
Kp3/Kp3TBia_H_s.xml
Krc/Krce8m00QpQ.xml
KsM/KsMMmCOlB9s.xml
Kve/Kve7j5wYaJI.xml
KvK/KvKneCIlIVs.xml
KxI/KxILPo5UzOg.xml
Kxy/KxyOW68U-3E.xml
KwY/KwYbo7V_oEU.xml
KwI/KwIljpw9ltE.xml
KxI/KxILPo5UzOg.xml
Kxy/KxyOW68U-3E.xml
L-V/L-VbxU2Qb00.xml
L-J/L-JIP9HW4o0.xml
L1H/L1HyQvgbF04.xml
L1N/L1N1fYDq26k.xml
L1J/L1JoPdVdtYA.xml
L3h/L3hifgd497k.xml
L57/L579xmR41jA.xml
L70/L70UVIsRESg.xml
L74/L74dS2cg8dE.xml
L71/L71-pkgMBV4.xml
L9s/L9sithvPJIk.xml
L8m/L8m0n9CZjvY.xml
L8Y/L8YWRpAHgWI.xml
LAW/LAWUYne8GyM.xml
LBh/LBhVkBdD3ls.xml
LBG/LBGJ8hfayhY.xml
LBb/LBbT0GTBoh8.xml
LBS/LBSs4yLd34w.xml
LDo/LDoq1FuPnrg.xml
LFb/LFb1rbepg-o.xml
LGI/LGIiz0ZQQDk.xml
LHp/LHpc6GlzD8U.xml
LH_/LH_BBj7fumk.xml
LI9/LI9PEWZRq9c.xml
LIW/LIWT_mwlOq4.xml
LIG/LIGVancd1Gw.xml
LJE/LJEBDhUTBxg.xml
LJ7/LJ7vU5Gm0aY.xml
LJj/LJj27VVUYCg.xml
LJg/LJgGGIEK0W4.xml
LKO/LKOXx2Uml3I.xml
LKp/LKpoApEjyCo.xml
LL9/LL9sszTq4VQ.xml
LMr/LMrgn1A3_5w.xml
LST/LSTvRwlz8Ow.xml
LQx/LQxAK9s1KHA.xml
LQj/LQjcigWZbvQ.xml
LR_/LR_xZcHc0Vk.xml
LR4/LR4cYYJZ06g.xml
LRH/LRHNSxZNHBA.xml
LU4/LU4kqjW1Bbk.xml
LTF/LTFWclUoHvs.xml
LTI/LTINiDTuqBg.xml
LT5/LT5-31qfpaQ.xml
LVT/LVTCp_TGKdc.xml
LV1/LV1tKRCpfW0.xml
LYr/LYrP-8As1fw.xml
LZ3/LZ3T6vLXPvc.xml
L_6/L_6DYn8O25g.xml
L_h/L_h0HIM_vkk.xml
LTI/LTINiDTuqBg.xml
LTF/LTFWclUoHvs.xml
LT5/LT5-31qfpaQ.xml
Lbj/LbjZV6OwHP8.xml
LeJ/LeJf5Moz69g.xml
Lh5/Lh5wUlmbtmk.xml
Lhv/Lhvojbog1tM.xml
Ljs/Ljs_r4SHp20.xml
LjD/LjDhse87z4w.xml
LkN/LkNlBEQO9-U.xml
Lk3/Lk34j3HUJbE.xml
Lmd/LmdKP_zs4qE.xml
Lmn/LmndXkFqX2o.xml
LmF/LmFFvcism2Q.xml
Lin/Lindsayslat.xml
Llv/LlvCANNsmUg.xml
LlC/LlChT8bx96E.xml
Llh/Llh9hYc4c1Q.xml
Lll/LllH9lOVyE4.xml
Llj/LljC-eKZBjo.xml
LoI/LoIXDFWAE_4.xml
LnX/LnXrHjEo8zE.xml
Lnl/Lnl5Li2kR40.xml
LnH/LnHB2Hv8BL8.xml
LnV/LnVo1auU_Kc.xml
Lpx/LpxsZ38Gnrw.xml
Lrw/Lrw4tQuCqIY.xml
Lwu/Lwu62umgiUo.xml
Lwt/Lwtdn_OyXHk.xml
LwD/LwDc06tekxI.xml
LuZ/LuZzdHIrqio.xml
LtE/LtEgqE-3qaA.xml
LtN/LtN_MYHuaa0.xml
Lye/LyeS7-87sVw.xml
Lyx/LyxRdr7Umpk.xml
M3N/M3NkRTWIywE.xml
M4l/M4lXmISdP7c.xml
M4J/M4J0WsGyxQ4.xml
M4t/M4tQjZlp5T0.xml
M56/M56Td-EdN2A.xml
MAc/MAcYwNRSUn4.xml
MEL/MELOApTr94Q.xml
MCa/MCacGPYAPLA.xml
MCL/MCLSdxJivW4.xml
MF6/MF6l_vGpuRs.xml
MFo/MFovVqsvXrU.xml
MFi/MFiRImul_d0.xml
MF-/MF-l7rOV7ic.xml
MF_/MF_qcjon2mo.xml
MD3/MD3Wpx0I9kE.xml
MDD/MDDeD7nELb8.xml
MDj/MDjshZ6IF8I.xml
MHl/MHlj-xrr_44.xml
MKe/MKeMVXRKmGM.xml
MK9/MK9s9ibbMfU.xml
MJt/MJtF0WBviA8.xml
MJ6/MJ64xutgn4A.xml
MJQ/MJQmiDJnyH0.xml
MLP/MLP0KyMEsiA.xml
MLK/MLKkwQM7uEY.xml
MO0/MO00hQ1z7Mk.xml
M6d/M6dAlRpQCuA.xml
MQ6/MQ6gSMVKFQ0.xml
MN_/MN_NTUPRkoA.xml
MNZ/MNZWtj5xXPI.xml
MND/MND1ngPlvJ0.xml
MP4/MP41OWARz3E.xml
MP1/MP1h_8AOtOU.xml
MSX/MSXsJ_nyJUM.xml
MTC/MTCwSiJYFT0.xml
MTe/MTeAtnRIrpk.xml
MUh/MUhJFHj0PZg.xml
MWb/MWbRTjNUwYU.xml
MVR/MVR06MbDwFI.xml
MVv/MVv8hb61JrA.xml
MYF/MYFCJMbfh0U.xml
M_F/M_FkfrbsEMI.xml
M_H/M_HbXYWeTQI.xml
MZ5/MZ5fOUgjB4Q.xml
MZ8/MZ8yJhN_xo0.xml
MaC/MaCRvQCIB3E.xml
MaN/MaNoKGuw89Y.xml
MXI/MXIVneOBuSE.xml
Mg9/Mg9WId5DPgs.xml
MgI/MgI7VrmWKXk.xml
MgS/MgS1Dxcy5_o.xml
Mey/MeyhAqhwn3k.xml
Mhe/MheeqWKxBfc.xml
Mh3/Mh3pEV6Ry6c.xml
Mf2/Mf20bKVENsM.xml
Mfz/MfzmJaC6O10.xml
MfS/MfSxUWcte1Q.xml
Mje/MjeeGr0TiwU.xml
MjB/MjBCuAo6kbo.xml
Mml/MmlfkknnvHQ.xml
Mmt/MmtvV2T-2v8.xml
Mqp/MqptWUHWxdw.xml
Msf/MsfUDwagpV8.xml
MuU/MuU2xjbi6u4.xml
MxU/MxUbJHfuTOQ.xml
Mx3/Mx3RNvNs-04.xml
Mxa/Mxaz_KIWTw0.xml
Mw-/Mw-Uege93zE.xml
Mzq/Mzq8FJeCDh0.xml
MzV/MzV-gdVl01A.xml
Mzo/Mzo6mOcFnV8.xml
Myt/MytvEJOvl6E.xml
N1N/N1NwM46RSlc.xml
N2d/N2d1TFZgFCQ.xml
N2u/N2um-kHp5tg.xml
N29/N29yGhYNh8g.xml
N2o/N2ovl3rMjYc.xml
N4u/N4ugLNN8-r0.xml
N3e/N3e_W9u1M0E.xml
N3n/N3nRi-RZTjQ.xml
N5j/N5jz7gdCaPQ.xml
N6L/N6LOzLT6U_w.xml
N8f/N8fqw2a3HW4.xml
N75/N75TVIizDeg.xml
N74/N74KRUWXlrM.xml
NBv/NBveVNt9hQU.xml
NDS/NDSTGrtdLvM.xml
NEa/NEa8HKLsBsA.xml
NEK/NEK2R4du97A.xml
NEC/NECsHSvNI-I.xml
NFx/NFxI2BLFZaI.xml
NKp/NKpn_rg2bdw.xml
NK7/NK7LNz9ikL0.xml
NMY/NMYZohX5r0k.xml
NMi/NMiGEqSJz5Y.xml
NNJ/NNJF5Rn14vM.xml
NNL/NNLukn1qIhs.xml
NPS/NPSnWLTCsW4.xml
NPw/NPwFmbjQd1M.xml
NPA/NPAvecGMDz0.xml
NQL/NQLX3AwVX7o.xml
NQu/NQusuptwk4A.xml
NRM/NRMh_ZI3Z78.xml
NV3/NV3aMNyO6P8.xml
NVk/NVkoL39HlgI.xml
NWg/NWgSFklhUUk.xml
NaG/NaGAkU_K_EY.xml
Na1/Na16wkSYvNE.xml
Nae/NaeR923Rzto.xml
Nbp/Nbp0eGIZXVg.xml
Nc0/Nc03sFl5oDg.xml
NeW/NeWYl-Ogu3c.xml
NeX/NeX6iY2zxCk.xml
NhL/NhLMnSW7I0g.xml
Nh-/Nh-EccPo5xY.xml
NiO/NiOzonQ1I44.xml
Ni9/Ni9jlQH-_Ms.xml
Nil/NilesyRocks.xml
Nmu/NmugCSU6VP8.xml
NnB/NnBIBkDpeso.xml
NnD/NnDA8dGemDM.xml
NnN/NnN-2c_mBxw.xml
NnX/NnXoF9FoPL0.xml
Nux/NuxgZh73KFU.xml
Num/Num3erszfRM.xml
Nr1/Nr1RtAhNL0w.xml
Nrx/NrxnzOH-KJU.xml
NrS/NrSKjORTRVA.xml
NrL/NrLBTQTBHTc.xml
NpS/NpStYcFaWNo.xml
NpQ/NpQ0Umv0tsc.xml
Npy/NpybTGXfACo.xml
NpQ/NpQ0Umv0tsc.xml
Npy/NpybTGXfACo.xml
NpS/NpStYcFaWNo.xml
Noq/NoqRDnRiIgk.xml
Nt1/Nt1cCz9h5y8.xml
NvQ/NvQEW2eEuc8.xml
Nvz/NvzedNzbW9M.xml
Nv3/Nv3-QBLFDgs.xml
Nvh/Nvho8kyivMA.xml
Ny8/Ny8rapNZnh8.xml
NxP/NxPjdogHM60.xml
NxL/NxLpM0c8JHw.xml
Nxx/Nxx2ExiQDYA.xml
Nzt/NztGTDcNHEA.xml
NzB/NzBM3wTWDf4.xml
O0Q/O0QGC-idwlY.xml
O0o/O0onWJn_KwQ.xml
O16/O16NZZEHWrM.xml
O1D/O1DDBomEetA.xml
O-l/O-lJo-jl6Ek.xml
O3h/O3hX8XDGbHY.xml
O5o/O5o1aXrVe3c.xml
O5e/O5el7KmNJcA.xml
O6T/O6Ttj9tXzCA.xml
OEH/OEHWCQ_bpwI.xml
OEd/OEd-mAhkdKQ.xml
OHR/OHRatV8Ciys.xml
OHG/OHGP3Gjeh9k.xml
OH_/OH_1Lpw_PyE.xml
OJm/OJmeKazljnk.xml
OJE/OJECDXChh1A.xml
OJd/OJdEmwAzVjQ.xml
OJq/OJqWpkTtMl0.xml
OKB/OKBAC4fL8LY.xml
OKn/OKn8dRE5M5Q.xml
OMg/OMgDWfVcfso.xml
OM6/OM6HE3Sxs3o.xml
ONF/ONFJOVcZ7mw.xml
ONy/ONyrWU-SXP0.xml
ONF/ONFJOVcZ7mw.xml
ONy/ONyrWU-SXP0.xml
OPD/OPDCqR0Ksug.xml
OPl/OPlzL4bPEh0.xml
OSQ/OSQA2-G_5jg.xml
OSI/OSIpxWL3s5s.xml
OUF/OUFnqVooClw.xml
OUn/OUnkH54jS44.xml
OUB/OUB7_7_zydA.xml
OUG/OUGZWlygCIA.xml
OU1/OU12pPneytY.xml
OUh/OUhHQ9E3fxY.xml
OT7/OT7RnA6OLBE.xml
OXD/OXDt6uWHVso.xml
O_o/O_o_BPQvH54.xml
O_d/O_dxJACGTFw.xml
O_u/O_ufD3QT51U.xml
Oas/OasCHNlUWBc.xml
OZa/OZat1JHfMRE.xml
Odt/OdtZ7lGMD04.xml
Occ/OccYLEsUo10.xml
OcI/OcI1sjJjE98.xml
Og1/Og1Ee77RBcc.xml
Ogr/OgrAdCbw3io.xml
OlY/OlYfHXNY8ME.xml
Olg/Olgakaysiph.xml
Onv/OnvG7KR334A.xml
Oo7/Oo7SlPTIOko.xml
Oqf/Oqf-GH_dsiM.xml
Oqy/Oqyr2ofSC0g.xml
OpO/OpOrSkZPxhY.xml
Opp/OppZ0Aayd88.xml
OtK/OtKX7-PMpq8.xml
OtC/OtC6CcwirSI.xml
OuT/OuTepNx692g.xml
OxQ/OxQEmIdjG1U.xml
Oxw/OxwPtG3uLhY.xml
Oxh/Oxho5dtqwCc.xml
OyO/OyOh7opUWQQ.xml
OsV/OsVJaP3RVsg.xml
Os4/Os4bxzy-2V4.xml
P11/P117ut5de6s.xml
P1p/P1pq3GM0UAc.xml
P13/P13bjW1dU2o.xml
P3i/P3iGxYnlHa0.xml
P4c/P4cntpeMX-M.xml
P4r/P4rnyq2Ica8.xml
PBG/PBGGameplay.xml
P9v/P9v1gGQ1syk.xml
PDO/PDOBcrEn5eU.xml
PI-/PI-hSt-IBKw.xml
PIC/PICeyhueXqk.xml
PFx/PFxFRqNmXKg.xml
PJz/PJzogZbGO9o.xml
PGy/PGyyzOdFzh8.xml
PG1/PG1FZx2dM8k.xml
PGS/PGSMbJrTj4I.xml
PHM/PHMYvoaFq2U.xml
PJz/PJzogZbGO9o.xml
PNJ/PNJvqZKJ9WY.xml
PPX/PPXhbtWUOtg.xml
PPu/PPuo5LecVRU.xml
PPB/PPB48MbzvZg.xml
POT/POTgE9LCNto.xml
POM/POMDTk2cYps.xml
PS5/PS5UmAaW4Wo.xml
PSo/PSoPBLfcxzo.xml
PSx/PSxJ7J9yKxQ.xml
PVq/PVqanBKKKBc.xml
PWh/PWhxCB0ndJE.xml
PXL/PXLEwWaGp9M.xml
PXo/PXo1KTbPc5g.xml
PYX/PYXFibN-Ksw.xml
Pea/PeanutButte.xml
P_V/P_Ve0WSh5AQ.xml
PdL/PdLLw6nBZ_8.xml
PdL/PdLl6bFBG68.xml
PdD/PdDVoVqjTsY.xml
PfK/PfK7jfEYbZU.xml
Pjn/Pjn9t9Xkv_c.xml
Pi0/Pi0kvaNikTo.xml
Pi4/Pi4s4xB824g.xml
PiS/PiSshPImt-0.xml
PlE/PlEXKM4Fa_E.xml
Plb/PlbIWD0GOnA.xml
Plz/Plz-bhcHryc.xml
Pmp/Pmp363-gcG8.xml
Pn1/Pn1ntH8a_oU.xml
PoQ/PoQ3TnSUbf0.xml
Pow/PownmayjWO8.xml
PoZ/PoZqBGcLLkA.xml
Poy/PoyClMUrUSs.xml
Pov/Povr3Ah9egI.xml
PoL/PoLu4tHNeBY.xml
PqW/PqWmT1HUjFY.xml
Pqt/Pqtl60VJcnc.xml
PqP/PqPGQg9skC8.xml
PpX/PpXaFrdTE9w.xml
Prd/Prd--xEdsPY.xml
Prg/PrgbN0ZwfV4.xml
Pui/PuidoVKku0o.xml
Pyl/Pylp6TRUyYw.xml
Pye/Pye_j6wo1II.xml
Pxt/PxtMSiITQzs.xml
PxU/PxU2_pp6BL8.xml
Q0T/Q0TZjzYESXE.xml
Q42/Q42dGMg-lWs.xml
Q4y/Q4y8GwjPlAo.xml
Q5c/Q5cdtMP3xT8.xml
Q5R/Q5RuJUXPnCU.xml
Q5M/Q5MGg0VZLO4.xml
Q6F/Q6FXVNn0jfs.xml
QC0/QC0t0FM-XsE.xml
Q8D/Q8DtHGvx9qg.xml
Q8s/Q8s8lmXHDQs.xml
Q8a/Q8adXtsT9vc.xml
QAy/QAypJ1iPp4o.xml
QBW/QBWH3U_Irbg.xml
QEt/QEtegHqctoY.xml
QDs/QDsrwUSlnuQ.xml
QFT/QFTeNrBtySA.xml
QFy/QFyy6DsmV7E.xml
QFc/QFcNhrNf6hQ.xml
QFq/QFqfPQi4Anc.xml
QFI/QFID0L9FImw.xml
QFW/QFWHYdDjQ4Y.xml
QFj/QFj72ph19fc.xml
QFB/QFBHkluYu0s.xml
QGB/QGBFZova6Xc.xml
QG9/QG9y9nzd-lo.xml
QGv/QGvi9dm9mC4.xml
QGJ/QGJxMZ48AIs.xml
QGN/QGNMVgOBcwk.xml
QGN/QGNwyNpaUwI.xml
QK8/QK8_FCrNuTg.xml
QKL/QKL5KMHIIak.xml
QJl/QJlL2aRs4hw.xml
QJu/QJuu_4SR8-Y.xml
QJS/QJS5NsIfQgo.xml
QLh/QLhlRmdtDvc.xml
QLN/QLNtrvOrkhE.xml
QMG/QMGVJiICEQo.xml
QME/QMEgKLL9u94.xml
QMJ/QMJd02-AsOE.xml
QNR/QNRLe2TucDo.xml
QN2/QN2eU1SFVdo.xml
QO9/QO93P6uz9t8.xml
QOd/QOdW1OuZ1U0.xml
QRn/QRnNydYFrEE.xml
QR4/QR465HoCWFQ.xml
Q_h/Q_hzHRUJrdE.xml
Q_6/Q_6WOi99mpw.xml
Q_m/Q_m9fGpXG_0.xml
QZ7/QZ76CQ8yNuw.xml
QZv/QZvVSkcOJ4M.xml
QZl/QZlm5DuFxMU.xml
QZV/QZVAbl45S-o.xml
Qay/QaykAxt-Nv4.xml
Qac/QacyQW3Eooo.xml
Qcf/Qcfmp19P2TY.xml
Qch/Qch0YdOMvj8.xml
Qch/Qch0YdOMvj8.xml
Qcf/Qcfmp19P2TY.xml
Qbh/Qbhh8eB2DwQ.xml
Qbg/Qbg67ShDohQ.xml
Qbt/QbtlSo0JX8E.xml
QfA/QfAAhs2u9SU.xml
Qfv/QfvBRCrLrv0.xml
QfL/QfLDJdTxD_s.xml
Qgp/QgpzLUCY0rU.xml
QgX/QgXlGDq4ebg.xml
Qg4/Qg4SGWNQSAs.xml
Qj2/Qj21Jss8COc.xml
Qkh/QkhI31__91M.xml
QkG/QkGW7MBrIxM.xml
QlO/QlOpc-Qrkps.xml
Qq3/Qq3PL9I9eRo.xml
Qqx/QqxOfG6qG5I.xml
QqI/QqI1q9Ff9LE.xml
Qm1/Qm10Son0WH0.xml
QmD/QmDfUD5Pk3I.xml
Qo2/Qo2ATDvuk00.xml
QpN/QpN0B4Nsuik.xml
QrG/QrGtESRE7j8.xml
Qrl/Qrl3n2ZtK2E.xml
QsB/QsBC6BwPYCY.xml
QsV/QsVXE5Jfpvc.xml
Qua/QuarterBinD.xml
QuF/QuFEVqv1Yts.xml
QuI/QuI4CLtNEr4.xml
Qt6/Qt6xN6rGrH0.xml
QvR/QvRQ5zbq7Pg.xml
Qvk/Qvk3xBRO5KE.xml
Qvn/Qvn3fenQzYI.xml
Qvs/Qvs_XP4F9sw.xml
R-_/R-_3V5WWNoc.xml
QzN/QzN9f7-RR-Q.xml
R15/R15VGPiIVHI.xml
R1q/R1qMxRV4A2Y.xml
R3-/R3-X_l1b6dM.xml
R3-/R3-RyLHvI2Q.xml
R4a/R4ajQ-foj2Q.xml
R78/R78YxRw3JC8.xml
R9O/R9Ov5UvE_Hc.xml
RBn/RBnY_S12UUQ.xml
RCm/RCmpUY0Jqqk.xml
REC/RECKLESSTOR.xml
REI/REIDnUkQsj4.xml
REY/REYCUKyVJM4.xml
RGN/RGNWZ82gj_8.xml
RGk/RGkQ4LKUTvA.xml
RGX/RGXKBBaI36U.xml
RFk/RFkF4nwKbI4.xml
RFG/RFG9C16B6Xk.xml
RFo/RFo8xsnQcJc.xml
RID/RID1f3gNBLs.xml
RKT/RKTstGgYq3s.xml
RLq/RLq4UI5zvn4.xml
RL1/RL14i9-6iys.xml
ROG/ROGzDFwfMlg.xml
ROw/ROwO-LjwGPI.xml
RNf/RNfiHKQdNA8.xml
RNd/RNdW2V5V8W4.xml
RQ0/RQ0NGTVcHiA.xml
RPV/RPV_OByGk-8.xml
RTA/RTAUVOp_i0w.xml
RSq/RSqUkFkWgIM.xml
RS3/RS3V1WJaUmo.xml
RWy/RWyCbHtd-Tg.xml
RWo/RWoAtoQZHkc.xml
RWN/RWNiuB3ZH0k.xml
RYc/RYclyI0xWJs.xml
RYD/RYDIzF4HE_o.xml
RYN/RYNd6ykqQ60.xml
RYT/RYTTz0S0RRQ.xml
RX6/RX6nQPdO60w.xml
RX-/RX-3S-CtRrw.xml
RX1/RX1F3wq7JG8.xml
R_E/R_EOJQd-jk0.xml
RbW/RbWkB2A2cMw.xml
Rc4/Rc488FPXGfU.xml
Rer/RerL7anMfTc.xml
Rec/RecklessTor.xml
Rec/RecklessNoo.xml
RfE/RfEPJMgLBWA.xml
Rgg/RggJfmtO61k.xml
Rge/RgeIvfM0ClQ.xml
RjJ/RjJv4dftXhk.xml
Rja/Rjalw4LxYN8.xml
Rj8/Rj8A423rKfQ.xml
Rod/RodQKqTNDW8.xml
Rr-/Rr-VnP4SAqA.xml
RtG/RtGVVsWK9Mk.xml
Rtk/Rtkdo7bOmJc.xml
Rpl/RplRe2j3p3Q.xml
Rpu/RpuINaqFPh8.xml
Ruw/RuwC3KSGFoo.xml
Rv_/Rv_ee7mW7rM.xml
Rvh/Rvh7S4Y71rQ.xml
Rwo/RwomDqD_y9U.xml
Ryh/Ryh0jMVwMFo.xml
Rr-/Rr-VnP4SAqA.xml
S-A/S-A3CuNja1g.xml
S-Y/S-YE6qnjlOQ.xml
S4Y/S4Y2fHNW3z0.xml
S4H/S4H2a05dXoY.xml
S5T/S5TtKTZnyoc.xml
S6L/S6LMK-_wMs8.xml
S6j/S6j6MbHD_2E.xml
S8B/S8BXpskzWAY.xml
S8g/S8g1yJybg30.xml
S8E/S8EsU2e0494.xml
S8P/S8P6n9plKyo.xml
SCZ/SCZhKrt49Pw.xml
SCy/SCyxO94HrkE.xml
SDf/SDfGSJWK5Kc.xml
SEK/SEKeN7VIbqc.xml
SEt/SEt4V_GJRE8.xml
SE_/SE_irZTa9Ek.xml
SEm/SEmeMMwe_yA.xml
SGZ/SGZwhwexGt8.xml
SG5/SG5CJsMsbDk.xml
SLi/SLiMMRf7OqQ.xml
SK6/SK6fOh2GDnc.xml
SN-/SN-wSNyT3DM.xml
SNy/SNygdxap1Ww.xml
SNm/SNmjWozPH9Y.xml
SN4/SN4YBcT-prI.xml
SO0/SO00-wXXA94.xml
SOP/SOPDoK7bDU4.xml
SPs/SPsa1dEbyn0.xml
SQU/SQUzdrLD2IE.xml
SS7/SS7eNCvH64M.xml
SSO/SSOLQUNaVx8.xml
ST2/ST2buKcBIi0.xml
SU9/SU9OWA1Zy10.xml
SUD/SUDNIJOcr3E.xml
SYV/SYV10x5rA-k.xml
SY9/SY9IoND_Q_l.xml
SYp/SYpA0d9UXyw.xml
Sam/SamMacaroni.xml
Sct/SctxpvB2qMc.xml
ScT/ScTVtTE7f5c.xml
ScX/ScXMzGk2SVs.xml
SbU/SbUfD_JhKXQ.xml
Sea/SeanKlitzne.xml
Sec/SecretSauce.xml
Sf_/Sf_vtEdW2uw.xml
Sfb/Sfb5Bg4eS2U.xml
SfU/SfUqynS1ILw.xml
Sht/ShtFbsG_UVw.xml
Sij/SijS2JzXVPY.xml
Si0/Si019AIe1XU.xml
SkH/SkHGKJn_R5o.xml
Skw/SkwHEGJb5eE.xml
Skd/SkdCYZJYI2o.xml
SkC/SkCVOnsjjxA.xml
SlJ/SlJSOwix7w0.xml
SlN/SlN_T5uP9oU.xml
Snm/SnmLZbHJx0Y.xml
SnC/SnCpTRnaxeo.xml
SmK/SmKcFH1VUcE.xml
Smv/SmvZEqIrNOc.xml
Sma/Sma0qiYpiuw.xml
SmS/SmSeMXGqgq0.xml
Sm2/Sm2G4pHnQSo.xml
Sou/SourceFedNe.xml
Som/SomaFilms78.xml
Sou/SoulPancake.xml
Sqd/SqdzQS1Cf1U.xml
Stw/StwW9M5pBmw.xml
StK/StKelmlzcko.xml
Stz/StzkvtccHWQ.xml
Sup/SuperMicmas.xml
Svi/SviGiG_cfGw.xml
SvG/SvGf-chy4NI.xml
Swo/Swo00fOO9So.xml
Swt/Swt1w4TzR74.xml
SzK/SzK_ILIgiRk.xml
Sy5/Sy5zkS934ME.xml
Syk/SykzxiYSOow.xml
Syf/SyfXtMBvB0Q.xml
T0U/T0UoHVFnSN4.xml
T0X/T0XsKBdIsGw.xml
T1w/T1we2bie5Hs.xml
T50/T50uDs49GXM.xml
T2k/T2k2xR3LyE0.xml
T3N/T3NCg_uKtxE.xml
T3B/T3BpMBXTUsI.xml
T7Y/T7Ybhcmd_MI.xml
T7F/T7Fji7V7q4Q.xml
T8Z/T8Z1i5xKcJM.xml
TBM/TBM-BYLH5WM.xml
TB9/TB9SimvMjUM.xml
TCO/TCOp6pvmE4s.xml
TAQ/TAQs0m4k9Xc.xml
TAc/TAcL8XI8CNA.xml
TFa/TFaLCAnQ1-E.xml
TF-/TF-IsFtJHhc.xml
TEu/TEuwN83YkFQ.xml
THE/THEDEFRANCO.xml
TIN/TINydWdNwJo.xml
TIg/TIg4poGntzw.xml
TK2/TK2jkxbx9lE.xml
TMo/TMokbygri0w.xml
TNM/TNMeBX4s_vk.xml
TNo/TNoBxy-5bKs.xml
TNS/TNSM4N2_Z9Q.xml
TNS/TNSM4N2_Z9Q.xml
TNo/TNoBxy-5bKs.xml
TNM/TNMeBX4s_vk.xml
TO3/TO3VO2vhi6o.xml
TOG/TOGtOLYppeU.xml
TTz/TTzBgk3j96o.xml
TTO/TTO8mgQocu8.xml
TXa/TXazldYBxw4.xml
TZU/TZUAHleHzjU.xml
Tae/TaeZL9MR4Xc.xml
Tcn/TcnJM0MeqVo.xml
Tes/TessaAriasT.xml
TeU/TeUEw78a3fY.xml
Tea/TeaxWdIAZQU.xml
Tef/Tef0cGQxW3E.xml
Tfq/TfqTKt9RtNw.xml
TfC/TfCD56mv2WI.xml
Tfz/Tfz0zya0Qz0.xml
TiY/TiYvRoplTS4.xml
TiV/TiVzHabIHk4.xml
Tig/TigQTPWjtug.xml
The/TheChicksLi.xml
Thi/Thi_W9VI4XI.xml
The/TheWingGirl.xml
The/TheBeatrixG.xml
Tjy/TjyGLxICEJk.xml
TjL/TjL1eG_0o44.xml
TjY/TjY3krrEYJU.xml
Tlh/TlhkhtHzZPk.xml
Tlu/TluwbSaor0o.xml
Tl1/Tl1_5VtNmE4.xml
TmS/TmSG1jbrXTE.xml
Tml/TmlX9eHlaBY.xml
Tpn/TpnZ6m9Yq7k.xml
TnE/TnEhtzLRvDY.xml
Toq/ToqJkDucTMY.xml
ToF/ToF_RbM6bcs.xml
To7/To7aGxWkocI.xml
Tss/TssRqtWd5HI.xml
Tq8/Tq871RjEols.xml
Tqt/TqtWvNeQGYM.xml
Tqi/TqiUpgaWGvE.xml
Tqs/TqsRxE0_TCg.xml
TuB/TuBhZGJku3I.xml
Tw6/Tw6NU5kA5GE.xml
Tw6/Tw6B0htpqu8.xml
Ty6/Ty6_M2aMlas.xml
TyX/TyXJ1sAQtaY.xml
U2H/U2Hq8sQ0L3k.xml
U0k/U0kmNLDymW0.xml
U03/U03CnxK6gTs.xml
U0w/U0wTt7blDb8.xml
Tzm/TzmcYSTEchM.xml
U42/U42ETHTr99A.xml
U7s/U7sI6o8E7vs.xml
U7s/U7sI6o8E7vs.xml
UBM/UBMfviY9wpU.xml
UBu/UBuH69ZG7xM.xml
UAy/UAyV8Bi4sys.xml
UGS/UGSgNRfN5Jo.xml
UGT/UGTbfrmUW_g.xml
UHd/UHdutoDVN3Q.xml
UHI/UHIUt83srvc.xml
UFP/UFPKjtsxdr4.xml
UJU/UJUee2kLUgM.xml
UL9/UL98BXt34jQ.xml
UPo/UPo7iNKoCGQ.xml
UPQ/UPQfd5JUM0o.xml
UOy/UOyKBN-F4UY.xml
UOj/UOjSjwMWva8.xml
UO6/UO6pbb-7ul0.xml
UQM/UQMuKcVrAPw.xml
UQ-/UQ-YUZs0iIc.xml
UQd/UQdi4iJvNTQ.xml
UU6/UU6q0gB-iR8.xml
UU5/UU51tEZ5SB0.xml
UU_/UU_80RWIhXI.xml
UU2/UU2QQCd5DtU.xml
UTm/UTmPbyFIF_M.xml
UTI/UTI2vBFnFso.xml
UTA/UTAoCRPNVAo.xml
UXp/UXpCp4btqYs.xml
UWK/UWKOCJeiwDw.xml
UWp/UWpuVG2u4Cw.xml
UZT/UZTLAlu_zPw.xml
UZi/UZi0bt1AwE8.xml
UZd/UZd6tWtlWI8.xml
UZe/UZeZryKIEK4.xml
UYr/UYrjqXCO1ak.xml
UYj/UYjtdtoRPB0.xml
UaP/UaPty_FDMUc.xml
Uaq/Uaq3YrVX-Rw.xml
UdQ/UdQTiVA7rxU.xml
Udr/UdrKGiCodUo.xml
Udg/Udgsa_VYlwA.xml
Uge/UgeR7Yr_6fk.xml
UfO/UfO4VmjcVS8.xml
Uf7/Uf7ub7iAqHA.xml
Uiv/UivsaeUUcPY.xml
Ui0/Ui0a59rXbVk.xml
UjQ/UjQipIxQMPM.xml
UkC/UkCfh-mB_G0.xml
Ul9/Ul9QFJmNDcc.xml
UlD/UlDS9JaKzTQ.xml
Uq7/Uq72nbXTCMo.xml
UqZ/UqZcYf1Gaj8.xml
UuM/UuM5MoigjYI.xml
Uuh/UuhwH0KoE-U.xml
Uu7/Uu7OCGDbw2I.xml
UvQ/UvQHrTmIjec.xml
V-P/V-PYC_lCfVQ.xml
V-h/V-hO7Klwx8s.xml
Uz9/Uz9w-l4VrCE.xml
UzO/UzOSxNaJkMQ.xml
V2T/V2ThTm4Spwk.xml
V4o/V4ogIK9NHcc.xml
V3B/V3Biz73h1JY.xml
V65/V65k5K_FK_A.xml
V9v/V9vv9AX_AcQ.xml
V9Q/V9QI9JqlMJM.xml
VBD/VBDjhmalTsM.xml
VBk/VBkZKfTYf7c.xml
VBI/VBITBFT4yJI.xml
VEs/VEsKtZHLluU.xml
VEN/VENepCVOXBE.xml
VEx/VExQbdQombU.xml
VH6/VH6CA1gI8hU.xml
VIe/VIeXBYOMFsw.xml
VIV/VIV4MWE-eZA.xml
VLB/VLBebrJF1HM.xml
VL3/VL3wlGcC20I.xml
VLt/VLtippvvGcM.xml
VLa/VLaRTXF7g2I.xml
VOR/VORggMBgMFA.xml
VNh/VNhSE1ozEOE.xml
VN7/VN7Ha4riMs0.xml
VQ9/VQ96nitc1n4.xml
VQe/VQe1vWncCLc.xml
VUy/VUyhnBDXmpY.xml
VSR/VSRUdOP4MaI.xml
VV1/VV19f9SFJUY.xml
VV5/VV5PSSON3OQ.xml
VZ-/VZ-FOZgvMY4.xml
VbJ/VbJmqhctqf4.xml
V_l/V_l-UXs5TJ4.xml
V_k/V_kzgRxUtPc.xml
VcD/VcDvWsnvjmM.xml
Vcm/VcmkaKYqduo.xml
VdX/VdXPVPSgEMc.xml
Vdr/VdrnF3zJq3w.xml
Vd_/Vd_69jvkLRs.xml
Vf6/Vf6ecQd-4dk.xml
Ven/Ven6Maw8qeY.xml
Vg5/Vg55J7REWSQ.xml
VgA/VgAvvBR3VnU.xml
Vg4/Vg4YtFrANoQ.xml
Vhk/VhkDdayA4iA.xml
Vi6/Vi6sVxVhMO8.xml
Vih/VihRz_CXuPM.xml
Vij/VijzisYcIGY.xml
VjP/VjPA_el45eg.xml
Vj1/Vj1rd4QU0sg.xml
VkP/VkPdz74k6pk.xml
VkO/VkOiI1E4Q6w.xml
Vki/VkidZzTq2ZU.xml
VlT/VlTwYSfyqVk.xml
Vlv/Vlv4KhsI3ts.xml
Vlr/VlrQ5rAmnXE.xml
Vld/Vldaieplncw.xml
Vm7/Vm7L3d_uCZ0.xml
Vof/Vof1lQGJ_iQ.xml
Vsl/Vslevrne2dY.xml
VsH/VsHN20TtCxg.xml
VtJ/VtJ66BCZ1es.xml
Vqw/VqwGa_h7bU8.xml
Vq0/Vq0rVBD9mDY.xml
Vxz/VxzvUZPe_jg.xml
Vx4/Vx494IY3xzw.xml
VxJ/VxJCtAqB3RQ.xml
Vwk/Vwk-0qqZqXE.xml
Vyn/VynN_0JTuhI.xml
W2v/W2vfaP_Hgmk.xml
W2T/W2TXwJmXjsM.xml
W36/W36UjEUZiog.xml
W3-/W3-6qw7nOHc.xml
W35/W35FNyPDkzY.xml
W3m/W3moPwOFZD8.xml
W69/W69BI_SxIc0.xml
W8G/W8GwOd45ipc.xml
W8s/W8sCE63kgGo.xml
WB4/WB4c_l8EDc4.xml
W9-/W9-jJY-jzRo.xml
W9o/W9ot9rxRPR8.xml
W96/W96w717s-zk.xml
W9Y/W9YmEoFwIng.xml
WDh/WDha9wcsHXM.xml
WFi/WFizM3V1FIk.xml
WFn/WFnSxeDfENk.xml
WF-/WF-lHhHR4UM.xml
WEl/WElEFYcf9M4.xml
WGh/WGhn-Vjlosw.xml
WGV/WGVSsPgJVts.xml
WGv/WGvrDmkw1WM.xml
WJx/WJxxrbEmy2Y.xml
WK9/WK9NeKg4yZ8.xml
WMK/WMKeYJDC1qA.xml
WMD/WMDrJbX3R8U.xml
WMM/WMMcYeuhh5A.xml
WN5/WN5PqWwGJ2w.xml
WQ7/WQ7TIDSTs1c.xml
WQt/WQtq-f9iu9A.xml
WQQ/WQQCN0rgp58.xml
WQo/WQoDADDQE3E.xml
WQd/WQdvrlmdis4.xml
WQh/WQhh5mF8qGc.xml
WOy/WOyo7JD7hjo.xml
WSt/WSt8wBALiew.xml
WTF/WTFFilmsFTW.xml
WTv/WTvLLSDmt4k.xml
WTF/WTFX_D9dpDI.xml
WVl/WVln_TlKs-A.xml
WWg/WWg0eTg36AM.xml
WWp/WWpNTNjyzr8.xml
WWA/WWAzvPfC7RM.xml
W_C/W_CeXutv5hg.xml
WaB/WaBxH-ZTrTw.xml
Wau/WauyUXaqd8w.xml
Wbc/Wbc_wehL-q8.xml
Wb6/Wb6yw_DcCfI.xml
Wdm/WdmzdVPBMp0.xml
Wdo/WdoAqbc6178.xml
Wd2/Wd2LkkuqEXk.xml
WdT/WdTKyrVs5Jg.xml
WfU/WfUPL9yzoJM.xml
Wfb/WfbNbNDA_GY.xml
WgS/WgSiRutxaNY.xml
WjP/WjPH29GiafI.xml
WjU/WjUpady-uEc.xml
Wl8/Wl8oenX1J7s.xml
WmG/WmGicmCAP10.xml
Wnx/WnxPexdTdtM.xml
WoM/WoMswuBtIvY.xml
Woo/WooaGkKSwpY.xml
Wqs/WqsaYU7M1Ok.xml
Ws5/Ws5S3zjCihU.xml
Wr9/Wr9bRrOXArw.xml
WvR/WvRUvy28w8Q.xml
Wvt/WvtrqBIQjgE.xml
Wtt/WttfNrCQO_g.xml
Wte/WtebfYmQtZQ.xml
Ww0/Ww0hHR0FHtU.xml
Wwd/WwdJdhsDprE.xml
Wwb/WwbGR5_b9JU.xml
Wzt/Wztj6I8eD38.xml
Wyo/Wyo2KMYg4zs.xml
X03/X03om596G7s.xml
X3I/X3IxaT1_3Gw.xml
X3U/X3UdaHRav7M.xml
X26/X26pv7qAHHQ.xml
X5N/X5Np5Q-g-vQ.xml
X68/X68aBlnyw8I.xml
X6y/X6ySY5hDXsw.xml
XCk/XCk-cBm8JRs.xml
XCL/XCL6zBwdPmk.xml
XCL/XCL6zBwdPmk.xml
XCk/XCk-cBm8JRs.xml
XB5/XB5mtKOx5CY.xml
XGs/XGsquQJeP9U.xml
XGQ/XGQKmFcH4js.xml
XIA/XIA6ffjnJls.xml
XJw/XJw2nWf9wi4.xml
XJt/XJtsDE44B6c.xml
XJE/XJE_oCL5s4E.xml
XJX/XJXwjdDCqzw.xml
XKI/XKITGchc5hw.xml
XN-/XN-Hhm1UYS4.xml
XNZ/XNZmLDGvdv0.xml
XLx/XLx2V5awTrg.xml
XLY/XLYsITa3vYs.xml
XLx/XLx-PNtwqrA.xml
XOC/XOCXM_SnDck.xml
XOq/XOqg6AkdGoE.xml
XPE/XPEE115BpOk.xml
XRc/XRcfiZmwQtg.xml
XRT/XRT-FQvpBPw.xml
XRb/XRbKF-bR8Co.xml
XSv/XSvsbhwZAUk.xml
XSO/XSOKUIaGuiw.xml
XTd/XTd2fCqulKM.xml
XWk/XWkCzdru6dw.xml
XW8/XW8Rq6dj39Y.xml
XWX/XWXvVBgbhfU.xml
XX9/XX9ZeOtUslg.xml
XX9/XX9APo3yO4c.xml
XVg/XVgEJ8_UHFs.xml
XYk/XYkSyjHJ0Ko.xml
XY2/XY2DELpInyo.xml
XbC/XbCGKsaGRjg.xml
XbT/XbTRo9tbuVs.xml
XbI/XbI-fDzUJXI.xml
Xcd/XcdMXbPndJ0.xml
Xf5/Xf5AjClIYBY.xml
XgH/XgHoFrjR2DI.xml
Xgp/Xgpi4OT6RXo.xml
Xgd/XgdXja7Kqzw.xml
Xh7/Xh75PqJbJ_M.xml
XiK/XiKK0cOsAFY.xml
XkZ/XkZ_pMDtv3k.xml
Xks/XksuU1wNr2I.xml
XnL/XnLkakVVzlk.xml
Xqq/XqqyIlulCx0.xml
XrE/XrEuc2W2SBk.xml
XrP/XrPgjkSfQcY.xml
XtX/XtXqZmJj0s4.xml
Xu6/Xu67x29uca0.xml
Xvb/XvbibDX14nM.xml
Xvg/XvgPMHLDxnI.xml
Xxb/XxbI_RZlsVI.xml
Xwz/Xwz0uGDJeVc.xml
Xw8/Xw8JXeEKemE.xml
XzQ/XzQJlcEJfkc.xml
XzW/XzWGsO0F3b8.xml
Y-x/Y-xJhEHZmTk.xml
Y08/Y08iY_pkecg.xml
Y0N/Y0NoKFWy7X4.xml
Y0M/Y0MpiAlQV20.xml
Y1P/Y1P8cR8WaSY.xml
Y1A/Y1AEBlzLTpI.xml
Y2H/Y2HUcI_7vIk.xml
Y2D/Y2DqvU8YPAI.xml
Y2x/Y2xLxnFJ36Q.xml
Y6e/Y6eqNtM3Eb0.xml
Y6g/Y6gPvY_ZYr4.xml
Y7h/Y7hyc01pE4U.xml
YAn/YAnHuYGnI6s.xml
YAO/YAO2M2ZvTa0.xml
YA7/YA7WQAPdqv4.xml
YAE/YAEycWSydak.xml
YAX/YAXsJW6c8x4.xml
Y8G/Y8Gy4ZtvB-A.xml
Y9M/Y9MHIqFPKXw.xml
YBe/YBeEE9vh8kA.xml
YD0/YD0WxG7LQqo.xml
YFj/YFjFmn81ROo.xml
YGu/YGuAJwxvs2A.xml
YG2/YG2U0fgCYes.xml
YGL/YGL578UCoCA.xml
YJ7/YJ7CBZIRfxY.xml
YJu/YJuYQWKpJm4.xml
YKS/YKS5ykglO04.xml
YK-/YK-xg5o0wJ8.xml
YMe/YMeYm1xbORE.xml
YNB/YNBuqUkdIF0.xml
YNB/YNB9obSrOCw.xml
YNW/YNWyMUqPGqI.xml
YPj/YPj9Vd368DE.xml
YOZ/YOZjaqHioro.xml
YQ4/YQ4ZNHq9RX4.xml
YQh/YQhXbR-zTHk.xml
YQO/YQOyCn_tDfI.xml
YRI/YRIhKSCVEyg.xml
YRq/YRqYjEgDRPw.xml
YUd/YUd_i4TP2YY.xml
YUc/YUc4CHyShBY.xml
YVr/YVroGq_iz4M.xml
YVr/YVroOcol488.xml
YVp/YVpEOOxRFfw.xml
YWj/YWjp7YLUdYw.xml
YZw/YZwtbkGpSBw.xml
YZH/YZH0S2aK1R4.xml
YZ5/YZ5gWHgqelk.xml
Y_C/Y_CR1ouVvW0.xml
YaF/YaF5UbnELe0.xml
Yb5/Yb5jIoSVEnA.xml
Ybg/YbgDcUalr8s.xml
YcH/YcHmOCyeE5Q.xml
YdN/YdNm08IbafI.xml
YhD/YhDakEdeOvY.xml
YhZ/YhZDSoksPK0.xml
Yhv/Yhv7_yN2VLM.xml
Yja/YjathAxjthg.xml
Yj3/Yj3Qc3OZvIo.xml
YjI/YjI0lbrP3jE.xml
YkG/YkGg7Vpy6po.xml
YkG/YkGl2LYUstw.xml
Ylz/YlzaYigqnWc.xml
YnP/YnP2ofOdfio.xml
YpO/YpO06TqmjwI.xml
YpI/YpIfNRGzvug.xml
Ytw/Ytw1_oLgtlU.xml
Ytm/Ytmn6cEQYF8.xml
Ys0/Ys0WVOPmA6g.xml
Ysf/YsfOa6ZuIXc.xml
YsQ/YsQDmetc6wU.xml
YsD/YsDaW1I44y0.xml
YuE/YuEuHQwjxpY.xml
Yu_/Yu_moia-oVI.xml
YwP/YwPY1S8bEBA.xml
YwM/YwMAGpdT-38.xml
Yxr/YxrHPZN2IxE.xml
YyH/YyHAY7Iz_wI.xml
YyD/YyDcKINFugE.xml
Yzf/Yzf51Z6SlV4.xml
Yzv/YzvQ60Rhw9k.xml
Z-_/Z-_Shn4xOxI.xml
Z-y/Z-ywkgcNMIE.xml
Z1k/Z1kQBe6a1mU.xml
Z1F/Z1FvrkLpJeQ.xml
Z1E/Z1ESYZBOLNs.xml
Z2L/Z2L8rI99N_U.xml
Z2v/Z2vRtwmKo1U.xml
Z2w/Z2wkbdM_JJM.xml
Z3P/Z3Peg4gfVec.xml
Z3F/Z3FQgcBCbs8.xml
Z5M/Z5MAwXI69HE.xml
Z87/Z87DoohVCkw.xml
ZAV/ZAVq4CWuSgQ.xml
ZCz/ZCzkmjB4p6w.xml
ZC9/ZC9yTQaM9tQ.xml
ZBY/ZBYXDiNGVKM.xml
ZE6/ZE6H8eO9oVs.xml
ZEM/ZEM_X4Uf-08.xml
ZEo/ZEooCfq-lMY.xml
ZFB/ZFBXZr0tLOA.xml
ZGG/ZGGy-T-fy6c.xml
ZG-/ZG-asmsxBig.xml
ZGo/ZGoqooR3sSU.xml
ZIq/ZIqEXrLhO90.xml
ZJs/ZJslqLdqwU8.xml
ZJc/ZJcIKSR0qNM.xml
ZL4/ZL4Q7pPcTMA.xml
ZLr/ZLrWMJ_N4hs.xml
ZL6/ZL6agSDIYkw.xml
ZOu/ZOuFWqlWqC4.xml
ZOf/ZOffcwaxCNk.xml
ZQ0/ZQ0zzK0lLtk.xml
ZSL/ZSLPz2PPuvs.xml
ZTC/ZTCT4yVTkv8.xml
ZTx/ZTxHzvabSK0.xml
ZUo/ZUoZu3exgbM.xml
ZVh/ZVhR0As-BNo.xml
ZXk/ZXkw_Yx5rVc.xml
ZYY/ZYYPVbfaV6M.xml
Z_Q/Z_QMNBlbbaY.xml
Za5/Za5I9KBqhSY.xml
Zac/ZackScottGa.xml
Zg0/Zg0icpsjwNU.xml
Zi7/Zi7vIlgPWNk.xml
ZmM/ZmM1fVKwKFU.xml
Zka/ZkaC_z_YVYw.xml
ZkQ/ZkQvB2oU9gQ.xml
Zn-/Zn-8JoAeFxU.xml
ZnX/ZnXt2d8WiTE.xml
Zqs/ZqsC_fEgQ1s.xml
Zrw/ZrwWdBm8Rjs.xml
Zrq/Zrqx_rDHMpY.xml
Zrh/ZrhS513cOIQ.xml
ZrJ/ZrJsYwfM6LU.xml
ZtN/ZtNxYp-0Ye8.xml
Ztz/ZtzrkPfwtCc.xml
ZwL/ZwLvkGRuhOY.xml
ZzG/ZzGZBRWqfAQ.xml
Zyu/ZyuGYrh5AoI.xml
_-M/_-MdtXsPrXU.xml
_-2/_-2PoG1Ao5c.xml
_1e/_1eUZBjKXxw.xml
_0o/_0orc6syP0g.xml
_2p/_2pqJq6bl2w.xml
_2a/_2a5AFAXUK8.xml
_33/_33ybZ3_wFc.xml
_35/_35pY0bTkCI.xml
_6c/_6czp1x3Vlk.xml
_7Y/_7YH1IFxGaA.xml
_Al/_AloLpu96MY.xml
_Dd/_Ddqv1-iqFU.xml
_Go/_GodFq6NU00.xml
_KE/_KERlZRhRkI.xml
_KF/_KF-LybvBcQ.xml
_KL/_KLHajDlRP8.xml
_Io/_Io3dAZCZZU.xml
_I0/_I03he6DX3Q.xml
_LB/_LBwv3FzfoY.xml
_Le/_LewEu7B9i8.xml
_MF/_MFOCLp11TQ.xml
_Q7/_Q7HUVawtYo.xml
_TK/_TK64K2PX5I.xml
_SP/_SP4rdKUCRY.xml
_SY/_SY3woTrJHY.xml
_Vj/_VjK2yWL024.xml
_UA/_UAQSBLvCHQ.xml
_Uc/_UcQ8B8e7Vc.xml
_UE/_UEPMHjR7_0.xml
_XX/_XXwyz7CQ3c.xml
_WS/_WSOnsVddnM.xml
_WJ/_WJlCabsnvg.xml
_Zo/_ZohSSMJe7k.xml
_Za/_ZaWYP0ZPp4.xml
__K/__KToA9WsDo.xml
__H/__HeE6NWmDE.xml
__T/__TncxgM7JY.xml
__M/__MEnTKd7dw.xml
_be/_be9wOVddnE.xml
_cE/_cENBriaa9g.xml
_dk/_dkmIvxEpck.xml
_d0/_d0E6XXI3Ws.xml
_hk/_hkYwBwFqM4.xml
_kJ/_kJdDBb5uHc.xml
_mL/_mLLZ9gn8T0.xml
_my/_myAz2ifv-s.xml
_mi/_miCgJL_GC0.xml
_nR/_nRBHMR-ck8.xml
_n1/_n1YXtDmYvU.xml
_ou/_oufBii4Bp8.xml
_ow/_owsIRFetF0.xml
_oD/_oDyzXc8tEQ.xml
_oo/_ooIwUJUVJI.xml
_qC/_qCks6ebtgo.xml
_qS/_qSRe-f9gVQ.xml
_qV/_qVCRTjIXec.xml
_r8/_r8syz7kr8I.xml
_tV/_tV3vxP4-PQ.xml
_uj/_ujdzKHZY90.xml
_we/_wetSCOwaHA.xml
_w6/_w6QpkzYKBM.xml
_vo/_voojg6RKzs.xml
_vq/_vqP29Niv7c.xml
_xO/_xOZQEeY1Vw.xml
_z8/_z8s5iB-kyY.xml
_zj/_zjar34N0f4.xml
_z0/_z08O-e-Qkc.xml
a0q/a0qXV03AIgw.xml
a-d/a-dY1jPjpQE.xml
a5s/a5sW0YrtwKU.xml
a5b/a5bjv2-Zgms.xml
a5D/a5DBos5G2Z8.xml
a4W/a4WDeQNtQnY.xml
a6g/a6gbWwh6Djc.xml
a6-/a6-Pq6nEYMI.xml
a91/a91tryT92pU.xml
a9j/a9jHl2gQQpw.xml
a8f/a8fO7Pez2Is.xml
aAe/aAe7jqqohu8.xml
aAY/aAYDTkMLh74.xml
aEc/aEcuLD7EAPo.xml
aFs/aFsZC9qREfU.xml
aGr/aGrq6hvSp_o.xml
aI5/aI5fhBmTyTY.xml
aKT/aKTGYpSvqRY.xml
aKE/aKE52hmJy2M.xml
aKJ/aKJhDhDvjLI.xml
aLb/aLbC4qQr1aY.xml
aLa/aLafqSXXqOg.xml
aN7/aN7QhJg8yp0.xml
aN0/aN0dv9jWfVo.xml
aP6/aP63GzuKmNk.xml
aOM/aOMdVWXm6Gc.xml
aOb/aObqncdnWYE.xml
aOf/aOfhCNmLPCI.xml
aTZ/aTZW4fYLZno.xml
aUf/aUfE6SAPM20.xml
aU7/aU7Y6IWTNOc.xml
abG/abGc2XK8yVE.xml
afr/afrGfVI3_S0.xml
afg/afg8BRoyo3I.xml
af2/af2g3v8cE6k.xml
ag1/ag156qZOrjw.xml
ag1/ag156qZOrjw.xml
ahR/ahRd3MkXnPg.xml
ahu/ahu95UXu2yk.xml
ajl/ajlarSGh8fI.xml
aj5/aj5BVI4OGok.xml
ajV/ajVUELeufAk.xml
akc/akcZWQB5ti4.xml
akg/akgKNN-DrsU.xml
ani/animalistne.xml
aok/aokopMy09l0.xml
aof/aofF0TANnLA.xml
aoT/aoT6Fos993M.xml
apE/apEZpYnN_1g.xml
arc/arcadesnowd.xml
ar5/ar58_7R-9Do.xml
arn/arniUw7kt7M.xml
asr/asrvV15qbgM.xml
as-/as-SALpccd8.xml
auY/auYdQSbpXPE.xml
avS/avSuLWPelW0.xml
avI/avIOzZBvOlA.xml
avJ/avJplbP-OJ8.xml
ayH/ayHc41zk4ws.xml
ayG/ayGE53iO4oQ.xml
ayz/ayz8UKO3oAA.xml
ayV/ayVijAMnXL0.xml
awM/awMye6jPJTI.xml
awk/awkwardkids.xml
awe/awesomeness.xml
azL/azLkQrZEJEM.xml
b2a/b2aG4qYamJE.xml
b1X/b1XBuAOQLyk.xml
b1r/b1rFbaeD3Cc.xml
b1T/b1TKJtmD8Fc.xml
b3n/b3nGgj5SXjQ.xml
b3K/b3KRD2wM61k.xml
b6t/b6tfhl1s0d0.xml
b7f/b7f2PCOhenQ.xml
b7_/b7_TP-plg84.xml
b7I/b7I5Q-4RAlQ.xml
b74/b748PBlhLzQ.xml
b7v/b7vb2u39w68.xml
b7T/b7TbztdrakY.xml
bBb/bBbicXKoEXo.xml
bCO/bCOSywI7dng.xml
b9Y/b9YrsrbghIw.xml
b99/b990o5i586A.xml
bDw/bDwZ7ursqD4.xml
bF0/bF0hY2d2ztA.xml
bFI/bFI7lEkghuQ.xml
bGQ/bGQmAOLcc5c.xml
bGK/bGK9Bv89uGc.xml
Upg/UpgAXQhuN4I.xml
Urh/UrhJS-sfrJs.xml
Use/Use7gtdkOPg.xml
Usc/UschNWVttUI.xml
bIG/bIG1JhRzzXs.xml
Uo4/Uo4X8rqHTrI.xml
bK_/bK_uQuwZNrw.xml
bLU/bLUZsTdySDA.xml
bQS/bQS8qu2jmNo.xml
bQR/bQRrOl4-Q3M.xml
bNr/bNrr4FNt6hI.xml
bO7/bO74HqJNzDo.xml
bUN/bUNF1MCwcDM.xml
bUu/bUuOcZ4f3Qs.xml
bUc/bUcwMkZtWD4.xml
bYq/bYqlubPNdck.xml
bY_/bY_upBKOMCw.xml
b_p/b_ptqnl5B64.xml
b_p/b_pTtju_MPY.xml
b_l/b_luMHmlCio.xml
baG/baGxJMgiuLs.xml
bam/bamachick11.xml
baB/baBYUeHMbX4.xml
bel/belatedmedi.xml
be2/be2XelY9ud0.xml
bed/bed3or8Zflw.xml
bdL/bdL5YEuRNoU.xml
bg8/bg8j6sLo5PA.xml
bfB/bfBtZomnfgA.xml
bll/bllgSo9tKc8.xml
bin/binxlgJtwRQ.xml
bon/bondiharves.xml
boX/boXtdqI1j9g.xml
bor/boredshorts.xml
bfB/bfBtZomnfgA.xml
bp-/bp-xXpRU2rU.xml
bra/brainstuffs.xml
bru/brutallyhon.xml
brY/brYh6ht_st4.xml
bss/bssoQposYzs.xml
btG/btGQe0bcpmQ.xml
btF/btFIvnT6Jfw.xml
btX/btXgZQYh0b8.xml
bvm/bvmxJYzLnXA.xml
buF/buFgra0Njoc.xml
bzx/bzxMe8Oz-AI.xml
bwM/bwM4mbp-DXc.xml
bwm/bwmGkPS_oFw.xml
bw1/bw1OPJLPmms.xml
bw4/bw4NKgZR9-E.xml
bwM/bwM7hjGa4ho.xml
c2k/c2kapgyNN-s.xml
c3x/c3xFgk6KNy8.xml
c7V/c7VUYjzNHZE.xml
c4Y/c4YcWuJAiHE.xml
c47/c477UZgXAPI.xml
c0I/c0IO9izu_MY.xml
c0n/c0neS1-bUII.xml
cAI/cAILzmoplaw.xml
cDp/cDpxUfdD_6c.xml
cCh/cChvwfFi68Y.xml
cJ0/cJ003J1B-wY.xml
cJb/cJbiiawqHTI.xml
cKR/cKR64e_oryk.xml
cKy/cKyQ9BlXNk4.xml
cK7/cK7el_RhtrY.xml
cKR/cKRswStlaHU.xml
cNx/cNxQkj_leuM.xml
cNF/cNFT1yHAJCQ.xml
cMf/cMfeeH0XKoM.xml
cO0/cO0dK6rh61s.xml
cMf/cMfeeH0XKoM.xml
cSS/cSS1P7T4Ut0.xml
cP3/cP3xSGjjE_o.xml
cP5/cP5u-9RPLlo.xml
cPS/cPS9u4WfdFM.xml
cPc/cPcU6N8fYwA.xml
cQS/cQSp3_KLQPQ.xml
cQ4/cQ4vs-qIQRc.xml
cQo/cQoz6C7SzGk.xml
cQp/cQpiybyAZ9g.xml
cQp/cQphIrWdl3w.xml
cQp/cQp54Pqp76c.xml
cUz/cUzpXdTREKo.xml
cT8/cT8HM_FjAVY.xml
cYd/cYdoaDVotp0.xml
cYm/cYmifkvV-7s.xml
cWH/cWHhyFVjvpk.xml
cWP/cWPQRMzqUj0.xml
c_P/c_PiN3xuZas.xml
c_t/c_txi5MboLU.xml
c_k/c_kcwHaKaAU.xml
cbT/cbTqpheawx0.xml
cbu/cbutJwhI4-o.xml
cap/captainspar.xml
can/canjR8rC8Wk.xml
ca4/ca4Y27cNqkg.xml
ccZ/ccZuWGVzJA0.xml
cd2/cd2WUoUgXfE.xml
cf1/cf1MPGchcGQ.xml
cfZ/cfZFYoYgZgU.xml
cjS/cjSXFk2y-go.xml
cji/cjiN8oHpjo0.xml
cge/cgeZNBZfj-4.xml
ckU/ckUlpa5TI4o.xml
ckF/ckF0ETeYCPk.xml
ckV/ckVDKFtRnl4.xml
ck2/ck2zd5wc_fQ.xml
chU/chUYAQqWq20.xml
chz/chz0_nPe_PI.xml
chc/chcve4pU8YQ.xml
cha/channelfred.xml
clj/cljgGfl6MbY.xml
cld/cldOsz2yXrw.xml
cmX/cmXuqRjV5z8.xml
cnm/cnmK69-StL8.xml
con/conspiracys.xml
com/comicstoria.xml
coC/coCsLWqT3v0.xml
con/continuesho.xml
co_/co_yb8b-D7Q.xml
cra/crashcourse.xml
cqm/cqms09ME8Do.xml
ct4/ct4sIddl6aQ.xml
ctg/ctguPv14kw8.xml
cvL/cvL-3OBAEs4.xml
cxU/cxUV2YtKo5M.xml
cz-/cz-rkfYyMjA.xml
cyC/cyCiv2Jog6k.xml
d1w/d1wwZn12lKM.xml
d1v/d1voc_YDbMw.xml
d1l/d1lJgJB3Wao.xml
d34/d34eMOdcTqs.xml
d3J/d3Jc_3BE8FY.xml
d62/d62KOBdp74c.xml
d8H/d8HYwZX9OKE.xml
d8-/d8-LG8k_6ZU.xml
d7p/d7p1L7CjgAo.xml
d9g/d9gsTS2cOI8.xml
d9M/d9M835iBHgk.xml
d9m/d9m4inI2IKQ.xml
d9n/d9nhkD-Q7lc.xml
dBH/dBHSvxG-F_k.xml
dAX/dAXDb-Z2e4c.xml
dAM/dAMvlJAjrdM.xml
dG9/dG9ysAhI_hI.xml
dGF/dGFZo7b0evg.xml
dF0/dF0ZR7Zmo-8.xml
dFN/dFN0cot1Pks.xml
dMi/dMi8_ki8lQ4.xml
dNb/dNbfUUgH2bI.xml
dOR/dORN9FRlOpc.xml
dPZ/dPZrHREXHJE.xml
dS3/dS3A53soua8.xml
dQ3/dQ3atZFV63Q.xml
dQv/dQvzLrHog0M.xml
dUF/dUFbAdlChyY.xml
dU4/dU4lPAf9BR0.xml
dX8/dX8fVWa7jfE.xml
dXd/dXdkbL6sRic.xml
dYB/dYBGKOm8CKM.xml
dYA/dYA2P0Eb3hM.xml
dY9/dY9Ss7eQAkk.xml
d_u/d_uSbDAKJuI.xml
dZg/dZgzBPkr0uM.xml
dcA/dcAB2VQ7bt8.xml
dcc/dccvf7FoAPI.xml
dc2/dc2f1sPMQ3Q.xml
dcQ/dcQ0yO5ssmY.xml
dbL/dbLlo3MUqK4.xml
dbc/dbcGKL1XtGA.xml
dbz/dbzXEY7bKxc.xml
ddh/ddh5tUc-fMc.xml
ddg/ddgyg_5FF_0.xml
deE/deE17kzELjg.xml
dei/deiKqkQtlkg.xml
dev/devinsupert.xml
de8/de8sIgEBQaI.xml
dev/devingraham.xml
deT/deTIb0rLDDY.xml
dg1/dg18xbBKrQc.xml
dh_/dh_NbFCRLOs.xml
dkB/dkBFt28t_ls.xml
dis/disneyshort.xml
dj7/dj7SXQqCBjc.xml
djz/djzIv1NJpRo.xml
doy/doyYVJWh3bA.xml
dtf/dtfZbqAj2fU.xml
dtF/dtFjdNJJgyY.xml
dxc/dxc5W6JDIy0.xml
dxL/dxLEaJ0IR2U.xml
e0t/e0tYr0ehp6g.xml
e1X/e1XJchAiFhQ.xml
e1P/e1PaHqcLnE4.xml
dyC/dyCDtDTBIVw.xml
dy1/dy1__wxYW1Y.xml
dye/dye_T65Gq3k.xml
dyw/dywNGRI9kt0.xml
e3o/e3oRU4e1mE8.xml
e3Y/e3YfA6wre3Q.xml
e3i/e3iP2ufhg1I.xml
e4a/e4a9MtxQtYo.xml
e40/e40YRDrVMnA.xml
e2o/e2oFNyYjwdY.xml
e9U/e9UlQt4pKvA.xml
eAr/eArxT3lLB9E.xml
eA2/eA2j6yXupw8.xml
eES/eES8ZMSwYOs.xml
eCn/eCnIMDZD6v4.xml
eGj/eGjB1kjFTpM.xml
eGQ/eGQ501cHM1w.xml
eGN/eGNmYm6geic.xml
eDM/eDMzyBkM0oI.xml
eDp/eDpDC2fcZpo.xml
eJH/eJHyrB_pvWo.xml
eJ7/eJ7Vfiw7Yrs.xml
eJl/eJls-Ibv5po.xml
eJR/eJRQcMXTLNo.xml
eLI/eLITiRC_gOE.xml
eN_/eN_WgcVXTPQ.xml
eN9/eN98gIVteG4.xml
eNw/eNwaQnG49Cs.xml
eQF/eQF7zE4V5IE.xml
eT0/eT0AidPyvTc.xml
eSt/eStbVMAaXH0.xml
eMJ/eMJSJzk8cY4.xml
eMQ/eMQexPKUBzo.xml
eMi/eMisWdswaVo.xml
eVE/eVES78Uvymw.xml
e_t/e_tSlbZGeS8.xml
e_Y/e_YRh07b3QM.xml
eYo/eYoUVLVuNo0.xml
eYm/eYm6VvTrS5A.xml
ecj/ecjEJxaLjaI.xml
ecp/ecpulMbkDRk.xml
ecy/ecyGAq-tbTI.xml
ed3/ed3ca6GcO9Q.xml
edp/edpSClGC0-A.xml
eep/eep9ii_ELxk.xml
efJ/efJPyMT_Mns.xml
efG/efGb2cqD_eE.xml
efx/efxLtx-h_rg.xml
eft/efttzj5VtXE.xml
ekU/ekU-DyfWYqg.xml
ekO/ekOvJS9mKUg.xml
ekH/ekHaHLQy55g.xml
egD/egDbB2byUB0.xml
egs/egs2CqPXjdk.xml
eiW/eiW22l1UgnQ.xml
eli/eligiblemon.xml
el2/el2pLqrTSIg.xml
elK/elKmZHa5GY0.xml
enC/enCA4ePrdnk.xml
emE/emEaYKU9I-I.xml
eor/eorFRezSvLU.xml
eoK/eoKr5CrvFxQ.xml
eon/eonanAFHbZ8.xml
ep6/ep6RI0B3Pd8.xml
eps/eps30TFvg6A.xml
eva/evantuberaw.xml
eva/evantubegam.xml
evy/evynneholle.xml
erB/erBzWVqygPc.xml
esh/eshxzskzoec.xml
esp/esp9nj0WUa0.xml
etd/etdN4JzGSRk.xml
exc/excekQMhDQc.xml
ext/extracredit.xml
ey9/ey9CvoXUd0E.xml
ey3/ey3vDJybLds.xml
eyl/eylhVWN8KFI.xml
ezD/ezDKQ7IrdlY.xml
f2D/f2DxDwonr_w.xml
f1t/f1tWBHXU7no.xml
f3B/f3BR7WqBoj8.xml
f3d/f3dtL8YCKn0.xml
f40/f40J0ck1-14.xml
f56/f56ctoASjns.xml
f5Q/f5QY4n8uk7E.xml
f8E/f8EJUMm9fWM.xml
fB3/fB389LDwixc.xml
fAD/fADAzKgyajY.xml
fAV/fAVRNA1l1wM.xml
fCm/fCm586FAgN0.xml
fFp/fFpTg4EaW7Q.xml
fFO/fFOMNXGJh-8.xml
fFD/fFDzXg7QRBc.xml
fF6/fF6jOP_VASw.xml
fHM/fHMH88lnbK0.xml
fHZ/fHZ51MiJNrE.xml
fHQ/fHQ05ytgNGE.xml
fI4/fI4bZLvmTNU.xml
fIj/fIj3WwI6Elg.xml
fIm/fImQbh4qhD8.xml
fKf/fKfFj20Fasw.xml
fK9/fK9tTWPP_FE.xml
fMD/fMDr7RyD21U.xml
fLJ/fLJQ9gZWM_Q.xml
fLO/fLOLq21LnrA.xml
fRG/fRGlgi_Dp7Y.xml
fO5/fO5h0MBH5N0.xml
fQq/fQqNIqZCnlA.xml
fQl/fQlY0flGmBs.xml
fQa/fQaXJCeu5Ls.xml
fPe/fPeCpcQrRYw.xml
fP3/fP3HJVp3n9c.xml
fSJ/fSJ7EzBdq_I.xml
fS4/fS4gXirE7Lo.xml
fUV/fUVjxk7WNNE.xml
fUL/fULOhajU3Vk.xml
fU3/fU3-t7D5er4.xml
fTb/fTbU9AxT8gw.xml
fWP/fWPPwQTV0og.xml
fXn/fXnaTH4OrwA.xml
fXq/fXqfbacU_gI.xml
fY5/fY5V0PS4v2U.xml
fY4/fY47O1QYmUQ.xml
faO/faOf0qSI1us.xml
faA/faArbI4Fkj4.xml
fab/fabaquarius.xml
fbF/fbF7w2ZR7RM.xml
fdh/fdh9sqzEC18.xml
ffP/ffPJQnBmZ4I.xml
feg/fegKasw4uU0.xml
fgQ/fgQ4RLImSZY.xml
fgz/fgz9Ej9t344.xml
fgn/fgnz4QlRI2o.xml
fge/fgeKTHAIIAk.xml
fhR/fhRAI3uO6Kg.xml
fhR/fhRAI3uO6Kg.xml
fjJ/fjJtPuoJ9Wc.xml
fjE/fjEpEZjPiTc.xml
fiS/fiSR9C3aUag.xml
fi3/fi3HwzgeJmM.xml
fmi/fmiZA8RK38E.xml
fmz/fmzErIFb3tI.xml
foe/foeSuwMnDks.xml
fqy/fqymcJRSbxI.xml
fq2/fq2u2F2z-TM.xml
fqM/fqMdIPD0TNY.xml
fqu/fquv57YH8ho.xml
fq9/fq9q9SRrxyI.xml
ftx/ftxXeX2m8Zg.xml
fur/furiouspete.xml
fuF/fuFs4RpquvY.xml
fur/furioustalk.xml
fx8/fx8xDvNQ9Pg.xml
fxV/fxVvKd8IRX0.xml
fx4/fx4KRaiTprM.xml
fxA/fxAx0VroJP4.xml
g-J/g-J6lnLJkzs.xml
g-p/g-p3hLeP2lQ.xml
g-9/g-9fRNXV_LM.xml
fym/fymFUZapnro.xml
g3t/g3tKZ8K0c40.xml
g28/g28IT2VHEek.xml
g1M/g1MqBNM-zfc.xml
g5L/g5LfYHJWUtE.xml
g5A/g5ACNl-DoQs.xml
g87/g87Xyt2agWQ.xml
g8N/g8NOSOH9BbE.xml
g6t/g6t21dMLWdk.xml
g6I/g6IZ-T3O41s.xml
g6T/g6TM2aAkQVs.xml
gAz/gAzC7pWWWLI.xml
gBK/gBKZE3-4AJ8.xml
gBf/gBfi440DIso.xml
g9M/g9MPtBC6niQ.xml
gFE/gFENEB4UaHc.xml
gFz/gFzOg_ytNGA.xml
gFT/gFTrg-F0GVI.xml
gFF/gFF2amFCsjI.xml
g7l/g7loJary49o.xml
gIA/gIA5UTvrpcQ.xml
gId/gIduR3L2y6s.xml
gIO/gIOzIS147rI.xml
gIX/gIXlWQxsbM4.xml
gHk/gHkAKhz2Y0A.xml
gKY/gKYSQ0-dbWE.xml
gKK/gKKVQLDYYcy.xml
gJ3/gJ339R39nbM.xml
gJ0/gJ021AVIsWI.xml
gJB/gJBvk2-S8QQ.xml
gJn/gJn97A5txB0.xml
gLH/gLHS_YBZPs8.xml
gLF/gLFTmoe0QU8.xml
gQi/gQix4t918z4.xml
gRW/gRWwOnHR9qk.xml
gR1/gR1ZNvl7x9c.xml
gPp/gPp3iuk5Blw.xml
gPv/gPvioU_SLTE.xml
gUF/gUF0AHuGt5E.xml
gTb/gTb5c5QWZ4U.xml
gVZ/gVZkuQX2X0g.xml
gZ7/gZ74ODFAIrE.xml
gZ6/gZ6nc_ZBmRo.xml
gar/gardinersis.xml
gbk/gbkYjHLYFV8.xml
gbt/gbtTAEAE8ak.xml
gbO/gbOC9hjOjeM.xml
gdI/gdIVM5xYMEc.xml
gd1/gd1Og6LHIaU.xml
gdL/gdLM6Kn1Lp4.xml
ggu/gguMyYmSr4c.xml
ggP/ggP2N7EB070.xml
ggW/ggW0TSeKOQM.xml
giR/giRdNzeWPUc.xml
gik/gikDH4jlv9I.xml
gkh/gkhSXfKsGdg.xml
gky/gkylsRGStgg.xml
gno/gnoeZ9JylVI.xml
gnK/gnKykeEWX3s.xml
gnm/gnma9_OHO8I.xml
gjC/gjCg-Gl0X7Q.xml
gjs/gjsYkQK4KGo.xml
goY/goYHNJ8kIVc.xml
gon/gonetothesn.xml
goF/goFrP-X5aIg.xml
gq5/gq5o3syhkLs.xml
gp-/gp-4nqFAK0M.xml
gph/gphVE0KdWus.xml
gr8/gr8zoz0NY2Q.xml
gra/grao-9cdtis.xml
gra/gra2lARgmtg.xml
guY/guYQLRSi1zU.xml
gua/guardianmem.xml
gv1/gv1lIXSBZbI.xml
gvR/gvROLt37Q5Y.xml
gyQ/gyQQP2AC8Ww.xml
gxO/gxOzuwzn_VM.xml
gxC/gxCHNYucpV0.xml
h-W/h-WE93ZB9MA.xml
h-x/h-xkOIc4AsI.xml
gzk/gzkESo2n8Zs.xml
gtG/gtGVz1W4PRs.xml
gtv/gtvscB73WoI.xml
h1T/h1Tv-8gunZo.xml
h2t/h2txsAx46Dc.xml
h3v/h3vimxH0SzE.xml
h5C/h5C0GQeEoOo.xml
h73/h73-TxVZw8w.xml
h8a/h8aKjegYM6Q.xml
h8z/h8zBs4iCwzU.xml
h6S/h6SXU9LXiVo.xml
h6N/h6NE1AFfOzc.xml
h9u/h9uziu_M860.xml
hB_/hB_9lwuBMHw.xml
hBw/hBwW47AbO-E.xml
hAU/hAUfemojkMk.xml
hAu/hAuj15BaxDU.xml
hFo/hFoYcy0iHko.xml
hG2/hG2nJWx9djY.xml
hL8/hL8jEUXVIAQ.xml
hLZ/hLZXb4IA3dA.xml
hJ9/hJ9v-H89Hiw.xml
hJP/hJPyEvok97k.xml
hMK/hMKsyu-nnFY.xml
hMR/hMR6d9Q0JgU.xml
hPJ/hPJ0oLahGDg.xml
hPi/hPivDzlOBb0.xml
hRk/hRkADa8ZF-4.xml
hWD/hWDo5GpT3JA.xml
hWr/hWrfSX59Fng.xml
hX3/hX3MwwJNK6c.xml
hSY/hSYPSbJ6w7I.xml
hVq/hVqDyALf1Z4.xml
h_b/h_biYk0YUeM.xml
h_s/h_s2-HY2JQ0.xml
h_1/h_1VIeymF-c.xml
har/hardscience.xml
haz/hazIopgMSQw.xml
ha7/ha7V0E3XVRU.xml
haO/haOQ3MEyzbg.xml
hZd/hZdykKzUdj0.xml
hZD/hZD2xmFhU3Q.xml
hc1/hc1hX6C1zk4.xml
hcJ/hcJSipFs3F4.xml
hce/hcew-d73JZc.xml
hc4/hc4n4TotSpo.xml
hej/hejv3w0Cr7Y.xml
heA/heAEbUaN9aQ.xml
hd8/hd865OtD29U.xml
hj0/hj0-R7RKoxg.xml
hjb/hjbwVzJR8w4.xml
hin/hincB9cpNmg.xml
hid/hiddengeniu.xml
hk4/hk4eC6RtjUo.xml
hkv/hkvKFRuvoWw.xml
hml/hmlH--9bbgU.xml
hmE/hmEnSd4UzxE.xml
hm6/hm6iRZoiJRg.xml
hnQ/hnQJHIBHHdk.xml
hpk/hpkzC9O6t-E.xml
hpc/hpckgg5tmq0.xml
hpK/hpK7KVP7By4.xml
hps/hpshhxplgAU.xml
hp3/hp3dzTW523I.xml
ho9/ho9kgRUV9_k.xml
hs9/hs9-DQ4cN3U.xml
huw/huwz6s4avoE.xml
hur/hurUhxoY2WM.xml
huw/huw3bR8OFiU.xml
hu4/hu4EVzGSmPU.xml
hu2/hu2rRqFazuA.xml
hvo/hvof69J4Yk0.xml
hyq/hyq3tj1V2nI.xml
hx7/hx7BQiWXpgs.xml
i00/i00OhsknoZM.xml
i1s/i1sSDtjf25g.xml
i1L/i1LGfMQRez8.xml
i20/i20J9U_tXSY.xml
i5V/i5VFIHxo6MA.xml
i5w/i5wK4jjGy0Y.xml
i7J/i7JSO7_phw8.xml
i7M/i7MLm-o1OXw.xml
i9L/i9LxGxbnEgQ.xml
i9p/i9pUG4057xg.xml
i9o/i9ozn8EF5xI.xml
i9a/i9aXpsIpBZ8.xml
i93/i93C2-YX_R8.xml
i6l/i6l6I7Tm2JA.xml
i85/i85kWIX1s-k.xml
iBH/iBHzvRTCG24.xml
iBN/iBNl0hxZVxI.xml
iBC/iBC54lUzsyc.xml
iD4/iD4sSUhxYBY.xml
iE6/iE6WLkRy5ck.xml
iCT/iCTSXm4nVUE.xml
iCW/iCWt-r5BXR8.xml
iCB/iCBLJUxm4nA.xml
iFQ/iFQkKLUorYs.xml
iFE/iFESSg8o0-4.xml
iFD/iFDsoozsas0.xml
iHA/iHAyqQ-sPyA.xml
iGo/iGoGPx3RFEw.xml
iG4/iG40WbrpORo.xml
iID/iID_hBSt0tM.xml
iQ3/iQ3vb3cFAIs.xml
iQd/iQdP5QTPKjk.xml
iRJ/iRJGvJLvmQQ.xml
iRC/iRCm-K92Tro.xml
iS0/iS0y3NhE5-Q.xml
iSg/iSgb01pvVYM.xml
iXl/iXlw9mLFpUw.xml
iXx/iXxAvkSCruY.xml
iX_/iX_dI3QT2Kg.xml
iVg/iVgB2RMAl-c.xml
iVu/iVuqPFQSgIU.xml
iZE/iZED7Igl8OY.xml
iZN/iZNiM-lUNFY.xml
iZ9/iZ98KQPnxn4.xml
iWX/iWXusJM7wfU.xml
iaD/iaDMOcu__N8.xml
ib1/ib1QQsUCeDo.xml
iba/ibacFB4eVTI.xml
icQ/icQcegzEjig.xml
icO/icOJ-vn734o.xml
ieh/ieh5mJloyN8.xml
iej/iejab0r29AE.xml
ikC/ikCaFVcMEV4.xml
ikg/ikgbc7lFW_A.xml
ikh/ikhYYyjPQqw.xml
ijP/ijPjTs5MmsY.xml
ija/ijaRE0FDfKk.xml
iiI/iiIAFVY-eX8.xml
iis/iisDDyniaQY.xml
iiD/iiDFq42-J2s.xml
iou/iouMeYZpLRA.xml
ipf/ipf_FPpqXAk.xml
ipn/ipnVfN07eWI.xml
iqU/iqUjY4gyYkE.xml
iq1/iq1oh93UcPw.xml
iqC/iqC07ckOwCY.xml
iqx/iqxkPV3yBto.xml
itd/itdr25W1b-E.xml
its/itsalexclar.xml
its/itsmeannama.xml
ium/ium1mlymTNM.xml
ium/iumf4V0qiCQ.xml
iu_/iu_5fVP4QzY.xml
iwv/iwvQwCN0kpk.xml
iwa/iwantmylaur.xml
iwX/iwX4RE_RYYE.xml
iwf/iwfF2I5VoSw.xml
iw3/iw3zwdsdgUE.xml
iz4/iz4BTdkQa8w.xml
izV/izVi0fvGoL0.xml
iyO/iyOxFvLRq6Q.xml
j-Z/j-ZELT8FHaA.xml
j0b/j0bHJu0VGxY.xml
j0K/j0Kh7aWzoF8.xml
j0k/j0k5_i0aZDc.xml
j3f/j3fgGvQB-5c.xml
j2-/j2-IxBgL-SU.xml
j4R/j4RcyD3ev4o.xml
j4n/j4nVTncDYxU.xml
j4A/j4AbtLxwWVo.xml
j5Q/j5QCFmjOXvk.xml
j63/j631upXEJG8.xml
j6P/j6PWbSvTGXY.xml
j69/j69zUdUr9wo.xml
j7A/j7AgMV-JrPk.xml
j7_/j7_xeCqCK2A.xml
jAA/jAAf-P6tXZw.xml
jAn/jAn1uRvVVWM.xml
jCu/jCu0C86HyRg.xml
jFa/jFab6cMUzHc.xml
jH_/jH_E_TjG8qs.xml
jH4/jH4dgmyz-fc.xml
jMm/jMm1EdpRcyM.xml
jM2/jM2Az1PGgvE.xml
jM0/jM099TPvJHE.xml
jNY/jNY_5O6rrrE.xml
jO7/jO71-GpGIOA.xml
jOc/jOc1gJgXT88.xml
jRc/jRcnHzpZC2A.xml
jRt/jRtDiQ2s5Ww.xml
jW-/jW-anr_m1t8.xml
jWL/jWLkcV0xGZ8.xml
jWq/jWqPqaVXGeo.xml
jSb/jSbMCZ0RU04.xml
jYM/jYMKHBpeOWM.xml
jYC/jYCNjMnzWiE.xml
j_K/j_KLegn263Y.xml
jZ9/jZ9L22wZF8Q.xml
jZn/jZnz0NG4HPg.xml
jai/jaiDf29Evts.xml
jaE/jaEclWJ1iwM.xml
jag/jag8Tj2s6sQ.xml
jal/jalfbE3qUyw.xml
jb4/jb4hq1YwAuM.xml
j_K/j_KLegn263Y.xml
jdB/jdBCfsmZ8MM.xml
jcg/jcgAoYRO-Ew.xml
jc1/jc1pbJFRno4.xml
jgD/jgDjOjsIPxE.xml
jfB/jfBLdi07uxE.xml
jew/jewv5yo9pWM.xml
jid/jidziKYG9jk.xml
jlW/jlWJqvqgKBQ.xml
jlj/jljDn-ouQ7Y.xml
jnE/jnE_GqPLgNQ.xml
jos/joshandchuc.xml
jo1/jo14XnWv4Og.xml
joe/joeygraceff.xml
jq_/jq_gYHoe-n8.xml
jul/julGLWNcARQ.xml
juh/juhYML_yRSU.xml
jvs/jvsdl6kAa50.xml
jvd/jvdNi6jbx4Q.xml
jw-/jw-m21d0URc.xml
jxy/jxy6o2kmXAY.xml
k-x/k-xjv8cPlj8.xml
k1a/k1awQMeuzyM.xml
k2-/k2-lDp_VBk4.xml
k2J/k2JEDwapNmY.xml
k6P/k6PvmWzU1SI.xml
k6N/k6NwyKdczW8.xml
k6r/k6rx6pL2E0U.xml
k7h/k7hTPi08af0.xml
k7a/k7ahKSOjT0E.xml
kAB/kABoDhWP7oE.xml
kAW/kAWS57Xlwoc.xml
k4D/k4DshMcA9yE.xml
k4Z/k4Z-Gaxs6WM.xml
k4s/k4shKnLeBZI.xml
k4m/k4mB99zLQOA.xml
k4Z/k4ZolesjMwg.xml
kGd/kGdi5L9FE2I.xml
kHo/kHo78-nAcIA.xml
kIP/kIPrVB12CK4.xml
kI-/kI-d38Wm5C8.xml
kI0/kI0PJDBEAWs.xml
kIj/kIjggACtkpA.xml
kIY/kIYWhzpNpOY.xml
kJt/kJtCTedOVlc.xml
kJl/kJliPXVlBbo.xml
kK3/kK3bz6vYdT0.xml
kK3/kK3NBnD48l4.xml
kKN/kKNc00-IW98.xml
kMh/kMhxSWZ27ro.xml
kMX/kMXPnEnUExk.xml
kLq/kLqpCBP7JXs.xml
kNb/kNbUKIkRieM.xml
kN2/kN2ncsGFvic.xml
kNX/kNX_lkGzy7k.xml
kPo/kPod2qxVDXw.xml
kPs/kPsqxN5Dv3k.xml
kTY/kTYnTlqfqh8.xml
kT3/kT30TV70q58.xml
kXg/kXgkKWytCI0.xml
kXs/kXs7sXG9Ahk.xml
kXg/kXgZoAClZOI.xml
kYI/kYIAnmGoQUI.xml
kYM/kYM1DkDSNwk.xml
kas/kasryaWAibg.xml
kau/kau0Zdv6sXY.xml
kaM/kaMX7S3q1Oo.xml
kah/kahnacademy.xml
kVW/kVWe-5szhM0.xml
kZE/kZEagXUp3Gw.xml
kbA/kbAKM5g8VrE.xml
kg9/kg9u9LoCZGk.xml
keA/keASb9mnAPg.xml
keP/keP4-ECIiaQ.xml
khD/khDU6p8l-Cc.xml
kjd/kjdCqGzUdG0.xml
kiE/kiEVFsae4g8.xml
kme/kmennjnLvIQ.xml
kkM/kkMLL2PuWJg.xml
kqn/kqnkdOWEpjU.xml
koC/koC-heDdofQ.xml
kse/kse4IS5EMnY.xml
ksC/ksCITaSOIoE.xml
krg/krgKkUb1Azo.xml
krs/krs7_zvfVYA.xml
krl/krler8wC7dA.xml
kp4/kp4dzxpl-u0.xml
kwx/kwxBz3YETy4.xml
kwq/kwqMXCkBTBM.xml
kwE/kwEJXVXvY00.xml
kw2/kw2LXs_RgXo.xml
ky5/ky5we4oUwug.xml
kyc/kycpnEybJc8.xml
ktE/ktEq0-2bwsg.xml
kta/ktalvKsS91E.xml
ktH/ktHkqIXP85I.xml
l0I/l0IUKtUW3iE.xml
l0z/l0zNaSlZmKg.xml
l1G/l1GHEAsiDow.xml
l4t/l4t3Wn7tZms.xml
l4N/l4NcjSGCKjg.xml
l3V/l3VP0gi_qos.xml
l4N/l4NcjSGCKjg.xml
l4t/l4t3Wn7tZms.xml
l5W/l5WJzzzITKg.xml
l99/l99nfgols4E.xml
l9u/l9uoDMjxX6M.xml
l9R/l9R8qZ4ty1c.xml
l9t/l9tRCQ1PUpo.xml
l6O/l6OEuh23TTc.xml
l8z/l8zvtN_TuCI.xml
lAG/lAGu_syqsK0.xml
lDu/lDulgQd7Ws4.xml
lGg/lGgLQiwMD_Q.xml
lGQ/lGQD_1lATvY.xml
lCz/lCzcE7_L0-8.xml
lC9/lC93nY8DAC0.xml
lFT/lFTMP-F1fsU.xml
lFU/lFUoyXbe7uk.xml
lIK/lIKcxlrvQ2k.xml
lJI/lJI9wjbJOls.xml
lJf/lJf0Q7lwsmk.xml
lJB/lJBjgNoyD3E.xml
lH9/lH9Se03t40w.xml
lHp/lHpwafs2lPM.xml
lOQ/lOQCMEYcKAc.xml
lOm/lOmpVMDFkJc.xml
lUS/lUSBYWXZoFI.xml
lU3/lU3iRdNbp24.xml
lTM/lTMPxGL79Po.xml
lTF/lTFnjwrVZho.xml
lT9/lT9QRFwnfzg.xml
lSO/lSO-xmYkNyQ.xml
lSw/lSwm1TClFc0.xml
lS7/lS7D736iWSc.xml
lMB/lMBfvjUIv6I.xml
lMh/lMhYQlWzZn8.xml
lMe/lMeoTpEAGnE.xml
lWm/lWmOlWun9D0.xml
lWB/lWBZXZe3UqU.xml
lWD/lWDT4phq-Ow.xml
lX9/lX9HmEItSyk.xml
lX7/lX7ypndOG4U.xml
lZV/lZVL5JxYMwY.xml
lZq/lZq0HkRI4vA.xml
lYl/lYlP50J4dng.xml
lcp/lcpldUM0dD8.xml
lcA/lcAsfIq6_TE.xml
lcG/lcGKOFcOwWc.xml
ldK/ldKZ2YGJnu0.xml
lfo/lfolBiE9slc.xml
lfD/lfDI8fFvn1Q.xml
lfd/lfdQuS4ChtA.xml
lh-/lh-I3EBavbQ.xml
lit/littleradge.xml
lgX/lgXT3wUFdZE.xml
lgs/lgsLdrYOUcI.xml
lks/lksBYzFDxyI.xml
loo/looHFHGTmGY.xml
ll7/ll75KyHhz2k.xml
lmE/lmEVJRJGMF0.xml
lmx/lmxkKtx7NL4.xml
lmx/lmxNL-rDCDo.xml
lqC/lqCimuar_cc.xml
lqO/lqOzLKnGoaA.xml
lq-/lq--7M1sgdQ.xml
luz/luzCujYmef4.xml
luE/luEQre-UHc4.xml
lpW/lpWOv7Y3JHM.xml
lte/lteVHRi6PRM.xml
lsu/lsuCLzxA-vU.xml
lss/lssXFMXKqeI.xml
lsf/lsfQS2_gTnA.xml
lw3/lw3LX6HwLE8.xml
ly7/ly7oDAHbOno.xml
lyM/lyMai1WzLUE.xml
lyO/lyO1KVavRaA.xml
m0k/m0k2YnbWBeA.xml
m-R/m-RBrRJnZrA.xml
m3y/m3y0XsPOeoc.xml
lzc/lzcuk5tz08s.xml
lz0/lz05CupfsYE.xml
m1k/m1k9U_CkwKo.xml
m12/m12j-PIt2Rc.xml
m20/m20K1F2NRc0.xml
m2a/m2aoIpN0uGQ.xml
m6O/m6OTIinWR08.xml
m5T/m5TN2w8ULnk.xml
m5y/m5yQYYBQc5k.xml
m5t/m5tpkJXO3xI.xml
m7B/m7B52_2sr3M.xml
m8f/m8fFKStNQzo.xml
m9o/m9oerntQ0f8.xml
mA2/mA22jQ5Utns.xml
mEk/mEkvJ_W-raw.xml
mET/mETM_1HGTnc.xml
mEf/mEff6jCb2cQ.xml
mGX/mGXv-Ohkvto.xml
mHt/mHtLCt5VZUk.xml
mH1/mH1IAAXvzCM.xml
mFU/mFU4jlz_b_w.xml
mFW/mFWu6J7mucI.xml
mFw/mFwmCDIMBzI.xml
mIv/mIv1MSUmidE.xml
mJQ/mJQNbyZe0Aw.xml
mMM/mMMglmr2s30.xml
mMu/mMufM7FsPXY.xml
mLq/mLqI-mOd-6E.xml
mRJ/mRJ-bhypVs8.xml
mTg/mTg9anlxGRs.xml
mTJ/mTJTBRk8M5M.xml
mSZ/mSZkoE7TkR0.xml
mST/mST5eMuULgU.xml
mUt/mUtqDMyvO1c.xml
mUT/mUTbALxtQjw.xml
mUk/mUknnOIPM8k.xml
mX9/mX9FBBdZg9I.xml
mX3/mX3yuo0AXlc.xml
mWD/mWDI-vKvdFc.xml
mW5/mW5QZ-3_2cQ.xml
mVq/mVqwz38abrE.xml
mV1/mV1pdWc_tD8.xml
mZF/mZF88oW8Jsg.xml
maW/maWRTkfF8dk.xml
mat/mattgformay.xml
maj/majQDuL4M_c.xml
mas/massivexplo.xml
ma8/ma8nDZaFp4k.xml
mbu/mbunbK_JHRE.xml
meg/meganandliz.xml
mer/merrelltwin.xml
meC/meClQ-HxWjo.xml
mg_/mg_2YKUwuvk.xml
mgY/mgYnaPhg1GE.xml
mik/mikh3IOBJpY.xml
min/mindstuffsh.xml
mjw/mjwUVZHBcoY.xml
mjm/mjmhYMAoarY.xml
mhr/mhrqXNr3Sbk.xml
mhk/mhk14hS3lcY.xml
mom/mommylovest.xml
mng/mngeocachin.xml
mrO/mrOqAHKtbMo.xml
mtE/mtEfZzlo-TU.xml
muB/muBbKaFmeCw.xml
mxa/mxaL08i2zR8.xml
mvd/mvd8Z7_3GIs.xml
n-1/n-14eyaJg4M.xml
n-I/n-IdbEoEfLU.xml
mwh/mwhPHhoysJI.xml
mye/myeiVvdS3AY.xml
mym/mymusicshow.xml
n2C/n2CBEuYNjQA.xml
mzh/mzhHCrwJUiE.xml
mz8/mz8mHBRANwk.xml
mzX/mzXG6Wfjoq8.xml
n0X/n0XNnYAemag.xml
n3f/n3fciWZkKy0.xml
n33/n33IkPcfHAg.xml
n8f/n8fp7E4-Mbg.xml
n70/n70OPisXRSY.xml
n7z/n7zZmzacKa0.xml
n7Z/n7ZDgr5tQwM.xml
n99/n99NzE8mDh8.xml
nBQ/nBQEw_-zJOo.xml
nBd/nBdHzzzAsDo.xml
nBm/nBmrMn9y_hQ.xml
nDu/nDuLPSc9YhQ.xml
nHL/nHLjilB4nZQ.xml
nHy/nHy285JKBxs.xml
nH_/nH_aTB51l7Q.xml
nLZ/nLZsqlMAiBs.xml
nID/nIDuHL99lQk.xml
nIR/nIRzt_A8NFo.xml
nId/nIdqIPNhhQo.xml
nNc/nNc-soK1z1w.xml
nKd/nKdmAi0BihA.xml
nKT/nKT4YIWbh_0.xml
nJo/nJo6RWB1p8E.xml
nO1/nO17x0oXYrs.xml
nOq/nOqz74DVAPo.xml
nOm/nOmdb0vymY0.xml
nPj/nPjjZuMdO28.xml
nPW/nPWxAnNcgc4.xml
nPB/nPBlvvlH134.xml
nSJ/nSJRqKDw6J4.xml
nS5/nS5zHt2cMGc.xml
nQg/nQgobqi-Sjo.xml
nQA/nQAC4_V0Js8.xml
nUn/nUnXlhzicx0.xml
nVb/nVb6qqtfjds.xml
nWV/nWVMx0M21mY.xml
nY3/nY3OS20KEOg.xml
n_j/n_je5nStmeY.xml
nc9/nc9DRBvTb14.xml
nat/naturehates.xml
ndt/ndtqm2L_AR4.xml
nd0/nd0rEIV6qe0.xml
nbT/nbT2ScDcgnA.xml
ner/nerdsyncpro.xml
nhR/nhRkQ3NbOkA.xml
npE/npEIIZrMjKU.xml
nj9/nj9z3zPckjQ.xml
njS/njSGgWVwb7U.xml
nr3/nr3MC3mfHY4.xml
niK/niKYJfyKEHg.xml
nk-/nk-KngSbMl0.xml
nkX/nkXte1sGMr4.xml
nm_/nm_lf-uy3Yw.xml
nnS/nnSI1T6AFN4.xml
nq1/nq1cUYYvoTI.xml
nsU/nsUw6D3QR-o.xml
nsQ/nsQr_LRXCng.xml
ntd/ntdchinaunc.xml
ntd/ntdtvhealth.xml
ntd/ntdhealthan.xml
nu_/nu_JHCWQcVA.xml
nzg/nzgObgvhKZk.xml
nz6/nz6Xgdah15Q.xml
o0Q/o0QtdArtsN4.xml
o00/o00W9G4swj8.xml
o1s/o1sQBg_4p6M.xml
o3E/o3E-VDuE8j4.xml
nu_/nu_JHCWQcVA.xml
o8q/o8qE8Lwz9XQ.xml
o8X/o8XsDTJq1G4.xml
o7f/o7f1QuHo8A0.xml
oAV/oAV_N7CcVas.xml
oA0/oA00niczY8M.xml
oAb/oAbhyQ_PVow.xml
oBc/oBczMUObbPE.xml
oBf/oBftzMxDtIg.xml
oEc/oEcSbtnTGXU.xml
oCP/oCPY96Frtyw.xml
oCj/oCjmvm_JV6o.xml
oFM/oFMoG_kAxbA.xml
oF3/oF3nkcEGekM.xml
oDq/oDqfLgtggm4.xml
oGZ/oGZ-XY0XwcU.xml
oGo/oGoMz41Z2_M.xml
oGs/oGs-7kAob1U.xml
oIY/oIYxOWgs8I0.xml
oI6/oI61VjCQJEk.xml
oQX/oQX3SmW1v7o.xml
oQh/oQhElJ0Ab6o.xml
oP3/oP3tcFDnFYI.xml
oSn/oSno4QQgObY.xml
oRx/oRxtwBdSgE8.xml
oRI/oRIWCci_bhI.xml
oRj/oRjvFqfmqls.xml
oUa/oUa0NrKbetM.xml
oUY/oUY-jJMc2P8.xml
oUB/oUBTLfl6rDo.xml
oUH/oUHFWyZoPLA.xml
oTk/oTkibY5qUh0.xml
oVk/oVkyr_MB67M.xml
oWi/oWirknbvwlA.xml
oXm/oXmgLdzBbjw.xml
oXN/oXNhxqZbL04.xml
oXA/oXA-yTnlB6I.xml
o_X/o_XigpHsLr0.xml
oZi/oZiex_gEQJA.xml
oZH/oZH3sxfir3s.xml
ocg/ocgsaBX2y70.xml
odG/odGPW3oWofg.xml
odD/odD0cb9ILRg.xml
ogr/ogrnoRwIzUI.xml
ogi/ogiVpjURXps.xml
ok-/ok-xQktFFlE.xml
okW/okWXv1V0tjQ.xml
omd/omdJEbf0ZuM.xml
om0/om05CfUigdU.xml
ooo/ooo9EcoFUk8.xml
ooF/ooF5a79pU6w.xml
ooJ/ooJF59bD_Vw.xml
ooC/ooCckd4ScaM.xml
opq/opqZXPOCIJw.xml
opG/opGCU3zxAjY.xml
opX/opXIuryei-I.xml
otT/otTNy405D38.xml
osm/osmyf_lO_xI.xml
orq/orqa9bXBycU.xml
or1/or1BBWewUFM.xml
ora/orangemonke.xml
ori/originalgam.xml
oug/ougTJzezw9A.xml
ovN/ovNRyGmqYCY.xml
ovT/ovTdRq2_vxA.xml
ov5/ov54YCAjUFY.xml
oy1/oy1y4t5mJYE.xml
oz4/oz4nOQ2GoFM.xml
p2d/p2drOZMfW4M.xml
p3c/p3cNpHUrvKQ.xml
p35/p35U1gZh_Ns.xml
p3N/p3NXO4QGboU.xml
p4h/p4hCIRlPz5o.xml
p35/p35U1gZh_Ns.xml
p3N/p3NXO4QGboU.xml
p3c/p3cNpHUrvKQ.xml
p8S/p8SVBo85ffg.xml
p80/p80byMXZYxQ.xml
p5W/p5Weq2PRFlM.xml
p5B/p5Br6dbUvtU.xml
pBs/pBsfEz0ZXno.xml
pBj/pBjaovJ4NBo.xml
pDf/pDfxSSs5dAQ.xml
pGS/pGSf2DEqzaM.xml
pJP/pJPOrq-n1Vw.xml
pHw/pHwA-KH4LI8.xml
pKj/pKjf7rb0MII.xml
pL1/pL1LMngi6Gc.xml
pME/pMEWhT7Nrjo.xml
pMB/pMBg7zfocRg.xml
pMf/pMfo6G88SEo.xml
pM-/pM-IpnAdAsA.xml
pNW/pNWgtj2_0HM.xml
pNM/pNMxBvAPi90.xml
pNj/pNjExnRBC1w.xml
pQ6/pQ6E2hrX7Cc.xml
pSh/pShZQJBAUZk.xml
pS8/pS8PVZQkPv0.xml
pVQ/pVQcxluoLFw.xml
pV_/pV_ldVYfVJU.xml
pT7/pT79x4qM4FE.xml
pTU/pTUOObsNHUw.xml
pTN/pTNrhR1OHaU.xml
pTG/pTGz0CctbiA.xml
pWo/pWo5Ybk-_uk.xml
pWg/pWgSnU92-zI.xml
pYH/pYHqOAZBPZY.xml
peX/peXqCeZfqyw.xml
peO/peOeaaArm_0.xml
peH/peH9Cufh0R8.xml
pdk/pdkbFOI-nK8.xml
pcl/pclLavQBM6g.xml
pbs/pbsgameshow.xml
pbx/pbxr7p2tG_U.xml
pbs/pbsdigitals.xml
pbs/pbsideachan.xml
pfN/pfNqK9sn9BM.xml
pfq/pfqu8DJgdR0.xml
pgG/pgGg1OO6C6U.xml
pgE/pgEExpz3lkM.xml
pit/pitchinvasi.xml
piQ/piQQJgPVsHk.xml
phF/phFJAWPw40s.xml
phi/philipdefra.xml
poN/poNilLyCyCs.xml
po0/po0yMSECdCo.xml
pmw/pmwlHWNOir0.xml
pmL/pmL3BTkuRGE.xml
pst/pstTuszbqDs.xml
pqz/pqzIgrlosPI.xml
pwQ/pwQ9B5Lv32Y.xml
pvg/pvgZvye4low.xml
pvO/pvOK5ybeZlI.xml
pvF/pvFBTe7WTUw.xml
pvu/pvuk-uGIW_0.xml
pxV/pxV36Ze0Ym4.xml
prk/prkXcW9D30g.xml
puk/pukvrQRgLtc.xml
pui/puipmbc_3CY.xml
pu-/pu-InwVGIx8.xml
puU/puUsBb31ZLA.xml
pz-/pz-u9UizEs0.xml
q2e/q2ea74NcreA.xml
q24/q24B-dl_3Rc.xml
q0v/q0v-frgqfuE.xml
q0T/q0Trwh-mYUE.xml
q0J/q0J82qXs8GU.xml
q4h/q4hBBPhPGGQ.xml
q6b/q6bTIByAKJo.xml
q6q/q6qEkrPWLZQ.xml
q7G/q7GHgkXwFhA.xml
qBZ/qBZtFaS5QiU.xml
q8B/q8BGzTWE02U.xml
q9e/q9e0Cjkth-U.xml
q9u/q9uxOgctgAY.xml
qAK/qAKOtBCAiFQ.xml
qAp/qApIVVyjMR4.xml
qAg/qAglIrTbMog.xml
qCC/qCCrbiSGs_Y.xml
qHy/qHyM3Gm0sVc.xml
qHU/qHUhygdAZIw.xml
qEh/qEhruzEH_2A.xml
qG4/qG4Q_slpyWU.xml
qG7/qG7tq3t1Igs.xml
qGd/qGdxxMECZz4.xml
qFZ/qFZ_JIBlzN8.xml
qFQ/qFQnBMtBjws.xml
qL6/qL60dYTE1YY.xml
qJ4/qJ48kTBZRKo.xml
qJh/qJhvXtLhZj4.xml
qNA/qNAeiUri4GE.xml
qQJ/qQJTN_asl1c.xml
qT_/qT_9LC7_i7k.xml
qUf/qUfbjV6HQ4A.xml
qVK/qVKhSxET5gs.xml
qVL/qVLE4J64UfQ.xml
qW2/qW2Vvoq5YII.xml
qWi/qWi1C1Ykih8.xml
qXB/qXB-8Y960As.xml
qXn/qXnDLi4U8hw.xml
qa8/qa8s1yAO5gs.xml
qad/qad1NwhvT04.xml
qat/qatciE2HezE.xml
qaO/qaOcEVP2jaw.xml
q_T/q_T_RwFuEb4.xml
q_R/q_RO7Gr3cHk.xml
qdJ/qdJJqdHl1oA.xml
qf8/qf8HRiiE9V8.xml
qfL/qfLj6z-oduY.xml
qhW/qhWuUPJeiw4.xml
qhe/qhelVkKxd6E.xml
qhB/qhBRCXJ1DYk.xml
qhS/qhSS4abgSuE.xml
qi-/qi-UZYE8vx4.xml
qjQ/qjQ70ZifiHg.xml
qns/qnsFZYAm3aY.xml
qnQ/qnQPCl9dR9E.xml
ql7/ql7uY36-LwA.xml
qlg/qlglqkfYqJc.xml
qlY/qlYVUSrTlhU.xml
qlr/qlrL_lMUTuM.xml
qmP/qmPCOIuzSc4.xml
qpC/qpCgSrQrrv8.xml
qpL/qpLST3gyD0M.xml
qo6/qo6lWmMqK08.xml
qoJ/qoJ-xYRdOMI.xml
qrY/qrYSv3EJOzI.xml
qr8/qr8httOMsgM.xml
qrv/qrvMTv_r8sA.xml
qq8/qq82xP92yN8.xml
qqM/qqMiKh58gFs.xml
qsq/qsqdN-vM6I0.xml
qs5/qs53Pq8UT4w.xml
qu2/qu2-jSxUzQ4.xml
qyl/qylnAlIf5Lk.xml
qyg/qyg-LMOKD50.xml
r0x/r0xgnB46dSM.xml
r3n/r3nFE80p_so.xml
r1K/r1K6mOP6Tzc.xml
r4p/r4pWRxTOxyU.xml
r4N/r4NeluK3_y8.xml
r5B/r5BVn-eyAxA.xml
r6Y/r6YuHg-ngoM.xml
r7a/r7a9wwDC0d8.xml
rCg/rCggDI-tvLA.xml
rCQ/rCQmTahgjg0.xml
rCl/rClKZn6lBmE.xml
rER/rERe7Gj74vo.xml
rBq/rBqUKbbSfAM.xml
rGb/rGbz9aqdi-s.xml
rGg/rGgdoJLnj0Y.xml
rG2/rG2fOXXgKrw.xml
rHd/rHdLTCADCSk.xml
rFj/rFjSsdUoqFI.xml
rPR/rPR2XYUb7xQ.xml
rPU/rPUXNw43O5c.xml
rS9/rS9UFHOWYz0.xml
rOo/rOo04S7Cja4.xml
rVL/rVL7JJ_HB1w.xml
rWi/rWigxdvXemQ.xml
rU7/rU7hvBibgDs.xml
rXq/rXq4x1Wt8fs.xml
rYd/rYd8diI2MVo.xml
rYb/rYbCktNPnwU.xml
rZY/rZYMV3RTy1o.xml
rZB/rZBUTtHHLgM.xml
r_n/r_n6KT9nukU.xml
r_F/r_F22A88vWM.xml
ran/randominics.xml
ran/randominics.xml
rco/rco1e4fTNQc.xml
rca/rcakGbE7s5c.xml
rcE/rcElOV-QvIg.xml
reb/rebeltaxi99.xml
rdH/rdHfL_3TGqw.xml
rdB/rdB7VaivWrw.xml
rgm/rgmN7TFnIUg.xml
rgI/rgIdUQ0MZFo.xml
rft/rftw4cycOlI.xml
rjk/rjkc3v86lFI.xml
ri4/ri4vYpCQhIg.xml
rhe/rhettandlin.xml
rhI/rhIYsezeZeM.xml
rlT/rlTHLaBQbsw.xml
rno/rnoAa5zOzak.xml
roH/roHTZQd1nP0.xml
rq-/rq-BIRWoFKI.xml
rqo/rqo4HIcwrJw.xml
rqy/rqy7PIwQCGE.xml
rqT/rqTDVfzULUk.xml
rp_/rp_9x3k8UEw.xml
rpn/rpnOo-MN-kI.xml
rpN/rpNx8Xx86M4.xml
rp1/rp1UsD1TdP8.xml
rpB/rpBClaPh5v4.xml
rpm/rpm8QIXvWIQ.xml
rr3/rr39hBqT3ZM.xml
ruh/ruh882ZPUY0.xml
ruu/ruu4Sp6FOvo.xml
rur/rurcoO9sRvQ.xml
rwm/rwmlr9_3ZVE.xml
rya/rya48olib88.xml
ryY/ryYTyjAh1Jw.xml
rya/rya3l6pnyPk.xml
rsy/rsyYSCNTrY0.xml
s-K/s-K9IZMdL-g.xml
s0Q/s0Q11mkUXNg.xml
s0c/s0ceGXkhx6M.xml
s1i/s1iaDqw4L8o.xml
s3Z/s3ZLPhI1Lgw.xml
s7q/s7qkjXOcEZ8.xml
s7d/s7dZgyWd7Yc.xml
s6i/s6iYt-tNdOg.xml
s6C/s6C1sIEFkhw.xml
s6M/s6M62XYlhbQ.xml
s6m/s6mcoo94pzU.xml
sBQ/sBQa8Kx92fk.xml
sER/sERdYuAjjUc.xml
sHm/sHmOjtvviwI.xml
sFc/sFcVQ72AHW4.xml
sGr/sGrnsMKQgfw.xml
sGQ/sGQ0vxb33pg.xml
sI7/sI7ypYzhtVk.xml
sLa/sLa0fMjBEWU.xml
sOQ/sOQy094uWfg.xml
sOd/sOdvJapTk8Y.xml
sOP/sOPiXbyDxRs.xml
sOL/sOLuK5YPIhA.xml
sKl/sKlSOr2s0TI.xml
sKf/sKfZGh6bNm8.xml
sNA/sNABwcZ7mPA.xml
sMk/sMk5tsPts2g.xml
sMg/sMg3HQ4pAk8.xml
sMf/sMfbNhJ1JPY.xml
sTS/sTSQ1229UfM.xml
sTl/sTlHtMpi_S0.xml
sTP/sTPXJk7w6ng.xml
sWJ/sWJcfSAbI50.xml
sWL/sWLhD0ADhZY.xml
sPe/sPev_vf3fL4.xml
sPW/sPWljIAYIlY.xml
sUK/sUKrEwiEP1w.xml
sUp/sUpCAOvdWb8.xml
sU7/sU7LmmyQHRc.xml
sYw/sYwwgeP5Jms.xml
sXz/sXzN2llZClw.xml
sdP/sdPX4MwsVvM.xml
sd8/sd8nvP4Dys8.xml
scr/screenjunki.xml
sfx/sfxmIiMK1rY.xml
sfM/sfM64k7Ir1w.xml
sfX/sfXqc7P4elI.xml
sbP/sbPFFk0Hkk8.xml
sbE/sbEdWa6P3yw.xml
sbA/sbAjFkg-nT8.xml
sbP/sbPhhPXUtAU.xml
sar/saraniemiet.xml
sam/sammacaroni.xml
sgY/sgY-S5dLTXU.xml
sho/showmethema.xml
she/she9JyxX_iY.xml
sjC/sjCWuBXyerA.xml
sjp/sjp9iBfBhIM.xml
sim/simW1GH84Fk.xml
slB/slBfVaxpa_4.xml
slp/slpidednf9k.xml
som/somafilms78.xml
sou/sourcefedne.xml
so8/so8Q-Xfgdgw.xml
sou/soulpancake.xml
smk/smkTeYvgCwc.xml
smR/smR6qvWxnXI.xml
smz/smzEov1PxOU.xml
sno/snoac7wUYfM.xml
snK/snKDht0ryL0.xml
swe/swesomeness.xml
svT/svTAVsX3X_c.xml
syL/syLOoc-8DIc.xml
syk/sykEOFu0aYQ.xml
sy0/sy0bVsbIxbo.xml
syG/syGqbhgg1nE.xml
syw/sywF4NjfRxg.xml
syR/syRqcxHwObc.xml
stu/stuA04b_mFw.xml
stu/stuffmomnev.xml
sxw/sxwMwCo7nM8.xml
t1s/t1sCm2yQ6ql.xml
t1L/t1LK__0cKSM.xml
t2h/t2heW6JxIAQ.xml
t8V/t8VJntJpC2A.xml
t3S/t3STBQlNecs.xml
tEx/tExqQv1AX14.xml
tE8/tE8bnVoWM1M.xml
tG1/tG1zhtlouHY.xml
tAV/tAVJG4_Ai2Q.xml
tAY/tAYaVCTX7c8.xml
tBN/tBNf7HyfcV4.xml
tFq/tFqmbEtVPsI.xml
t54/t54qB1ukYvU.xml
t5Y/t5YIVFS8N2s.xml
t5s/t5sLgII4jpU.xml
t5k/t5kKpAXJzs8.xml
tIc/tIcU45no2rM.xml
tIf/tIfKHgSvbNU.xml
tJk/tJkkZBS5cdg.xml
tM0/tM0Hj--3AYw.xml
tMH/tMHfEa-j6P8.xml
tM7/tM7XB2WIBzI.xml
tLu/tLubHnswZbo.xml
tLi/tLiUJ123bc0.xml
tOK/tOKgLEXXMDE.xml
tRA/tRAOenv4g3w.xml
tRK/tRKGibgdk6E.xml
tRZ/tRZBlPhqCHs.xml
tWw/tWwt9XoP68M.xml
tWh/tWhJv_UhWW0.xml
tWQ/tWQDKIVPVVY.xml
tYg/tYgVPraGQg8.xml
tYa/tYapFiqqvkk.xml
tUg/tUg7FsOYsUE.xml
tUE/tUEXc_0EkS4.xml
tX5/tX5q-IU5AtU.xml
tXU/tXUpxT1ppds.xml
tZQ/tZQw3XyIkxI.xml
tb9/tb9XUr65tIU.xml
tb8/tb82z0sW4bU.xml
tbF/tbFS1S-QBqM.xml
tal/talksportma.xml
tal/talkSPORTMa.xml
ter/tero4L7E9Ww.xml
teD/teDXiuI9jSw.xml
tcK/tcKvUbmOB8g.xml
tcU/tcUEnWOI728.xml
tiu/tiur4q5APUY.xml
tiw/tiwtIXftYr4.xml
td1/td1mtI3hOsw.xml
tfA/tfABvy-syzk.xml
th4/th4eD3hpFmU.xml
thG/thG22aZ1984.xml
the/thepetcolle.xml
the/theuncochin.xml
the/thewolfepit.xml
the/thewarpzone.xml
the/thefunnyrat.xml
the/thedefranco.xml
the/theheartben.xml
the/theguardian.xml
the/thefinebros.xml
thg/thgsJhb8ir8.xml
the/thetechfeed.xml
tjM/tjMvzAf_JyU.xml
trO/trOeaG4Jyco.xml
trR/trRCoa_hHz0.xml
toh/tohY_5Duiz8.xml
tof/tof06x700lk.xml
toR/toRBCHWYNpQ.xml
ttD/ttDQlTi2Ro4.xml
tth/tthNGitJv3o.xml
tsM/tsMb3G8_Ub4.xml
tvX/tvXAdjjCroU.xml
tzx/tzxA12MwJVY.xml
tx9/tx9sed-j1jU.xml
u0P/u0P6MluCLg4.xml
u0B/u0BYqzdiuJc.xml
twu/twuIVOCNwrY.xml
u-q/u-q91SWatUg.xml
u1H/u1HC5hLyon0.xml
u1a/u1aTGjHkPuI.xml
u1t/u1tOTIKvd00.xml
u4t/u4tk1OjOqrw.xml
u46/u46H7CtHdik.xml
u6l/u6lEyNvgUsM.xml
u8K/u8KFaHRRA9Y.xml
u8h/u8h6GMbzPgI.xml
u9e/u9emjalsOsE.xml
u9i/u9isCe766y0.xml
uA9/uA995d7eT2A.xml
u7a/u7alxQAiTGA.xml
uCD/uCDFOp4SWYY.xml
uEX/uEXs9M_-jM0.xml
uGQ/uGQZyOGvg9A.xml
uGE/uGELzCewws4.xml
uF3/uF3g5Ce3uZc.xml
uJE/uJE5Ka0FHtU.xml
uHM/uHMkmsfK5ds.xml
uHj/uHj4exdXOHQ.xml
uLL/uLLY48bT2h4.xml
uLV/uLVPMSbh2uE.xml
uT_/uT_suFFxHj4.xml
uP0/uP0Kvky87Cg.xml
uPk/uPkd94SWT6I.xml
uS9/uS9FVTYgdck.xml
uSC/uSC2TMwyqzg.xml
uMN/uMNdn74DDrk.xml
uM1/uM1_t0AjMRk.xml
uQz/uQzumvkujmE.xml
uQT/uQTATWUtvHQ.xml
uRn/uRn9bn6JnxE.xml
uUR/uURKGEcrE2k.xml
uZH/uZHhHsypccw.xml
uaB/uaBETNQBZSE.xml
uVc/uVcVSEa_Ooo.xml
u_B/u_BszJzLyxI.xml
u_A/u_AcFlmW8HA.xml
ubq/ubq1gHv3po8.xml
ube/ubeVUnGQOIk.xml
ubh/ubheab3_86c.xml
uXy/uXy7G2cv-QA.xml
ucb/ucbFypBBu24.xml
uc9/uc9BQrsYSXk.xml
ug9/ug9c0v6Osjo.xml
ug7/ug7x644JhxA.xml
ugN/ugNdue32LJ0.xml
ugW/ugWi9mUXSVk.xml
ufk/ufkRBRl1_uo.xml
ul-/ul-wr7iJiKU.xml
uh7/uh7NX5wDasE.xml
unv/unvELbbm-ik.xml
uni/unitlosttub.xml
un7/un7VGz0IuTU.xml
uqT/uqTu_ZCS3Io.xml
uqm/uqm0z8Trgck.xml
urp/urpg1QwhCoU.xml
usF/usFGRptX3wQ.xml
uwe/uweqY1P6B5I.xml
uwG/uwGgTWomm2Y.xml
v-Q/v-Qp5ST08Iw.xml
v-M/v-M5llJVK6Y.xml
v-7/v-7xDNOafCo.xml
v04/v04QoRjLrK8.xml
v0O/v0O_NSchaIo.xml
uyx/uyxudPQKx7s.xml
uyE/uyEgZ-RGhV8.xml
uy_/uy_UM6KwdP0.xml
uyu/uyuJGlDrCzM.xml
v4-/v4--1QWn8C0.xml
v2I/v2IBI_JMqRc.xml
v6q/v6q1-OmUlZE.xml
v5I/v5I0xfoFAbw.xml
v5d/v5dBWosh6x4.xml
v5g/v5gNoReglgA.xml
v5I/v5IMKfj89_M.xml
v9w/v9wrh-s_0JE.xml
v7t/v7tIdJqqvxA.xml
v72/v72NqF_ptUI.xml
vAF/vAFQIciWsF4.xml
vBM/vBMxi2Z9yAU.xml
vBC/vBCJmTqEwUI.xml
vBV/vBVyzUkeN2A.xml
vFL/vFLF35Iolrc.xml
vFl/vFlpriu7-0E.xml
vIF/vIFWRhEikY0.xml
vII/vIIjaEuhfPo.xml
vH7/vH77y0C-nrQ.xml
vJw/vJwGAZN-Iyo.xml
vKg/vKgVM51xUdA.xml
vKh/vKh8jHSlQ68.xml
vKI/vKIkpNBNBSY.xml
vNk/vNkWDy96pvQ.xml
vNw/vNwh9ZxlxNg.xml
vOy/vOyIHdAAvt8.xml
vRR/vRRh2sHF5gA.xml
vPx/vPxzmj7_Ruk.xml
vQt/vQtt7-UPQxU.xml
vS0/vS0Ey3eRTMA.xml
vUH/vUHQEYLmfj0.xml
vW1/vW171cl1vow.xml
vWm/vWmZQJwl6fQ.xml
vVd/vVdoDx8w8NQ.xml
vXz/vXz4ZkmaSMI.xml
vXG/vXG6zq7oQYY.xml
vYS/vYSdeQb203s.xml
vYL/vYLqT_MPxuE.xml
vaS/vaS9IopOHxA.xml
vaa/vaaaHgp0lUc.xml
vZm/vZmlgujJNGc.xml
vZe/vZeY40WLNbg.xml
vZe/vZeLhjO4ejk.xml
vZv/vZvc9vHUkZE.xml
vZS/vZSECfF3oYA.xml
vZf/vZfKSyTI1Ng.xml
vbp/vbpSfxTJFNg.xml
vb9/vb9P2AKaVfo.xml
vbP/vbPUtlYRdRY.xml
vfZ/vfZSMo_hzm8.xml
vjT/vjTbcdvQBLo.xml
viy/viy8ZQWw6Pw.xml
vig/vigQViLX3hI.xml
vlf/vlfo0Tmmnw0.xml
vl7/vl7GBue85Bs.xml
vlu/vlu2yNdjpq8.xml
vnm/vnmmF-uQX5A.xml
vnt/vntsg-lsxYM.xml
vrn/vrnErcRK__w.xml
vpM/vpMu286CqmU.xml
vp_/vp_pcNQkGFs.xml
vsF/vsFKZ_KrTMk.xml
vs3/vs39b9Hg7hU.xml
vsK/vsKXCivLTsY.xml
vsQ/vsQxDsKuSMM.xml
vse/vseKrR9o30o.xml
vsP/vsPhifeAtD8.xml
vu-/vu-gdC2KmM0.xml
vub/vubqZG9wav8.xml
vv9/vv9O_EC164k.xml
vt5/vt5xjAwFapk.xml
vt9/vt9xeigizuw.xml
vt-/vt-pO6RlIkA.xml
vys/vyslcrSTsDk.xml
vxC/vxC5gP6DmOU.xml
vx0/vx0QZ4iQde8.xml
vz_/vz_vTMGfWi8.xml
w0r/w0rWlMQB5bI.xml
w0e/w0eyCrwhv8M.xml
w0N/w0NAJjUuS8o.xml
w2L/w2LBAzlpAwg.xml
w2_/w2_HkyIx4QA.xml
w3A/w3AYvKdBZXU.xml
w3G/w3GyFTWKlno.xml
w4m/w4m-ZjPuix0.xml
w46/w46H5RnUJ-w.xml
w7D/w7D9lIZvdpE.xml
w7P/w7PMYZ6zNoU.xml
w9P/w9PP8iHQ52Y.xml
w5D/w5DIsIcrdxw.xml
wCM/wCMGLIebTpo.xml
wCs/wCs8sSKN6t0.xml
wCp/wCpGKkmbmUM.xml
wC9/wC92hsKvvwY.xml
wD8/wD8XGR7Bx3k.xml
wBY/wBYTmzh9dkk.xml
wBF/wBF-ZDwy3V0.xml
wBF/wBFnv9mTxs8.xml
wB2/wB2xAcuClXU.xml
wGe/wGevCIog1w0.xml
wGh/wGhFK3YOI2s.xml
wLS/wLSf6rpLfvs.xml
wLD/wLDuGSdrnYA.xml
wJj/wJjfiOdZijc.xml
wJI/wJIIOmL41kA.xml
wJs/wJs09ZRBX_c.xml
wIk/wIkA0hOon70.xml
wIx/wIxLe-GWmmg.xml
wII/wIIpKfNWrpk.xml
wK5/wK5Mz1LESHc.xml
wKf/wKfGKEZQzLw.xml
wMN/wMNATZmRoc0.xml
wMS/wMS-5aH2Scc.xml
wMw/wMwysxPK4Fw.xml
wS0/wS0J2nMe1OQ.xml
wRs/wRsXU5zG_W8.xml
wR4/wR49iAvlKSU.xml
wRu/wRu34I0xOjg.xml
wPV/wPVuAQzHxWA.xml
wZQ/wZQoPo82XHg.xml
w_Z/w_ZruJ2BfSg.xml
w_J/w_JRbmoNnKU.xml
war/warUCf4tufo.xml
waF/waF14NJX2Xc.xml
wbc/wbcCuNbI6fw.xml
wb6/wb6krwAydvo.xml
wbV/wbVVvRj-ORc.xml
wbQ/wbQwm9N-FrA.xml
weu/weurmPt-2cI.xml
wfr/wfrwRCQD-7k.xml
wit/withoutthes.xml
wiZ/wiZU6hkQrBY.xml
wiU/wiUjxPrdUzw.xml
wjE/wjEPmFyzZ6c.xml
wjW/wjWJm6UqQz4.xml
wj6/wj6mL4pl6r8.xml
wlQ/wlQVwWu_y_M.xml
wl7/wl7ol8Ndafg.xml
wlX/wlXTTz-hWj0.xml
wo-/wo-RkkCu4rY.xml
woY/woYUReWzfys.xml
wtn/wtnxbe9cSUE.xml
wuv/wuvqANq9QxE.xml
wvl/wvlbjKvkHKQ.xml
wv0/wv0MG5Y5IS0.xml
wxL/wxLp3ZEH0MY.xml
wzu/wzuJkVOvjX4.xml
x1G/x1GZXCEXsfo.xml
x16/x16GpD6eMos.xml
x2E/x2ECbU-UOkQ.xml
x2B/x2BMAfWwlVQ.xml
x34/x34pvTnT-2Y.xml
x-x/x-xumfwz6X4.xml
x7N/x7NpZ0ceVUE.xml
x8T/x8TsB33iPmg.xml
x83/x83FL4IxTyI.xml
x84/x84GKqcpY4E.xml
xB2/xB2DuFth0PY.xml
xBv/xBvisIo4jao.xml
xC5/xC5F5avlENc.xml
xDN/xDN_hfkjfUg.xml
xDH/xDHcO67ghQo.xml
xDq/xDqHT7dBm-U.xml
xD7/xD7Jk2vNxuQ.xml
xDc/xDcHDfylX58.xml
xEq/xEqo5bHSQoM.xml
xEV/xEVyIvjFUt4.xml
xEH/xEHkOjNeWJc.xml
xFB/xFBj3upQojw.xml
xH9/xH9mio2k9JY.xml
xIp/xIpgiqaGKDE.xml
xIo/xIoh9mS7WQQ.xml
xKw/xKwPpSnF5aA.xml
xN3/xN3XoaQ27GE.xml
xQV/xQVFGdmO5b8.xml
xQZ/xQZ4ZuY3D8s.xml
xQE/xQEEPKS0QMU.xml
xQW/xQWabIfZaTs.xml
xTV/xTV3MD19Ua4.xml
xTW/xTW62K2zPXM.xml
xTc/xTcdPcSH8_k.xml
xU-/xU-2baZC-Rs.xml
xUa/xUao6tY0wXE.xml
xX7/xX7HdFlEWcc.xml
xZc/xZcBudYh118.xml
xZI/xZIycKhTMe4.xml
xZY/xZYW8HQDfRY.xml
xZV/xZV5hrrtI9E.xml
xYz/xYzqPY-jIlk.xml
xai/xaiWKXgLFhI.xml
xbi/xbiia4ihyFg.xml
xbU/xbUoLpZU98E.xml
xbF/xbFewVYRYaQ.xml
xbD/xbDv4cAS0m0.xml
xbm/xbmnOMs7QDI.xml
xbx/xbxA_v009F4.xml
xek/xekg_8JH4NU.xml
xeC/xeCfOSisLDo.xml
xf3/xf3nym3rans.xml
xfr/xfrxYuADgj4.xml
xhO/xhO8y-kg4yY.xml
xhb/xhbynTCTHyM.xml
xh3/xh3pMBkatGs.xml
xkX/xkXgPc1liyU.xml
xkW/xkWK2ditJj8.xml
xmu/xmut6QZVDss.xml
xmm/xmm6cMSKKgA.xml
xj_/xj_kXfV3kKw.xml
xji/xjiXHTRpYt8.xml
xjG/xjG8TiNOr8M.xml
xjd/xjdQWNdzNas.xml
xou/xouR1nMjR3Q.xml
xn-/xn-mhk6ti3k.xml
xrh/xrhntgw2mVg.xml
xr3/xr34KNEU7V4.xml
xr3/xr34KNEU7V4.xml
xrh/xrhntgw2mVg.xml
xqP/xqPhUMO5RY8.xml
xuO/xuONy8sRUK0.xml
xs1/xs1JTHlpdx4.xml
xsB/xsBqtCm1lyI.xml
xvP/xvPkqMzw1hQ.xml
xvr/xvrtqWqJVpE.xml
xtg/xtgsd23-h0k.xml
xxu/xxupc8gcWyc.xml
xxl/xxlRyh1srPc.xml
xyz/xyzP3uQvq8E.xml
xzd/xzdJv3zC90k.xml
xz6/xz63hSnZTio.xml
xzj/xzjU_2rAWPw.xml
y--/y--nNp8z66s.xml
y-T/y-TWyYMlCK4.xml
y29/y29lO7SphVA.xml
y5f/y5fWDYub5jo.xml
y5y/y5yIjSrYO-0.xml
y5Q/y5Qya9FvkCU.xml
y0z/y0zE6lybo7Y.xml
y0d/y0d24yxQRvM.xml
y0U/y0UfhvVwSKY.xml
y4q/y4qDaChKqLo.xml
y6B/y6Bca86pzME.xml
y6Q/y6QDo9GmitQ.xml
y7T/y7Tbz_klZJY.xml
y7t/y7tXdTxAmjg.xml
yBV/yBV-VXbLX9Y.xml
yEx/yExyYndDbfU.xml
yEp/yEpLER3cFBI.xml
yEM/yEMS-2CE_Mc.xml
yE7/yE7XVcvU4UA.xml
yC2/yC2Tc_R4MJA.xml
yC7/yC75S4HBNsg.xml
yFP/yFPgo5JfbQc.xml
yFS/yFSHCSTUHnY.xml
yHq/yHqtbV7woQ0.xml
yHe/yHechHRv0yM.xml
yK8/yK8WG_TYSlQ.xml
yKN/yKNElZcLW50.xml
yKc/yKcqIZOMWrQ.xml
yKd/yKdf3i-bcoo.xml
yJo/yJoTilLCkFo.xml
yNW/yNWZIH3nRLg.xml
yNF/yNFm97uaQEU.xml
yNi/yNiQdBblh_Y.xml
yNb/yNb4YZRgPHk.xml
yN-/yN-9-RL5F38.xml
ySm/ySmQZmbCTcg.xml
yQt/yQt8KAXzP18.xml
yZB/yZBLW-chvHw.xml
yZw/yZwZ68WSjYg.xml
yZ1/yZ1mfeuBsp0.xml
yVC/yVC7ZjMur_U.xml
yad/yad8UyOfvXY.xml
yYT/yYTlEOXPsO8.xml
y_5/y_5NgT97UVw.xml
ybn/ybnveFK6RLk.xml
yca/yca3xm5kq5w.xml
yc-/yc-16RQtEww.xml
yd0/yd0GUJa-tBc.xml
yge/ygeWsoYYMuQ.xml
yh-/yh-TDmO7LYM.xml
ykf/ykftEWjVzKE.xml
yki/ykiJ-81oPeE.xml
yjG/yjGH59hQf34.xml
yjM/yjMaWEy_-oc.xml
ylh/ylhXRoLz8a0.xml
ylX/ylXO2AcgLfQ.xml
ymm/ymmQ27HUxgw.xml
yeq/yeqV25R79h0.xml
yer/yerOcYXryn8.xml
ynZ/ynZPkZ-CB-s.xml
yog/yogscastsip.xml
yog/yogscastkim.xml
yog/yogscastsji.xml
yog/yogscastlal.xml
yor/yor1nO1z_I4.xml
yoN/yoNV_mX8yDM.xml
yop/yophEP0gIbo.xml
ytD/ytDE_qtqwYQ.xml
ytS/ytSZrEMKyE8.xml
yqB/yqBJSJtm6Qo.xml
yu6/yu6ZJ8ENaBw.xml
yrR/yrRHSm-Ikac.xml
yzV/yzV74CmAkbo.xml
z1e/z1efrS2N1m4.xml
z1A/z1A65ETwVQM.xml
z1Q/z1QqDlZOh30.xml
z-_/z-_SoqhWhaw.xml
z-M/z-MNHvImrvc.xml
yx6/yx6oyfrDGdo.xml
z0h/z0hh8Vpuvn8.xml
z0N/z0NAwPdP2t0.xml
z2e/z2eqsRWjCGA.xml
z2d/z2dYvvIKojg.xml
z2I/z2ISFnJTecU.xml
z74/z74OuLb2bFA.xml
z67/z6713bgsx64.xml
z9F/z9FSiMjnUNI.xml
z8_/z8_YqUosJ-Q.xml
z8m/z8mXX8f-djA.xml
z8g/z8gE0FJ9Vo0.xml
zCd/zCdrw0FqHQ0.xml
zCE/zCEPKLGvEzI.xml
zCj/zCj1_Mu4pQY.xml
zCt/zCtOzdO6HJc.xml
zCS/zCSFtLUiTGo.xml
zDh/zDhZjirrxiY.xml
zDd/zDd3qOjWlZg.xml
zDu/zDuBYwW001Y.xml
zBm/zBmHnvwHlfc.xml
zB7/zB7Q5baXz-Q.xml
zBK/zBKef_0BTq4.xml
zHu/zHuMBtIK1h0.xml
zFz/zFzNJ6lxQGY.xml
zFp/zFpY_kseUHc.xml
zJp/zJpdnPjuUPo.xml
zJv/zJvVjOLg0S8.xml
zIE/zIEqL_PRXgw.xml
zIl/zIldjADHyGw.xml
zI1/zI1qIOypgfU.xml
zIo/zIo97dDeqlA.xml
zK7/zK7sD91_gMs.xml
zKx/zKx96LNTOFQ.xml
zLU/zLUu9hQ3Sfg.xml
zLk/zLkZL7V4TlQ.xml
zMg/zMg6F2HyMXA.xml
zMK/zMKBK-jhHQI.xml
zMJ/zMJOMkEEaKY.xml
zN7/zN74kuVrbkE.xml
zNJ/zNJqoHszdrQ.xml
zPg/zPgNG-VxI_o.xml
zPo/zPowK0ku_qw.xml
zPP/zPPOS-T63LE.xml
zPS/zPSeGRpbgvc.xml
zV-/zV-h1SPu9E0.xml
zVh/zVhoZo4dHlE.xml
zVL/zVLE_LjkXcU.xml
zVc/zVcLSnbaLOM.xml
zQ8/zQ8CLWKk9ec.xml
zQA/zQAEy3dqIx0.xml
zUn/zUnBvTrN-Fg.xml
zXa/zXabmlkaQYo.xml
zXW/zXWw2OuSkqA.xml
zWe/zWeqsLZi2xg.xml
z_2/z_2E4pQrwHk.xml
z_Z/z_ZuGeEobrA.xml
z_m/z_mMYm3SL2E.xml
zcW/zcWh2dDHl98.xml
zdo/zdovBkK_pVc.xml
zdp/zdpnePJ5O3U.xml
zeC/zeCLf0ZcvWk.xml
zfv/zfv_EGdMFfU.xml
zf2/zf2MLaQRLec.xml
zga/zgaf6QXgawo.xml
zkb/zkb5Z_rwJLU.xml
zkE/zkEUM0SecU0.xml
zkE/zkEo-HeJg_Q.xml
zjf/zjfmHmaxFIc.xml
zjk/zjkPwO68_x8.xml
zjC/zjC6FitpDrY.xml
zlZ/zlZ2TmBI0Ao.xml
zlR/zlRmnZcI3KM.xml
zmo/zmon48Z72Ow.xml
zok/zokw46cXBRE.xml
znv/znv4E2UPPok.xml
zqK/zqKVSVfj6Vc.xml
zqA/zqAP8rIoiZY.xml
zrX/zrX72kIyZLQ.xml
zrK/zrK0cLumCx8.xml
zrP/zrPXSFuyo44.xml
zpt/zptBhcIlQgQ.xml
zvK/zvK7PHzHk4c.xml
zuE/zuE4jUvCLaE.xml
zth/zthKyss3SLU.xml
zts/ztsVkvPU2I4.xml
ztQ/ztQBdj7c9MQ.xml
zxH/zxHRJnZsinQ.xml
zxt/zxtFLrWzS2Y.xml
zxA/zxAallorFJo.xml
zy2/zy2994XuDMA.xml
zyq/zyq4upToqmo.xml
zwD/zwDzkg413ts.xml
zwQ/zwQ2iFWquE0.xml
zz7/zz7CUi2kqs4.xml
-5n/-5nkk4mlND0.xml
-Mv/-Mv0GpVkCRE.xml
-Mj/-MjIXok6ukA.xml
-BW/-BWaRbVxP1E.xml
-BI/-BIGVF-J8eY.xml
-34/-34cR7Rcc9s.xml
-3-/-3-splinter.xml
-3N/-3NwuQhUYHk.xml
-3A/-3ATFlrwaOk.xml
-2o/-2oCgp1thvs.xml
-20/-203WBDtyK8.xml
-2w/-2wxbs3LV7M.xml
-6z/-6ze94ugFxk.xml
-6f/-6fTOX5UbgI.xml
-6G/-6GlsSioVfE.xml
-Dv/-Dv-3QEJu7c.xml
-Dg/-Dgmy7fc6aY.xml
-Dq/-DqWNt7EoUc.xml
-ZR/-ZRUi_6gAH4.xml
-Zt/-ZtZAxWFTAQ.xml
-gf/-gfrOEPcKhI.xml
-mK/-mK_Lj4Fnfg.xml
-ew/-ewP2HwKst8.xml
-qS/-qSbmmh97sQ.xml
-wb/-wblfQjVWmY.xml
-wQ/-wQnsJG8VFA.xml
-wd/-wdfLkhNbdo.xml
-uY/-uY18JdsUsU.xml
-up/-upHrVEE1Ks.xml
-zA/-zAEXCAlla8.xml
-zJ/-zJPQvhgHws.xml
-xN/-xNd36JKoVo.xml
-xJ/-xJicfGjmB4.xml
-xr/-xruoATMSO0.xml
-xu/-xu3JLXfuwQ.xml
0-9/0-99Hzi0O80.xml
06V/06Vash1y3rE.xml
05j/05jC7XauHgo.xml
05m/05mGDjIanuE.xml
05O/05O1JMQ74Ao.xml
08Q/08Q1FtMDC5M.xml
08Q/08Q1FtMDC5M.xml
03C/03CnirSkpgs.xml
0IN/0INcE_9ZGgw.xml
0IC/0ICWFfHbPTw.xml
0K2/0K2ns4Ud6A0.xml
0Kg/0Kgc_kYJyqA.xml
0K2/0K2K1lDyDJE.xml
0K8/0K8qC9ExaDw.xml
0QU/0QU7uSie0KI.xml
0QW/0QW0zmJLeeQ.xml
0QO/0QO0p3CXUpc.xml
0Tl/0TllYjOdkfU.xml
0TO/0TOKY_vqAzk.xml
0Tx/0TxQk-WsJCM.xml
0V4/0V4fHj5FmNA.xml
0VV/0VVXPp95U8w.xml
0V8/0V8Hc4UaCKw.xml
0V-/0V-fYN-r2TE.xml
0VH/0VH40jXgjxc.xml
0VC/0VC4kvmjLck.xml
0Yu/0YuXDbqg8z4.xml
0lm/0lm2ZOn5uok.xml
0pb/0pbQUz49bhU.xml
0pr/0prXkrS5pBg.xml
0p6/0p621ZvbBJ4.xml
0rb/0rb29B1x39c.xml
0vp/0vptD2kmJdE.xml
0vV/0vV6U4bPEd0.xml
0qv/0qv-PonOKTg.xml
0qW/0qWR84y5Yqw.xml
17C/17CDwLnjLLg.xml
16P/16PzWi7BTEc.xml
16b/16bHxQ_q5lw.xml
1B3/1B3e6yX0SoE.xml
1E9/1E9LSB5Dgtg.xml
1EW/1EWJEDqTPsE.xml
1EG/1EGyH9RS0vM.xml
1Fk/1FkfiDurQ9A.xml
1FM/1FMg-2UAOCQ.xml
1KY/1KYKXd_Atf0.xml
1Ki/1Ki5SRR6iIw.xml
1Kn/1Kn17dd4bPI.xml
1KP/1KP95UNTACY.xml
1Ki/1Kia4mjQSwE.xml
1Ny/1Ny5rrS3JP8.xml
1NN/1NN9F1KxR10.xml
1Nw/1Nw9mv2HNLY.xml
1Od/1OdB3uBWvjM.xml
1OT/1OTcxLc5Pt4.xml
1ON/1ONS7Attmps.xml
1Pi/1Pij8TxRNLs.xml
1Pi/1PifuBsHNLM.xml
1TH/1THGjKjmHvE.xml
1Yn/1YnPnzlvaDw.xml
1Y1/1Y1l_NBJ8rw.xml
1Vq/1VqF-lvurnw.xml
1Vo/1VoNZXnZrJ8.xml
1aB/1aBaX9GPSaQ.xml
1_p/1_pF64ggMJk.xml
1_e/1_eqLoVt60U.xml
1_F/1_FLgOA9A2I.xml
1dl/1dlqXE0OFWI.xml
1d4/1d4sps0hc5w.xml
1eL/1eLWMpF-0io.xml
1ti/1ti9VaXEjlA.xml
1tq/1tq7pc8Mvqk.xml
1tX/1tX15b21KC0.xml
1zC/1zC_IRnfNZE.xml
1zm/1zmWAn-2pWI.xml
1wD/1wDsQvo7FRo.xml
24p/24prm3XjVgk.xml
29S/29ShTUF0ULc.xml
29q/29qr9iGb1Gw.xml
29S/29S1jZzOFyI.xml
2HD/2HDTJSAQas8.xml
2T2/2T2I5K_EXS0.xml
2Mb/2MbRFSzmYmY.xml
2Mv/2MvRZkmBlss.xml
2WS/2WSTTKHTpps.xml
2WY/2WYGh1HZ6VQ.xml
2cV/2cVuuaZM5GU.xml
2c6/2c6RsOMfap4.xml
2cT/2cTJNEKg9_s.xml
2hw/2hwrKzRFcKI.xml
2hu/2huaYSvThk0.xml
2hc/2hcMuJVzDBo.xml
2hz/2hzhinVRIMQ.xml
2kW/2kWl1A7vThk.xml
2rD/2rDnoBTIGbM.xml
2wN/2wNTu1DrOJQ.xml
2oZ/2oZpJYW-A0M.xml
2oe/2oeeF9V8BKw.xml
2uK/2uK6AldsGz4.xml
3-o/3-oLYMTQgP0.xml
30U/30UiFesw8UM.xml
31j/31jxinzBT7c.xml
31R/31Ri8A2gVXE.xml
31D/31D9IWj1c0U.xml
31r/31rwhZyvjBg.xml
34G/34G3N2DSRg0.xml
34O/34Os97OD-h8.xml
36a/36a7UHJNCRs.xml
36s/36sHoA2TVcI.xml
36w/36wXwquQ2hY.xml
3DD/3DDFdp6R3Hs.xml
3D_/3D_w7Y2KpL4.xml
3H5/3H5u_-ExnZU.xml
3N7/3N7MDvVBRJg.xml
3NI/3NIddgFD4is.xml
3Ux/3UxcoL2Fi94.xml
3UR/3URDrD1_gmw.xml
3_K/3_KFq7y3l1I.xml
3_G/3_G6iJwAG5A.xml
3fS/3fSkz2boMy8.xml
3XZ/3XZwybblPpc.xml
3VW/3VWajkEhf8g.xml
3gH/3gHb0FjRpnw.xml
3h6/3h6uDmaAEbM.xml
3h_/3h_KGSCIYWs.xml
3hs/3hs_Hxdacsw.xml
3kt/3kttNEKO57Y.xml
3qm/3qmhM9ok6U4.xml
3qi/3qid2AMHC8w.xml
3u1/3u1V-N4Foms.xml
3vJ/3vJQCpf0BLw.xml
3vx/3vxCtvFMrdE.xml
457/457DkbYA-qU.xml
459/459x22R1hKU.xml
49t/49tOAZDfYwQ.xml
499/499khLuM6eE.xml
4-i/4-i9bR4VGng.xml
4-t/4-tiVpO91so.xml
4GV/4GVhVvTy5qE.xml
4Gl/4GledKKz6LE.xml
4BD/4BD4xmeohVc.xml
4Be/4BetZHUfqyQ.xml
4Bc/4BcgkwTFedM.xml
4Ba/4BamqM-t7eg.xml
4S8/4S8R0I6P6FY.xml
4ZC/4ZCpZXwLCqo.xml
4Zh/4ZhNp2ii3Qk.xml
4bt/4btAruO8RzY.xml
4bP/4bPhyZ-0NBk.xml
4bf/4bfED3SVfLw.xml
4bI/4bIrWryFc7A.xml
